Component: ARM Compiler 5.05 update 1 (build 106) Tool: armlink [4d0efa]

==============================================================================

Section Cross References

    main.o(i.DisplayShowTestPage) refers to display.o(i.DrawPage) for DrawPage
    main.o(i.InitLED) refers to stm32f10x_rcc.o(i.RCC_APB2PeriphClockCmd) for RCC_APB2PeriphClockCmd
    main.o(i.InitLED) refers to stm32f10x_gpio.o(i.GPIO_Init) for GPIO_Init
    main.o(i.InitLED) refers to stm32f10x_gpio.o(i.GPIO_SetBits) for GPIO_SetBits
    main.o(i.LoadNextFile) refers to _printf_percent.o(.ARM.Collect$$_printf_percent$$00000000) for _printf_percent
    main.o(i.LoadNextFile) refers to _printf_d.o(.ARM.Collect$$_printf_percent$$00000009) for _printf_d
    main.o(i.LoadNextFile) refers to _printf_dec.o(.text) for _printf_int_dec
    main.o(i.LoadNextFile) refers to _printf_s.o(.ARM.Collect$$_printf_percent$$00000014) for _printf_s
    main.o(i.LoadNextFile) refers to _printf_str.o(.text) for _printf_str
    main.o(i.LoadNextFile) refers to _printf_c.o(.ARM.Collect$$_printf_percent$$00000013) for _printf_c
    main.o(i.LoadNextFile) refers to _printf_pad.o(.text) for _printf_pre_padding
    main.o(i.LoadNextFile) refers to _printf_x.o(.ARM.Collect$$_printf_percent$$0000000C) for _printf_x
    main.o(i.LoadNextFile) refers to _printf_hex_int.o(.text) for _printf_longlong_hex
    main.o(i.LoadNextFile) refers to rt_memclr_w.o(.text) for __aeabi_memclr4
    main.o(i.LoadNextFile) refers to malloc.o(i.mymalloc) for mymalloc
    main.o(i.LoadNextFile) refers to noretval__2printf.o(.text) for __2printf
    main.o(i.LoadNextFile) refers to ff.o(i.f_opendir) for f_opendir
    main.o(i.LoadNextFile) refers to main.o(i.PrintMsg) for PrintMsg
    main.o(i.LoadNextFile) refers to ff.o(i.f_readdir) for f_readdir
    main.o(i.LoadNextFile) refers to strlen.o(.text) for strlen
    main.o(i.LoadNextFile) refers to main.o(i.strcasecmp) for strcasecmp
    main.o(i.LoadNextFile) refers to noretval__2sprintf.o(.text) for __2sprintf
    main.o(i.LoadNextFile) refers to ff.o(i.f_open) for f_open
    main.o(i.LoadNextFile) refers to malloc.o(i.myfree) for myfree
    main.o(i.LoadNextFile) refers to ff.o(i.f_read) for f_read
    main.o(i.LoadNextFile) refers to ff.o(i.f_close) for f_close
    main.o(i.LoadNextFile) refers to main.o(i.StartPlayback) for StartPlayback
    main.o(i.LoadNextFile) refers to main.o(.data) for playbackState
    main.o(i.LoadNextFile) refers to exfuns.o(.bss) for fileinfo
    main.o(i.LoadNextFile) refers to exfuns.o(.data) for br
    main.o(i.LoadNextFile) refers to main.o(.bss) for PCMBuffer
    main.o(i.PrintMsg) refers to display.o(i.WriteDisplayNoClear) for WriteDisplayNoClear
    main.o(i.PrintMsg) refers to main.o(.data) for curlog
    main.o(i.ScanKeys) refers to _printf_percent.o(.ARM.Collect$$_printf_percent$$00000000) for _printf_percent
    main.o(i.ScanKeys) refers to _printf_d.o(.ARM.Collect$$_printf_percent$$00000009) for _printf_d
    main.o(i.ScanKeys) refers to _printf_dec.o(.text) for _printf_int_dec
    main.o(i.ScanKeys) refers to key.o(i.KEY_Scan) for KEY_Scan
    main.o(i.ScanKeys) refers to noretval__2printf.o(.text) for __2printf
    main.o(i.ScanKeys) refers to h1_free.o(.text) for free
    main.o(i.StartPlayback) refers to main.o(.data) for currnetVGMIndex
    main.o(i.TIM4_IRQHandler) refers to stm32f10x_tim.o(i.TIM_GetITStatus) for TIM_GetITStatus
    main.o(i.TIM4_IRQHandler) refers to stm32f10x_tim.o(i.TIM_ClearITPendingBit) for TIM_ClearITPendingBit
    main.o(i.TIM4_IRQHandler) refers to main.o(i.Tick) for Tick
    main.o(i.TIM4_IRQHandler) refers to main.o(.data) for playbackState
    main.o(i.TIM4_IRQHandler) refers to main.o(.bss) for PCMBuffer
    main.o(i.TestSDCard) refers to _printf_percent.o(.ARM.Collect$$_printf_percent$$00000000) for _printf_percent
    main.o(i.TestSDCard) refers to _printf_d.o(.ARM.Collect$$_printf_percent$$00000009) for _printf_d
    main.o(i.TestSDCard) refers to _printf_dec.o(.text) for _printf_int_dec
    main.o(i.TestSDCard) refers to w25qxx.o(i.W25QXX_Init) for W25QXX_Init
    main.o(i.TestSDCard) refers to sram.o(i.FSMC_SRAM_Init) for FSMC_SRAM_Init
    main.o(i.TestSDCard) refers to malloc.o(i.my_mem_init) for my_mem_init
    main.o(i.TestSDCard) refers to noretval__2printf.o(.text) for __2printf
    main.o(i.TestSDCard) refers to exfuns.o(i.exfuns_init) for exfuns_init
    main.o(i.TestSDCard) refers to ff.o(i.f_mount) for f_mount
    main.o(i.TestSDCard) refers to delay.o(i.delay_ms) for delay_ms
    main.o(i.TestSDCard) refers to ff.o(i.f_mkfs) for f_mkfs
    main.o(i.TestSDCard) refers to ff.o(i.f_setlabel) for f_setlabel
    main.o(i.TestSDCard) refers to exfuns.o(i.exf_getfree) for exf_getfree
    main.o(i.TestSDCard) refers to main.o(i.PrintMsg) for PrintMsg
    main.o(i.TestSDCard) refers to main.o(i.LoadNextFile) for LoadNextFile
    main.o(i.TestSDCard) refers to exfuns.o(.data) for fs
[...]
    ../clib/heapaux.c                        0x00000000   Number         0  heapauxi.o ABSOLUTE
    ../clib/libinit.s                        0x00000000   Number         0  libinit.o ABSOLUTE
    ../clib/libinit.s                        0x00000000   Number         0  libshutdown.o ABSOLUTE
    ../clib/libinit.s                        0x00000000   Number         0  libinit2.o ABSOLUTE
    ../clib/libinit.s                        0x00000000   Number         0  libshutdown2.o ABSOLUTE
    ../clib/longlong.s                       0x00000000   Number         0  lludivv7m.o ABSOLUTE
    ../clib/longlong.s                       0x00000000   Number         0  llsdiv.o ABSOLUTE
    ../clib/memcpset.s                       0x00000000   Number         0  rt_memclr.o ABSOLUTE
    ../clib/memcpset.s                       0x00000000   Number         0  rt_memcpy_w.o ABSOLUTE
    ../clib/memcpset.s                       0x00000000   Number         0  strcmpv7m.o ABSOLUTE
    ../clib/memcpset.s                       0x00000000   Number         0  rt_memclr_w.o ABSOLUTE
    ../clib/memcpset.s                       0x00000000   Number         0  aeabi_memset.o ABSOLUTE
    ../clib/memcpset.s                       0x00000000   Number         0  rt_memcpy_v6.o ABSOLUTE
    ../clib/misc.s                           0x00000000   Number         0  printf_stubs.o ABSOLUTE
    ../clib/printf.c                         0x00000000   Number         0  __2printf.o ABSOLUTE
    ../clib/printf.c                         0x00000000   Number         0  _printf_char_common.o ABSOLUTE
    ../clib/printf.c                         0x00000000   Number         0  _printf_intcommon.o ABSOLUTE
    ../clib/printf.c                         0x00000000   Number         0  _sputc.o ABSOLUTE
    ../clib/printf.c                         0x00000000   Number         0  noretval__2printf.o ABSOLUTE
    ../clib/printf.c                         0x00000000   Number         0  _printf_char.o ABSOLUTE
    ../clib/printf.c                         0x00000000   Number         0  _printf_char_file.o ABSOLUTE
    ../clib/printf.c                         0x00000000   Number         0  noretval__2sprintf.o ABSOLUTE
    ../clib/printf.c                         0x00000000   Number         0  __printf_nopercent.o ABSOLUTE
    ../clib/printf.c                         0x00000000   Number         0  __2sprintf.o ABSOLUTE
    ../clib/printf.c                         0x00000000   Number         0  __printf_flags_ss_wp.o ABSOLUTE
    ../clib/printf.c                         0x00000000   Number         0  __printf_ss_wp.o ABSOLUTE
    ../clib/printf.c                         0x00000000   Number         0  __printf_flags_wp.o ABSOLUTE
    ../clib/printf.c                         0x00000000   Number         0  __printf_wp.o ABSOLUTE
    ../clib/printf.c                         0x00000000   Number         0  __printf_flags_ss.o ABSOLUTE
    ../clib/printf.c                         0x00000000   Number         0  __printf_ss.o ABSOLUTE
    ../clib/printf.c                         0x00000000   Number         0  __printf_flags.o ABSOLUTE
    ../clib/printf.c                         0x00000000   Number         0  _printf_hex_int_ll_ptr.o ABSOLUTE
    ../clib/printf.c                         0x00000000   Number         0  _printf_hex_ll_ptr.o ABSOLUTE
    ../clib/printf.c                         0x00000000   Number         0  _printf_hex_int_ptr.o ABSOLUTE
    ../clib/printf.c                         0x00000000   Number         0  _printf_hex_ptr.o ABSOLUTE
    ../clib/printf.c                         0x00000000   Number         0  _printf_hex_int_ll.o ABSOLUTE
    ../clib/printf.c                         0x00000000   Number         0  _printf_hex_int.o ABSOLUTE
    ../clib/printf.c                         0x00000000   Number         0  _printf_hex_ll.o ABSOLUTE
    ../clib/printf.c                         0x00000000   Number         0  _printf_dec.o ABSOLUTE
    ../clib/printf.c                         0x00000000   Number         0  _printf_str.o ABSOLUTE
    ../clib/printf.c                         0x00000000   Number         0  _printf_pad.o ABSOLUTE
    ../clib/printf.c                         0x00000000   Number         0  __printf.o ABSOLUTE
    ../clib/printf_percent.s                 0x00000000   Number         0  _printf_s.o ABSOLUTE
    ../clib/printf_percent.s                 0x00000000   Number         0  _printf_c.o ABSOLUTE
    ../clib/printf_percent.s                 0x00000000   Number         0  _printf_percent_end.o ABSOLUTE
    ../clib/printf_percent.s                 0x00000000   Number         0  _printf_percent.o ABSOLUTE
    ../clib/printf_percent.s                 0x00000000   Number         0  _printf_d.o ABSOLUTE
    ../clib/printf_percent.s                 0x00000000   Number         0  _printf_x.o ABSOLUTE
    ../clib/signal.c                         0x00000000   Number         0  __raise.o ABSOLUTE
    ../clib/signal.c                         0x00000000   Number         0  defsig_general.o ABSOLUTE
    ../clib/signal.c                         0x00000000   Number         0  defsig_fpe_outer.o ABSOLUTE
    ../clib/signal.c                         0x00000000   Number         0  defsig_fpe_formal.o ABSOLUTE
    ../clib/signal.c                         0x00000000   Number         0  defsig_segv_inner.o ABSOLUTE
    ../clib/signal.c                         0x00000000   Number         0  defsig_other.o ABSOLUTE
    ../clib/signal.c                         0x00000000   Number         0  defsig_fpe_inner.o ABSOLUTE
    ../clib/signal.c                         0x00000000   Number         0  defsig_exit.o ABSOLUTE
    ../clib/signal.c                         0x00000000   Number         0  defsig_rtmem_inner.o ABSOLUTE
    ../clib/signal.c                         0x00000000   Number         0  defsig_abrt_inner.o ABSOLUTE
    ../clib/signal.c                         0x00000000   Number         0  defsig_rtmem_formal.o ABSOLUTE
    ../clib/signal.c                         0x00000000   Number         0  defsig_stak_inner.o ABSOLUTE
    ../clib/signal.c                         0x00000000   Number         0  defsig_rtmem_outer.o ABSOLUTE
    ../clib/signal.c                         0x00000000   Number         0  defsig_rtred_inner.o ABSOLUTE
    ../clib/signal.c                         0x00000000   Number         0  defsig_pvfn_inner.o ABSOLUTE
    ../clib/signal.c                         0x00000000   Number         0  defsig_cppl_inner.o ABSOLUTE
    ../clib/signal.s                         0x00000000   Number         0  defsig.o ABSOLUTE
    ../clib/stdio.c                          0x00000000   Number         0  ferror_locked.o ABSOLUTE
    ../clib/stdio.c                          0x00000000   Number         0  ferror.o ABSOLUTE
    ../clib/stdlib.c                         0x00000000   Number         0  rand.o ABSOLUTE
    ../clib/stdlib.c                         0x00000000   Number         0  rand.o ABSOLUTE
    ../clib/stdlib.c                         0x00000000   Number         0  exit.o ABSOLUTE
    ../clib/string.c                         0x00000000   Number         0  strlen.o ABSOLUTE
    ../clib/string.c                         0x00000000   Number         0  strcpy.o ABSOLUTE
    ../fplib/fpinit.s                        0x00000000   Number         0  fpinit.o ABSOLUTE
    ..\CORE\core_cm3.c                       0x00000000   Number         0  core_cm3.o ABSOLUTE
    ..\CORE\startup_stm32f10x_hd.s           0x00000000   Number         0  startup_stm32f10x_hd.o ABSOLUTE
    ..\FATFS\exfuns\exfuns.c                 0x00000000   Number         0  exfuns.o ABSOLUTE
    ..\FATFS\exfuns\fattester.c              0x00000000   Number         0  fattester.o ABSOLUTE
    ..\FATFS\src\diskio.c                    0x00000000   Number         0  diskio.o ABSOLUTE
    ..\FATFS\src\ff.c                        0x00000000   Number         0  ff.o ABSOLUTE
    ..\FATFS\src\option\mycc936.c            0x00000000   Number         0  mycc936.o ABSOLUTE
    ..\MALLOC\malloc.c                       0x00000000   Number         0  malloc.o ABSOLUTE
    ..\OLED\BSP\display.c                    0x00000000   Number         0  display.o ABSOLUTE
    ..\OLED\Driver\iic.c                     0x00000000   Number         0  iic.o ABSOLUTE
    ..\OLED\fonts.c                          0x00000000   Number         0  fonts.o ABSOLUTE
    ..\OLED\ssd1306.c                        0x00000000   Number         0  ssd1306.o ABSOLUTE
    ..\STM32F10x_FWLib\src\misc.c            0x00000000   Number         0  misc.o ABSOLUTE
    ..\STM32F10x_FWLib\src\stm32f10x_adc.c   0x00000000   Number         0  stm32f10x_adc.o ABSOLUTE
    ..\STM32F10x_FWLib\src\stm32f10x_bkp.c   0x00000000   Number         0  stm32f10x_bkp.o ABSOLUTE
    ..\STM32F10x_FWLib\src\stm32f10x_can.c   0x00000000   Number         0  stm32f10x_can.o ABSOLUTE
    ..\STM32F10x_FWLib\src\stm32f10x_cec.c   0x00000000   Number         0  stm32f10x_cec.o ABSOLUTE
    ..\STM32F10x_FWLib\src\stm32f10x_crc.c   0x00000000   Number         0  stm32f10x_crc.o ABSOLUTE
    ..\STM32F10x_FWLib\src\stm32f10x_dac.c   0x00000000   Number         0  stm32f10x_dac.o ABSOLUTE
    ..\STM32F10x_FWLib\src\stm32f10x_dbgmcu.c 0x00000000   Number         0  stm32f10x_dbgmcu.o ABSOLUTE
    ..\STM32F10x_FWLib\src\stm32f10x_dma.c   0x00000000   Number         0  stm32f10x_dma.o ABSOLUTE
    ..\STM32F10x_FWLib\src\stm32f10x_exti.c  0x00000000   Number         0  stm32f10x_exti.o ABSOLUTE
    ..\STM32F10x_FWLib\src\stm32f10x_flash.c 0x00000000   Number         0  stm32f10x_flash.o ABSOLUTE
    ..\STM32F10x_FWLib\src\stm32f10x_fsmc.c  0x00000000   Number         0  stm32f10x_fsmc.o ABSOLUTE
    ..\STM32F10x_FWLib\src\stm32f10x_gpio.c  0x00000000   Number         0  stm32f10x_gpio.o ABSOLUTE
    ..\STM32F10x_FWLib\src\stm32f10x_i2c.c   0x00000000   Number         0  stm32f10x_i2c.o ABSOLUTE
    ..\STM32F10x_FWLib\src\stm32f10x_iwdg.c  0x00000000   Number         0  stm32f10x_iwdg.o ABSOLUTE
    ..\STM32F10x_FWLib\src\stm32f10x_pwr.c   0x00000000   Number         0  stm32f10x_pwr.o ABSOLUTE
    ..\STM32F10x_FWLib\src\stm32f10x_rcc.c   0x00000000   Number         0  stm32f10x_rcc.o ABSOLUTE
    ..\STM32F10x_FWLib\src\stm32f10x_rtc.c   0x00000000   Number         0  stm32f10x_rtc.o ABSOLUTE
    ..\STM32F10x_FWLib\src\stm32f10x_sdio.c  0x00000000   Number         0  stm32f10x_sdio.o ABSOLUTE
    ..\STM32F10x_FWLib\src\stm32f10x_spi.c   0x00000000   Number         0  stm32f10x_spi.o ABSOLUTE
    ..\STM32F10x_FWLib\src\stm32f10x_tim.c   0x00000000   Number         0  stm32f10x_tim.o ABSOLUTE
    ..\STM32F10x_FWLib\src\stm32f10x_usart.c 0x00000000   Number         0  stm32f10x_usart.o ABSOLUTE
    ..\STM32F10x_FWLib\src\stm32f10x_wwdg.c  0x00000000   Number         0  stm32f10x_wwdg.o ABSOLUTE
    ..\SYSTEM\delay\delay.c                  0x00000000   Number         0  delay.o ABSOLUTE
    ..\SYSTEM\sys\sys.c                      0x00000000   Number         0  sys.o ABSOLUTE
    ..\SYSTEM\usart\usart.c                  0x00000000   Number         0  usart.o ABSOLUTE
    ..\\CORE\\core_cm3.c                     0x00000000   Number         0  core_cm3.o ABSOLUTE
    ..\\SYSTEM\\sys\\sys.c                   0x00000000   Number         0  sys.o ABSOLUTE
    KEY\key.c                                0x00000000   Number         0  key.o ABSOLUTE
    SDIO\sdio_sdcard.c                       0x00000000   Number         0  sdio_sdcard.o ABSOLUTE
    SN76496.c                                0x00000000   Number         0  sn76496.o ABSOLUTE
    SPI\spi.c                                0x00000000   Number         0  spi.o ABSOLUTE
    SRAM\sram.c                              0x00000000   Number         0  sram.o ABSOLUTE
    W25QXX\w25qxx.c                          0x00000000   Number         0  w25qxx.o ABSOLUTE
    YM2612.c                                 0x00000000   Number         0  ym2612.o ABSOLUTE
    dc.s                                     0x00000000   Number         0  dc.o ABSOLUTE
    main.c                                   0x00000000   Number         0  main.o ABSOLUTE
    pwm.c                                    0x00000000   Number         0  pwm.o ABSOLUTE
    stm32f10x_it.c                           0x00000000   Number         0  stm32f10x_it.o ABSOLUTE
    system_stm32f10x.c                       0x00000000   Number         0  system_stm32f10x.o ABSOLUTE
    RESET                                    0x08000000   Section      304  startup_stm32f10x_hd.o(RESET)
    !!!main                                  0x08000130   Section        8  __main.o(!!!main)
    !!!scatter                               0x08000138   Section       52  __scatter.o(!!!scatter)
    !!handler_copy                           0x0800016c   Section       26  __scatter_copy.o(!!handler_copy)
    !!handler_zi                             0x08000188   Section       28  __scatter_zi.o(!!handler_zi)
    .ARM.Collect$$_printf_percent$$00000000  0x080001a4   Section        0  _printf_percent.o(.ARM.Collect$$_printf_percent$$00000000)
    .ARM.Collect$$_printf_percent$$00000009  0x080001a4   Section        6  _printf_d.o(.ARM.Collect$$_printf_percent$$00000009)
    .ARM.Collect$$_printf_percent$$00000017  0x080001aa   Section        4  _printf_percent_end.o(.ARM.Collect$$_printf_percent$$00000017)
    .ARM.Collect$$libinit$$00000000          0x080001ae   Section        2  libinit.o(.ARM.Collect$$libinit$$00000000)
    .ARM.Collect$$libinit$$00000002          0x080001b0   Section        0  libinit2.o(.ARM.Collect$$libinit$$00000002)
    .ARM.Collect$$libinit$$00000004          0x080001b0   Section        0  libinit2.o(.ARM.Collect$$libinit$$00000004)
    .ARM.Collect$$libinit$$0000000A          0x080001b0   Section        0  libinit2.o(.ARM.Collect$$libinit$$0000000A)
    .ARM.Collect$$libinit$$0000000C          0x080001b0   Section        0  libinit2.o(.ARM.Collect$$libinit$$0000000C)
    .ARM.Collect$$libinit$$0000000E          0x080001b0   Section        0  libinit2.o(.ARM.Collect$$libinit$$0000000E)
    .ARM.Collect$$libinit$$00000011          0x080001b0   Section        0  libinit2.o(.ARM.Collect$$libinit$$00000011)
    .ARM.Collect$$libinit$$00000013          0x080001b0   Section        0  libinit2.o(.ARM.Collect$$libinit$$00000013)
    .ARM.Collect$$libinit$$00000015          0x080001b0   Section        0  libinit2.o(.ARM.Collect$$libinit$$00000015)
    .ARM.Collect$$libinit$$00000017          0x080001b0   Section        0  libinit2.o(.ARM.Collect$$libinit$$00000017)
    .ARM.Collect$$libinit$$00000019          0x080001b0   Section        0  libinit2.o(.ARM.Collect$$libinit$$00000019)
    .ARM.Collect$$libinit$$0000001B          0x080001b0   Section        0  libinit2.o(.ARM.Collect$$libinit$$0000001B)
    .ARM.Collect$$libinit$$0000001D          0x080001b0   Section        0  libinit2.o(.ARM.Collect$$libinit$$0000001D)
    .ARM.Collect$$libinit$$0000001F          0x080001b0   Section        0  libinit2.o(.ARM.Collect$$libinit$$0000001F)
    .ARM.Collect$$libinit$$00000021          0x080001b0   Section        0  libinit2.o(.ARM.Collect$$libinit$$00000021)
    .ARM.Collect$$libinit$$00000023          0x080001b0   Section        0  libinit2.o(.ARM.Collect$$libinit$$00000023)
    .ARM.Collect$$libinit$$00000025          0x080001b0   Section        0  libinit2.o(.ARM.Collect$$libinit$$00000025)
    .ARM.Collect$$libinit$$0000002C          0x080001b0   Section        0  libinit2.o(.ARM.Collect$$libinit$$0000002C)
    .ARM.Collect$$libinit$$0000002E          0x080001b0   Section        0  libinit2.o(.ARM.Collect$$libinit$$0000002E)
    .ARM.Collect$$libinit$$00000030          0x080001b0   Section        0  libinit2.o(.ARM.Collect$$libinit$$00000030)
    .ARM.Collect$$libinit$$00000032          0x080001b0   Section        0  libinit2.o(.ARM.Collect$$libinit$$00000032)
    .ARM.Collect$$libinit$$00000033          0x080001b0   Section        2  libinit2.o(.ARM.Collect$$libinit$$00000033)
    .ARM.Collect$$libshutdown$$00000000      0x080001b2   Section        2  libshutdown.o(.ARM.Collect$$libshutdown$$00000000)
    .ARM.Collect$$libshutdown$$00000003      0x080001b4   Section        0  libshutdown2.o(.ARM.Collect$$libshutdown$$00000003)
    .ARM.Collect$$libshutdown$$00000006      0x080001b4   Section        0  libshutdown2.o(.ARM.Collect$$libshutdown$$00000006)
    .ARM.Collect$$libshutdown$$00000009      0x080001b4   Section        0  libshutdown2.o(.ARM.Collect$$libshutdown$$00000009)
    .ARM.Collect$$libshutdown$$0000000B      0x080001b4   Section        0  libshutdown2.o(.ARM.Collect$$libshutdown$$0000000B)
    .ARM.Collect$$libshutdown$$0000000E      0x080001b4   Section        0  libshutdown2.o(.ARM.Collect$$libshutdown$$0000000E)
    .ARM.Collect$$libshutdown$$0000000F      0x080001b4   Section        2  libshutdown2.o(.ARM.Collect$$libshutdown$$0000000F)
    .ARM.Collect$$rtentry$$00000000          0x080001b6   Section        0  __rtentry.o(.ARM.Collect$$rtentry$$00000000)
    .ARM.Collect$$rtentry$$00000002          0x080001b6   Section        0  __rtentry2.o(.ARM.Collect$$rtentry$$00000002)
    .ARM.Collect$$rtentry$$00000004          0x080001b6   Section        6  __rtentry4.o(.ARM.Collect$$rtentry$$00000004)
    .ARM.Collect$$rtentry$$00000009          0x080001bc   Section        0  __rtentry2.o(.ARM.Collect$$rtentry$$00000009)
    .ARM.Collect$$rtentry$$0000000A          0x080001bc   Section        4  __rtentry2.o(.ARM.Collect$$rtentry$$0000000A)
    .ARM.Collect$$rtentry$$0000000C          0x080001c0   Section        0  __rtentry2.o(.ARM.Collect$$rtentry$$0000000C)
    .ARM.Collect$$rtentry$$0000000D          0x080001c0   Section        8  __rtentry2.o(.ARM.Collect$$rtentry$$0000000D)
    .ARM.Collect$$rtexit$$00000000           0x080001c8   Section        2  rtexit.o(.ARM.Collect$$rtexit$$00000000)
    .ARM.Collect$$rtexit$$00000002           0x080001ca   Section        0  rtexit2.o(.ARM.Collect$$rtexit$$00000002)
    .ARM.Collect$$rtexit$$00000003           0x080001ca   Section        4  rtexit2.o(.ARM.Collect$$rtexit$$00000003)
    .ARM.Collect$$rtexit$$00000004           0x080001ce   Section        6  rtexit2.o(.ARM.Collect$$rtexit$$00000004)
    .text                                    0x080001d4   Section       64  startup_stm32f10x_hd.o(.text)
    .text                                    0x08000214   Section        2  use_no_semi_2.o(.text)
    .text                                    0x08000216   Section        0  h1_free.o(.text)
    .text                                    0x08000264   Section        0  noretval__2printf.o(.text)
    .text                                    0x0800027c   Section        0  _printf_dec.o(.text)
    .text                                    0x080002f4   Section        0  __printf_flags_ss_wp.o(.text)
    .text                                    0x0800047c   Section       16  aeabi_memset.o(.text)
    .text                                    0x0800048c   Section       78  rt_memclr_w.o(.text)
    .text                                    0x080004da   Section        0  heapauxi.o(.text)
    .text                                    0x080004e0   Section        2  use_no_semi.o(.text)
    .text                                    0x080004e4   Section        8  rt_heap_descriptor_intlibspace.o(.text)
    .text                                    0x080004ec   Section        0  _printf_intcommon.o(.text)
    .text                                    0x080005a0   Section        0  _printf_char_common.o(.text)
    _printf_input_char                       0x080005a1   Thumb Code    10  _printf_char_common.o(.text)
    .text                                    0x080005d0   Section        0  _printf_char_file.o(.text)
    .text                                    0x080005f4   Section       68  rt_memclr.o(.text)
    .text                                    0x08000638   Section        8  libspace.o(.text)
    .text                                    0x08000640   Section        0  ferror.o(.text)
    .text                                    0x08000648   Section       74  sys_stackheap_outer.o(.text)
    .text                                    0x08000692   Section        0  exit.o(.text)
    i.BusFault_Handler                       0x0800069e   Section        0  stm32f10x_it.o(i.BusFault_Handler)
    i.CmdResp1Error                          0x080006a4   Section        0  sdio_sdcard.o(i.CmdResp1Error)
    i.DebugMon_Handler                       0x08000704   Section        0  stm32f10x_it.o(i.DebugMon_Handler)
    i.GPIO_Configuration                     0x08000708   Section        0  pwm.o(i.GPIO_Configuration)
    i.GPIO_Init                              0x0800072c   Section        0  stm32f10x_gpio.o(i.GPIO_Init)
    i.GPIO_ReadInputDataBit                  0x08000842   Section        0  stm32f10x_gpio.o(i.GPIO_ReadInputDataBit)
    i.GPIO_SetBits                           0x08000854   Section        0  stm32f10x_gpio.o(i.GPIO_SetBits)
    i.GPIO_WriteBit                          0x08000858   Section        0  stm32f10x_gpio.o(i.GPIO_WriteBit)
    i.HardFault_Handler                      0x08000862   Section        0  stm32f10x_it.o(i.HardFault_Handler)
    i.I2C_CheckEvent                         0x08000866   Section        0  stm32f10x_i2c.o(i.I2C_CheckEvent)
    i.I2C_Cmd                                0x08000890   Section        0  stm32f10x_i2c.o(i.I2C_Cmd)
    i.I2C_DeInit                             0x080008a8   Section        0  stm32f10x_i2c.o(i.I2C_DeInit)
    i.I2C_GenerateSTART                      0x080008e0   Section        0  stm32f10x_i2c.o(i.I2C_GenerateSTART)
    i.I2C_GenerateSTOP                       0x080008f8   Section        0  stm32f10x_i2c.o(i.I2C_GenerateSTOP)
    i.I2C_GetFlagStatus                      0x08000910   Section        0  stm32f10x_i2c.o(i.I2C_GetFlagStatus)
    i.I2C_Init                               0x0800094c   Section        0  stm32f10x_i2c.o(i.I2C_Init)
    i.I2C_Send7bitAddress                    0x08000a38   Section        0  stm32f10x_i2c.o(i.I2C_Send7bitAddress)
    i.I2C_SendData                           0x08000a4a   Section        0  stm32f10x_i2c.o(i.I2C_SendData)
    i.InitDisplay                            0x08000a50   Section        0  display.o(i.InitDisplay)
    i.InitLED                                0x08000a60   Section        0  main.o(i.InitLED)
    i.InitPWM                                0x08000aac   Section        0  pwm.o(i.InitPWM)
    i.InitTickTImer                          0x08000b00   Section        0  pwm.o(i.InitTickTImer)
    i.KEY_Init                               0x08000b68   Section        0  key.o(i.KEY_Init)
    i.KEY_Scan                               0x08000ba4   Section        0  key.o(i.KEY_Scan)
    i.MemManage_Handler                      0x08000c6c   Section        0  stm32f10x_it.o(i.MemManage_Handler)
    i.NMI_Handler                            0x08000c70   Section        0  stm32f10x_it.o(i.NMI_Handler)
    i.NVIC_Init                              0x08000c74   Section        0  misc.o(i.NVIC_Init)
    i.NVIC_PriorityGroupConfig               0x08000ce4   Section        0  misc.o(i.NVIC_PriorityGroupConfig)
    i.PendSV_Handler                         0x08000cf8   Section        0  stm32f10x_it.o(i.PendSV_Handler)
    i.PrintMsg                               0x08000cfc   Section        0  main.o(i.PrintMsg)
    i.RCC_APB1PeriphClockCmd                 0x08000d34   Section        0  stm32f10x_rcc.o(i.RCC_APB1PeriphClockCmd)
    i.RCC_APB1PeriphResetCmd                 0x08000d54   Section        0  stm32f10x_rcc.o(i.RCC_APB1PeriphResetCmd)
    i.RCC_APB2PeriphClockCmd                 0x08000d74   Section        0  stm32f10x_rcc.o(i.RCC_APB2PeriphClockCmd)
    i.RCC_Configuration                      0x08000d94   Section        0  pwm.o(i.RCC_Configuration)
    i.RCC_GetClocksFreq                      0x08000da8   Section        0  stm32f10x_rcc.o(i.RCC_GetClocksFreq)
    i.SDIO_ClearFlag                         0x08000e7c   Section        0  stm32f10x_sdio.o(i.SDIO_ClearFlag)
    i.SDIO_GetFlagStatus                     0x08000e88   Section        0  stm32f10x_sdio.o(i.SDIO_GetFlagStatus)
    i.SDIO_IRQHandler                        0x08000ea0   Section        0  sdio_sdcard.o(i.SDIO_IRQHandler)
    i.SDIO_SendCommand                       0x08000ea8   Section        0  stm32f10x_sdio.o(i.SDIO_SendCommand)
    i.SD_ProcessIRQSrc                       0x08000ed4   Section        0  sdio_sdcard.o(i.SD_ProcessIRQSrc)
    i.SN76496_Init                           0x08001010   Section        0  sn76496.o(i.SN76496_Init)
    i.SN76496_SendData                       0x0800105c   Section        0  sn76496.o(i.SN76496_SendData)
    i.SN76496_Write                          0x080010b4   Section        0  sn76496.o(i.SN76496_Write)
    i.SSD1306_DrawPixel                      0x08001138   Section        0  ssd1306.o(i.SSD1306_DrawPixel)
    i.SSD1306_Fill                           0x080011d8   Section        0  ssd1306.o(i.SSD1306_Fill)
    i.SSD1306_GotoXY                         0x080011f8   Section        0  ssd1306.o(i.SSD1306_GotoXY)
    i.SSD1306_Init                           0x08001204   Section        0  ssd1306.o(i.SSD1306_Init)
    i.SSD1306_Putc                           0x08001358   Section        0  ssd1306.o(i.SSD1306_Putc)
    i.SSD1306_Puts                           0x08001400   Section        0  ssd1306.o(i.SSD1306_Puts)
    i.SSD1306_UpdateScreen                   0x0800142c   Section        0  ssd1306.o(i.SSD1306_UpdateScreen)
    i.SVC_Handler                            0x08001474   Section        0  stm32f10x_it.o(i.SVC_Handler)
    i.ScanKeys                               0x08001478   Section        0  main.o(i.ScanKeys)
    i.SetSysClock                            0x0800150c   Section        0  system_stm32f10x.o(i.SetSysClock)
    SetSysClock                              0x0800150d   Thumb Code     8  system_stm32f10x.o(i.SetSysClock)
    i.SetSysClockTo72                        0x08001514   Section        0  system_stm32f10x.o(i.SetSysClockTo72)
    SetSysClockTo72                          0x08001515   Thumb Code   214  system_stm32f10x.o(i.SetSysClockTo72)
    i.StartPlayback                          0x080015f4   Section        0  main.o(i.StartPlayback)
    i.SysTick_CLKSourceConfig                0x08001634   Section        0  misc.o(i.SysTick_CLKSourceConfig)
    i.SysTick_Handler                        0x0800165c   Section        0  stm32f10x_it.o(i.SysTick_Handler)
    i.SystemInit                             0x08001660   Section        0  system_stm32f10x.o(i.SystemInit)
    i.TIM4_IRQHandler                        0x080016c0   Section        0  main.o(i.TIM4_IRQHandler)
    i.TIM_ClearITPendingBit                  0x08001728   Section        0  stm32f10x_tim.o(i.TIM_ClearITPendingBit)
    i.TIM_Cmd                                0x0800172e   Section        0  stm32f10x_tim.o(i.TIM_Cmd)
    i.TIM_GetITStatus                        0x08001746   Section        0  stm32f10x_tim.o(i.TIM_GetITStatus)
    i.TIM_ITConfig                           0x08001768   Section        0  stm32f10x_tim.o(i.TIM_ITConfig)
    i.TIM_OC1Init                            0x0800177c   Section        0  stm32f10x_tim.o(i.TIM_OC1Init)
    i.TIM_OC1PreloadConfig                   0x08001814   Section        0  stm32f10x_tim.o(i.TIM_OC1PreloadConfig)
    i.TIM_TimeBaseInit                       0x08001828   Section        0  stm32f10x_tim.o(i.TIM_TimeBaseInit)
    i.Tick                                   0x080018cc   Section        0  main.o(i.Tick)
    i.USART1_IRQHandler                      0x08001924   Section        0  usart.o(i.USART1_IRQHandler)
    i.USART_Cmd                              0x080019ac   Section        0  stm32f10x_usart.o(i.USART_Cmd)
    i.USART_GetITStatus                      0x080019c4   Section        0  stm32f10x_usart.o(i.USART_GetITStatus)
    i.USART_ITConfig                         0x08001a18   Section        0  stm32f10x_usart.o(i.USART_ITConfig)
    i.USART_Init                             0x08001a64   Section        0  stm32f10x_usart.o(i.USART_Init)
    i.USART_ReceiveData                      0x08001b3c   Section        0  stm32f10x_usart.o(i.USART_ReceiveData)
    i.UsageFault_Handler                     0x08001b46   Section        0  stm32f10x_it.o(i.UsageFault_Handler)
    i.WE_Write                               0x08001b4c   Section        0  sn76496.o(i.WE_Write)
    i.WriteDisplayNoClear                    0x08001b64   Section        0  display.o(i.WriteDisplayNoClear)
    i.YM2612_Init                            0x08001b98   Section        0  ym2612.o(i.YM2612_Init)
    i.YM2612_Reset                           0x08001c44   Section        0  ym2612.o(i.YM2612_Reset)
    i.YM2612_Send8BitData                    0x08001c6c   Section        0  ym2612.o(i.YM2612_Send8BitData)
    i.YM2612_SendDataPins                    0x08001cd8   Section        0  ym2612.o(i.YM2612_SendDataPins)
    i._is_digit                              0x08001d78   Section        0  __printf_wp.o(i._is_digit)
    i._sys_exit                              0x08001d86   Section        0  usart.o(i._sys_exit)
    i.delay_init                             0x08001d8c   Section        0  delay.o(i.delay_init)
    i.delay_ms                               0x08001dd0   Section        0  delay.o(i.delay_ms)
    i.delay_us                               0x08001e1c   Section        0  delay.o(i.delay_us)
    i.fputc                                  0x08001e68   Section        0  usart.o(i.fputc)
    i.i2cm_Start                             0x08001e84   Section        0  iic.o(i.i2cm_Start)
    i.i2cm_Stop                              0x08001f18   Section        0  iic.o(i.i2cm_Stop)
    i.i2cm_WriteBuff                         0x08001f48   Section        0  iic.o(i.i2cm_WriteBuff)
    i.i2cm_init                              0x08001f94   Section        0  iic.o(i.i2cm_init)
    i.main                                   0x08002038   Section        0  main.o(i.main)
    i.mydelay2                               0x080020c8   Section        0  sn76496.o(i.mydelay2)
    i.proccessVGMCmd                         0x080020d8   Section        0  main.o(i.proccessVGMCmd)
    i.readBuffer                             0x080022c4   Section        0  main.o(i.readBuffer)
    i.readBuffer16                           0x080022f4   Section        0  main.o(i.readBuffer16)
    i.readBuffer32                           0x0800230c   Section        0  main.o(i.readBuffer32)
    i.ssd1306_I2C_Init                       0x08002334   Section        0  ssd1306.o(i.ssd1306_I2C_Init)
    i.ssd1306_I2C_Write                      0x0800234c   Section        0  ssd1306.o(i.ssd1306_I2C_Write)
    i.ssd1306_I2C_WriteMulti                 0x08002398   Section        0  ssd1306.o(i.ssd1306_I2C_WriteMulti)
    i.uart_init                              0x080023f0   Section        0  usart.o(i.uart_init)
    .constdata                               0x08002490   Section    41324  main.o(.constdata)
    .constdata                               0x0800c5fc   Section    10260  fonts.o(.constdata)
    .constdata                               0x0800ee10   Section       17  __printf_flags_ss_wp.o(.constdata)
    maptable                                 0x0800ee10   Data          17  __printf_flags_ss_wp.o(.constdata)
    .conststring                             0x0800ee24   Section        1  main.o(.conststring)
    .data                                    0x20000000   Section       40  main.o(.data)
    .data                                    0x20000028   Section       20  system_stm32f10x.o(.data)
    .data                                    0x2000003c   Section        4  delay.o(.data)
    fac_us                                   0x2000003c   Data           1  delay.o(.data)
    fac_ms                                   0x2000003e   Data           2  delay.o(.data)
    .data                                    0x20000040   Section        6  usart.o(.data)
    .data                                    0x20000046   Section       20  stm32f10x_rcc.o(.data)
    APBAHBPrescTable                         0x20000046   Data          16  stm32f10x_rcc.o(.data)
    ADCPrescTable                            0x20000056   Data           4  stm32f10x_rcc.o(.data)
    .data                                    0x2000005a   Section        1  sn76496.o(.data)
    .data                                    0x2000005c   Section       16  sdio_sdcard.o(.data)
    CardType                                 0x2000005c   Data           1  sdio_sdcard.o(.data)
    RCA                                      0x20000060   Data           4  sdio_sdcard.o(.data)
    DeviceMode                               0x20000064   Data           1  sdio_sdcard.o(.data)
    StopCondition                            0x20000065   Data           1  sdio_sdcard.o(.data)
    .data                                    0x2000006c   Section        1  key.o(.data)
    key_up                                   0x2000006c   Data           1  key.o(.data)
    .data                                    0x20000070   Section       24  fonts.o(.data)
    .data                                    0x20000088   Section       10  ssd1306.o(.data)
    SSD1306                                  0x2000008c   Data           6  ssd1306.o(.data)
    .bss                                     0x20000094   Section    50000  main.o(.bss)
    .bss                                     0x2000c3e4   Section       26  pwm.o(.bss)
    .bss                                     0x2000c3fe   Section      200  usart.o(.bss)
    .bss                                     0x2000c4c8   Section      704  sdio_sdcard.o(.bss)
    CSD_Tab                                  0x2000c50c   Data          16  sdio_sdcard.o(.bss)
    CID_Tab                                  0x2000c51c   Data          16  sdio_sdcard.o(.bss)
    .bss                                     0x2000c788   Section      512  ssd1306.o(.bss)
    SSD1306_Buffer                           0x2000c788   Data         512  ssd1306.o(.bss)
    .bss                                     0x2000c988   Section       96  libspace.o(.bss)
    HEAP                                     0x2000c9e8   Section      512  startup_stm32f10x_hd.o(HEAP)
    Heap_Mem                                 0x2000c9e8   Data         512  startup_stm32f10x_hd.o(HEAP)
    STACK                                    0x2000cbe8   Section     1024  startup_stm32f10x_hd.o(STACK)
    Stack_Mem                                0x2000cbe8   Data        1024  startup_stm32f10x_hd.o(STACK)
    __initial_sp                             0x2000cfe8   Data           0  startup_stm32f10x_hd.o(STACK)
    .ARM.__AT_0x68000000                     0x68000000   Section    983040  malloc.o(.ARM.__AT_0x68000000)
    .ARM.__AT_0x680F0000                     0x680f0000   Section    61440  malloc.o(.ARM.__AT_0x680F0000)

    Global Symbols

    Symbol Name                              Value     Ov Type        Size  Object(Section)

    BuildAttributes$$THM_ISAv4$P$D$K$B$S$PE$A:L22UL41UL21$X:L11$S22US41US21$IEEE1$IW$USESV6$~STKCKD$USESV7$~SHL$OTIME$ROPI$EBA8$UX$STANDARDLIB$REQ8$PRES8$EABIv2 0x00000000   Number         0  anon$$obj.o ABSOLUTE
    __ARM_use_no_argv                        0x00000000   Number         0  main.o ABSOLUTE
    _printf_flags                            0x00000000   Number         0  printf_stubs.o ABSOLUTE
    _printf_return_value                     0x00000000   Number         0  printf_stubs.o ABSOLUTE
    _printf_sizespec                         0x00000000   Number         0  printf_stubs.o ABSOLUTE
    _printf_widthprec                        0x00000000   Number         0  printf_stubs.o ABSOLUTE
    __ARM_exceptions_init                     - Undefined Weak Reference
    __alloca_initialize                       - Undefined Weak Reference
    __arm_preinit_                            - Undefined Weak Reference
    __cpp_initialize__aeabi_                  - Undefined Weak Reference
    __cxa_finalize                            - Undefined Weak Reference
    __rt_locale                               - Undefined Weak Reference
    __sigvec_lookup                           - Undefined Weak Reference
    __user_heap_extent                        - Undefined Weak Reference
    _atexit_init                              - Undefined Weak Reference
    _call_atexit_fns                          - Undefined Weak Reference
    _clock_init                               - Undefined Weak Reference
    _fp_trap_init                             - Undefined Weak Reference
    _fp_trap_shutdown                         - Undefined Weak Reference
    _get_lc_collate                           - Undefined Weak Reference
    _get_lc_ctype                             - Undefined Weak Reference
    _get_lc_monetary                          - Undefined Weak Reference
    _get_lc_numeric                           - Undefined Weak Reference
    _get_lc_time                              - Undefined Weak Reference
    _getenv_init                              - Undefined Weak Reference
    _handle_redirection                       - Undefined Weak Reference
    _initio                                   - Undefined Weak Reference
    _mutex_acquire                            - Undefined Weak Reference
    _mutex_free                               - Undefined Weak Reference
    _mutex_release                            - Undefined Weak Reference
    _printf_mbtowc                            - Undefined Weak Reference
    _printf_truncate_signed                   - Undefined Weak Reference
    _printf_truncate_unsigned                 - Undefined Weak Reference
    _signal_finish                            - Undefined Weak Reference
    _signal_init                              - Undefined Weak Reference
    _terminateio                              - Undefined Weak Reference
    __Vectors_Size                           0x00000130   Number         0  startup_stm32f10x_hd.o ABSOLUTE
    __Vectors                                0x08000000   Data           4  startup_stm32f10x_hd.o(RESET)
    __Vectors_End                            0x08000130   Data           0  startup_stm32f10x_hd.o(RESET)
    __main                                   0x08000131   Thumb Code     8  __main.o(!!!main)
    __scatterload                            0x08000139   Thumb Code     0  __scatter.o(!!!scatter)
    __scatterload_rt2                        0x08000139   Thumb Code    44  __scatter.o(!!!scatter)
    __scatterload_rt2_thumb_only             0x08000139   Thumb Code     0  __scatter.o(!!!scatter)
    __scatterload_null                       0x08000147   Thumb Code     0  __scatter.o(!!!scatter)
    __scatterload_copy                       0x0800016d   Thumb Code    26  __scatter_copy.o(!!handler_copy)
    __scatterload_zeroinit                   0x08000189   Thumb Code    28  __scatter_zi.o(!!handler_zi)
    _printf_d                                0x080001a5   Thumb Code     0  _printf_d.o(.ARM.Collect$$_printf_percent$$00000009)
    _printf_percent                          0x080001a5   Thumb Code     0  _printf_percent.o(.ARM.Collect$$_printf_percent$$00000000)
    _printf_percent_end                      0x080001ab   Thumb Code     0  _printf_percent_end.o(.ARM.Collect$$_printf_percent$$00000017)
    __rt_lib_init                            0x080001af   Thumb Code     0  libinit.o(.ARM.Collect$$libinit$$00000000)
    __rt_lib_init_alloca_1                   0x080001b1   Thumb Code     0  libinit2.o(.ARM.Collect$$libinit$$0000002E)
    __rt_lib_init_argv_1                     0x080001b1   Thumb Code     0  libinit2.o(.ARM.Collect$$libinit$$0000002C)
    __rt_lib_init_atexit_1                   0x080001b1   Thumb Code     0  libinit2.o(.ARM.Collect$$libinit$$0000001B)
    __rt_lib_init_clock_1                    0x080001b1   Thumb Code     0  libinit2.o(.ARM.Collect$$libinit$$00000021)
    __rt_lib_init_cpp_1                      0x080001b1   Thumb Code     0  libinit2.o(.ARM.Collect$$libinit$$00000032)
    __rt_lib_init_exceptions_1               0x080001b1   Thumb Code     0  libinit2.o(.ARM.Collect$$libinit$$00000030)
    __rt_lib_init_fp_1                       0x080001b1   Thumb Code     0  libinit2.o(.ARM.Collect$$libinit$$00000002)
    __rt_lib_init_fp_trap_1                  0x080001b1   Thumb Code     0  libinit2.o(.ARM.Collect$$libinit$$0000001F)
    __rt_lib_init_getenv_1                   0x080001b1   Thumb Code     0  libinit2.o(.ARM.Collect$$libinit$$00000023)
    __rt_lib_init_heap_1                     0x080001b1   Thumb Code     0  libinit2.o(.ARM.Collect$$libinit$$0000000A)
    __rt_lib_init_lc_collate_1               0x080001b1   Thumb Code     0  libinit2.o(.ARM.Collect$$libinit$$00000011)
    __rt_lib_init_lc_ctype_1                 0x080001b1   Thumb Code     0  libinit2.o(.ARM.Collect$$libinit$$00000013)
    __rt_lib_init_lc_monetary_1              0x080001b1   Thumb Code     0  libinit2.o(.ARM.Collect$$libinit$$00000015)
    __rt_lib_init_lc_numeric_1               0x080001b1   Thumb Code     0  libinit2.o(.ARM.Collect$$libinit$$00000017)
    __rt_lib_init_lc_time_1                  0x080001b1   Thumb Code     0  libinit2.o(.ARM.Collect$$libinit$$00000019)
    __rt_lib_init_preinit_1                  0x080001b1   Thumb Code     0  libinit2.o(.ARM.Collect$$libinit$$00000004)
    __rt_lib_init_rand_1                     0x080001b1   Thumb Code     0  libinit2.o(.ARM.Collect$$libinit$$0000000E)
    __rt_lib_init_return                     0x080001b1   Thumb Code     0  libinit2.o(.ARM.Collect$$libinit$$00000033)
    __rt_lib_init_signal_1                   0x080001b1   Thumb Code     0  libinit2.o(.ARM.Collect$$libinit$$0000001D)
    __rt_lib_init_stdio_1                    0x080001b1   Thumb Code     0  libinit2.o(.ARM.Collect$$libinit$$00000025)
    __rt_lib_init_user_alloc_1               0x080001b1   Thumb Code     0  libinit2.o(.ARM.Collect$$libinit$$0000000C)
    __rt_lib_shutdown                        0x080001b3   Thumb Code     0  libshutdown.o(.ARM.Collect$$libshutdown$$00000000)
    __rt_lib_shutdown_fp_trap_1              0x080001b5   Thumb Code     0  libshutdown2.o(.ARM.Collect$$libshutdown$$00000006)
    __rt_lib_shutdown_heap_1                 0x080001b5   Thumb Code     0  libshutdown2.o(.ARM.Collect$$libshutdown$$0000000E)
    __rt_lib_shutdown_return                 0x080001b5   Thumb Code     0  libshutdown2.o(.ARM.Collect$$libshutdown$$0000000F)
    __rt_lib_shutdown_signal_1               0x080001b5   Thumb Code     0  libshutdown2.o(.ARM.Collect$$libshutdown$$00000009)
    __rt_lib_shutdown_stdio_1                0x080001b5   Thumb Code     0  libshutdown2.o(.ARM.Collect$$libshutdown$$00000003)
    __rt_lib_shutdown_user_alloc_1           0x080001b5   Thumb Code     0  libshutdown2.o(.ARM.Collect$$libshutdown$$0000000B)
    __rt_entry                               0x080001b7   Thumb Code     0  __rtentry.o(.ARM.Collect$$rtentry$$00000000)
    __rt_entry_presh_1                       0x080001b7   Thumb Code     0  __rtentry2.o(.ARM.Collect$$rtentry$$00000002)
    __rt_entry_sh                            0x080001b7   Thumb Code     0  __rtentry4.o(.ARM.Collect$$rtentry$$00000004)
    __rt_entry_li                            0x080001bd   Thumb Code     0  __rtentry2.o(.ARM.Collect$$rtentry$$0000000A)
    __rt_entry_postsh_1                      0x080001bd   Thumb Code     0  __rtentry2.o(.ARM.Collect$$rtentry$$00000009)
    __rt_entry_main                          0x080001c1   Thumb Code     0  __rtentry2.o(.ARM.Collect$$rtentry$$0000000D)
    __rt_entry_postli_1                      0x080001c1   Thumb Code     0  __rtentry2.o(.ARM.Collect$$rtentry$$0000000C)
    __rt_exit                                0x080001c9   Thumb Code     0  rtexit.o(.ARM.Collect$$rtexit$$00000000)
    __rt_exit_ls                             0x080001cb   Thumb Code     0  rtexit2.o(.ARM.Collect$$rtexit$$00000003)
    __rt_exit_prels_1                        0x080001cb   Thumb Code     0  rtexit2.o(.ARM.Collect$$rtexit$$00000002)
    __rt_exit_exit                           0x080001cf   Thumb Code     0  rtexit2.o(.ARM.Collect$$rtexit$$00000004)
    Reset_Handler                            0x080001d5   Thumb Code     8  startup_stm32f10x_hd.o(.text)
    ADC1_2_IRQHandler                        0x080001ef   Thumb Code     0  startup_stm32f10x_hd.o(.text)
    ADC3_IRQHandler                          0x080001ef   Thumb Code     0  startup_stm32f10x_hd.o(.text)
    CAN1_RX1_IRQHandler                      0x080001ef   Thumb Code     0  startup_stm32f10x_hd.o(.text)
    CAN1_SCE_IRQHandler                      0x080001ef   Thumb Code     0  startup_stm32f10x_hd.o(.text)
    DMA1_Channel1_IRQHandler                 0x080001ef   Thumb Code     0  startup_stm32f10x_hd.o(.text)
    DMA1_Channel2_IRQHandler                 0x080001ef   Thumb Code     0  startup_stm32f10x_hd.o(.text)
    DMA1_Channel3_IRQHandler                 0x080001ef   Thumb Code     0  startup_stm32f10x_hd.o(.text)
    DMA1_Channel4_IRQHandler                 0x080001ef   Thumb Code     0  startup_stm32f10x_hd.o(.text)
    DMA1_Channel5_IRQHandler                 0x080001ef   Thumb Code     0  startup_stm32f10x_hd.o(.text)
    DMA1_Channel6_IRQHandler                 0x080001ef   Thumb Code     0  startup_stm32f10x_hd.o(.text)
    DMA1_Channel7_IRQHandler                 0x080001ef   Thumb Code     0  startup_stm32f10x_hd.o(.text)
    DMA2_Channel1_IRQHandler                 0x080001ef   Thumb Code     0  startup_stm32f10x_hd.o(.text)
    DMA2_Channel2_IRQHandler                 0x080001ef   Thumb Code     0  startup_stm32f10x_hd.o(.text)
    DMA2_Channel3_IRQHandler                 0x080001ef   Thumb Code     0  startup_stm32f10x_hd.o(.text)
    DMA2_Channel4_5_IRQHandler               0x080001ef   Thumb Code     0  startup_stm32f10x_hd.o(.text)
    EXTI0_IRQHandler                         0x080001ef   Thumb Code     0  startup_stm32f10x_hd.o(.text)
    EXTI15_10_IRQHandler                     0x080001ef   Thumb Code     0  startup_stm32f10x_hd.o(.text)
    EXTI1_IRQHandler                         0x080001ef   Thumb Code     0  startup_stm32f10x_hd.o(.text)
    EXTI2_IRQHandler                         0x080001ef   Thumb Code     0  startup_stm32f10x_hd.o(.text)
    EXTI3_IRQHandler                         0x080001ef   Thumb Code     0  startup_stm32f10x_hd.o(.text)
    EXTI4_IRQHandler                         0x080001ef   Thumb Code     0  startup_stm32f10x_hd.o(.text)
    EXTI9_5_IRQHandler                       0x080001ef   Thumb Code     0  startup_stm32f10x_hd.o(.text)
    FLASH_IRQHandler                         0x080001ef   Thumb Code     0  startup_stm32f10x_hd.o(.text)
    FSMC_IRQHandler                          0x080001ef   Thumb Code     0  startup_stm32f10x_hd.o(.text)
    I2C1_ER_IRQHandler                       0x080001ef   Thumb Code     0  startup_stm32f10x_hd.o(.text)
    I2C1_EV_IRQHandler                       0x080001ef   Thumb Code     0  startup_stm32f10x_hd.o(.text)
    I2C2_ER_IRQHandler                       0x080001ef   Thumb Code     0  startup_stm32f10x_hd.o(.text)
    I2C2_EV_IRQHandler                       0x080001ef   Thumb Code     0  startup_stm32f10x_hd.o(.text)
    PVD_IRQHandler                           0x080001ef   Thumb Code     0  startup_stm32f10x_hd.o(.text)
    RCC_IRQHandler                           0x080001ef   Thumb Code     0  startup_stm32f10x_hd.o(.text)
    RTCAlarm_IRQHandler                      0x080001ef   Thumb Code     0  startup_stm32f10x_hd.o(.text)
    RTC_IRQHandler                           0x080001ef   Thumb Code     0  startup_stm32f10x_hd.o(.text)
    SPI1_IRQHandler                          0x080001ef   Thumb Code     0  startup_stm32f10x_hd.o(.text)
    SPI2_IRQHandler                          0x080001ef   Thumb Code     0  startup_stm32f10x_hd.o(.text)
    SPI3_IRQHandler                          0x080001ef   Thumb Code     0  startup_stm32f10x_hd.o(.text)
    TAMPER_IRQHandler                        0x080001ef   Thumb Code     0  startup_stm32f10x_hd.o(.text)
    TIM1_BRK_IRQHandler                      0x080001ef   Thumb Code     0  startup_stm32f10x_hd.o(.text)
    TIM1_CC_IRQHandler                       0x080001ef   Thumb Code     0  startup_stm32f10x_hd.o(.text)
    TIM1_TRG_COM_IRQHandler                  0x080001ef   Thumb Code     0  startup_stm32f10x_hd.o(.text)
    TIM1_UP_IRQHandler                       0x080001ef   Thumb Code     0  startup_stm32f10x_hd.o(.text)
    TIM2_IRQHandler                          0x080001ef   Thumb Code     0  startup_stm32f10x_hd.o(.text)
    TIM3_IRQHandler                          0x080001ef   Thumb Code     0  startup_stm32f10x_hd.o(.text)
    TIM5_IRQHandler                          0x080001ef   Thumb Code     0  startup_stm32f10x_hd.o(.text)
    TIM6_IRQHandler                          0x080001ef   Thumb Code     0  startup_stm32f10x_hd.o(.text)
    TIM7_IRQHandler                          0x080001ef   Thumb Code     0  startup_stm32f10x_hd.o(.text)
    TIM8_BRK_IRQHandler                      0x080001ef   Thumb Code     0  startup_stm32f10x_hd.o(.text)
    TIM8_CC_IRQHandler                       0x080001ef   Thumb Code     0  startup_stm32f10x_hd.o(.text)
    TIM8_TRG_COM_IRQHandler                  0x080001ef   Thumb Code     0  startup_stm32f10x_hd.o(.text)
    TIM8_UP_IRQHandler                       0x080001ef   Thumb Code     0  startup_stm32f10x_hd.o(.text)
    UART4_IRQHandler                         0x080001ef   Thumb Code     0  startup_stm32f10x_hd.o(.text)
    UART5_IRQHandler                         0x080001ef   Thumb Code     0  startup_stm32f10x_hd.o(.text)
    USART2_IRQHandler                        0x080001ef   Thumb Code     0  startup_stm32f10x_hd.o(.text)
    USART3_IRQHandler                        0x080001ef   Thumb Code     0  startup_stm32f10x_hd.o(.text)
    USBWakeUp_IRQHandler                     0x080001ef   Thumb Code     0  startup_stm32f10x_hd.o(.text)
    USB_HP_CAN1_TX_IRQHandler                0x080001ef   Thumb Code     0  startup_stm32f10x_hd.o(.text)
    USB_LP_CAN1_RX0_IRQHandler               0x080001ef   Thumb Code     0  startup_stm32f10x_hd.o(.text)
    WWDG_IRQHandler                          0x080001ef   Thumb Code     0  startup_stm32f10x_hd.o(.text)
    __user_initial_stackheap                 0x080001f1   Thumb Code     0  startup_stm32f10x_hd.o(.text)
    __use_no_semihosting                     0x08000215   Thumb Code     2  use_no_semi_2.o(.text)
    free                                     0x08000217   Thumb Code    78  h1_free.o(.text)
    __2printf                                0x08000265   Thumb Code    20  noretval__2printf.o(.text)
    _printf_int_dec                          0x0800027d   Thumb Code   104  _printf_dec.o(.text)
    __printf                                 0x080002f5   Thumb Code   388  __printf_flags_ss_wp.o(.text)
    __aeabi_memset                           0x0800047d   Thumb Code    16  aeabi_memset.o(.text)
    __aeabi_memclr4                          0x0800048d   Thumb Code     0  rt_memclr_w.o(.text)
    __aeabi_memclr8                          0x0800048d   Thumb Code     0  rt_memclr_w.o(.text)
    __rt_memclr_w                            0x0800048d   Thumb Code    78  rt_memclr_w.o(.text)
    _memset_w                                0x08000491   Thumb Code     0  rt_memclr_w.o(.text)
    __use_two_region_memory                  0x080004db   Thumb Code     2  heapauxi.o(.text)
    __rt_heap_escrow                         0x080004dd   Thumb Code     2  heapauxi.o(.text)
    __rt_heap_expand                         0x080004df   Thumb Code     2  heapauxi.o(.text)
    __I$use$semihosting                      0x080004e1   Thumb Code     0  use_no_semi.o(.text)
    __use_no_semihosting_swi                 0x080004e1   Thumb Code     2  use_no_semi.o(.text)
    __rt_heap_descriptor                     0x080004e5   Thumb Code     8  rt_heap_descriptor_intlibspace.o(.text)
    _printf_int_common                       0x080004ed   Thumb Code   178  _printf_intcommon.o(.text)
    _printf_char_common                      0x080005ab   Thumb Code    32  _printf_char_common.o(.text)
    _printf_char_file                        0x080005d1   Thumb Code    32  _printf_char_file.o(.text)
    __aeabi_memclr                           0x080005f5   Thumb Code     0  rt_memclr.o(.text)
    __rt_memclr                              0x080005f5   Thumb Code    68  rt_memclr.o(.text)
    _memset                                  0x080005f9   Thumb Code     0  rt_memclr.o(.text)
    __user_libspace                          0x08000639   Thumb Code     8  libspace.o(.text)
    __user_perproc_libspace                  0x08000639   Thumb Code     0  libspace.o(.text)
    __user_perthread_libspace                0x08000639   Thumb Code     0  libspace.o(.text)
    ferror                                   0x08000641   Thumb Code     8  ferror.o(.text)
    __user_setup_stackheap                   0x08000649   Thumb Code    74  sys_stackheap_outer.o(.text)
    exit                                     0x08000693   Thumb Code    12  exit.o(.text)
    BusFault_Handler                         0x0800069f   Thumb Code     4  stm32f10x_it.o(i.BusFault_Handler)
    CmdResp1Error                            0x080006a5   Thumb Code    90  sdio_sdcard.o(i.CmdResp1Error)
    DebugMon_Handler                         0x08000705   Thumb Code     2  stm32f10x_it.o(i.DebugMon_Handler)
    GPIO_Configuration                       0x08000709   Thumb Code    30  pwm.o(i.GPIO_Configuration)
    GPIO_Init                                0x0800072d   Thumb Code   278  stm32f10x_gpio.o(i.GPIO_Init)
    GPIO_ReadInputDataBit                    0x08000843   Thumb Code    18  stm32f10x_gpio.o(i.GPIO_ReadInputDataBit)
    GPIO_SetBits                             0x08000855   Thumb Code     4  stm32f10x_gpio.o(i.GPIO_SetBits)
    GPIO_WriteBit                            0x08000859   Thumb Code    10  stm32f10x_gpio.o(i.GPIO_WriteBit)
    HardFault_Handler                        0x08000863   Thumb Code     4  stm32f10x_it.o(i.HardFault_Handler)
    I2C_CheckEvent                           0x08000867   Thumb Code    42  stm32f10x_i2c.o(i.I2C_CheckEvent)
    I2C_Cmd                                  0x08000891   Thumb Code    24  stm32f10x_i2c.o(i.I2C_Cmd)
    I2C_DeInit                               0x080008a9   Thumb Code    50  stm32f10x_i2c.o(i.I2C_DeInit)
    I2C_GenerateSTART                        0x080008e1   Thumb Code    24  stm32f10x_i2c.o(i.I2C_GenerateSTART)
    I2C_GenerateSTOP                         0x080008f9   Thumb Code    24  stm32f10x_i2c.o(i.I2C_GenerateSTOP)
    I2C_GetFlagStatus                        0x08000911   Thumb Code    58  stm32f10x_i2c.o(i.I2C_GetFlagStatus)
    I2C_Init                                 0x0800094d   Thumb Code   222  stm32f10x_i2c.o(i.I2C_Init)
    I2C_Send7bitAddress                      0x08000a39   Thumb Code    18  stm32f10x_i2c.o(i.I2C_Send7bitAddress)
    I2C_SendData                             0x08000a4b   Thumb Code     4  stm32f10x_i2c.o(i.I2C_SendData)
    InitDisplay                              0x08000a51   Thumb Code    10  display.o(i.InitDisplay)
    InitLED                                  0x08000a61   Thumb Code    68  main.o(i.InitLED)
    InitPWM                                  0x08000aad   Thumb Code    72  pwm.o(i.InitPWM)
    InitTickTImer                            0x08000b01   Thumb Code    98  pwm.o(i.InitTickTImer)
    KEY_Init                                 0x08000b69   Thumb Code    52  key.o(i.KEY_Init)
    KEY_Scan                                 0x08000ba5   Thumb Code   188  key.o(i.KEY_Scan)
    MemManage_Handler                        0x08000c6d   Thumb Code     4  stm32f10x_it.o(i.MemManage_Handler)
    NMI_Handler                              0x08000c71   Thumb Code     2  stm32f10x_it.o(i.NMI_Handler)
    NVIC_Init                                0x08000c75   Thumb Code   100  misc.o(i.NVIC_Init)
    NVIC_PriorityGroupConfig                 0x08000ce5   Thumb Code    10  misc.o(i.NVIC_PriorityGroupConfig)
    PendSV_Handler                           0x08000cf9   Thumb Code     2  stm32f10x_it.o(i.PendSV_Handler)
    PrintMsg                                 0x08000cfd   Thumb Code    46  main.o(i.PrintMsg)
    RCC_APB1PeriphClockCmd                   0x08000d35   Thumb Code    26  stm32f10x_rcc.o(i.RCC_APB1PeriphClockCmd)
    RCC_APB1PeriphResetCmd                   0x08000d55   Thumb Code    26  stm32f10x_rcc.o(i.RCC_APB1PeriphResetCmd)
    RCC_APB2PeriphClockCmd                   0x08000d75   Thumb Code    26  stm32f10x_rcc.o(i.RCC_APB2PeriphClockCmd)
    RCC_Configuration                        0x08000d95   Thumb Code    20  pwm.o(i.RCC_Configuration)
    RCC_GetClocksFreq                        0x08000da9   Thumb Code   192  stm32f10x_rcc.o(i.RCC_GetClocksFreq)
    SDIO_ClearFlag                           0x08000e7d   Thumb Code     6  stm32f10x_sdio.o(i.SDIO_ClearFlag)
    SDIO_GetFlagStatus                       0x08000e89   Thumb Code    20  stm32f10x_sdio.o(i.SDIO_GetFlagStatus)
    SDIO_IRQHandler                          0x08000ea1   Thumb Code     8  sdio_sdcard.o(i.SDIO_IRQHandler)
    SDIO_SendCommand                         0x08000ea9   Thumb Code    38  stm32f10x_sdio.o(i.SDIO_SendCommand)
    SD_ProcessIRQSrc                         0x08000ed5   Thumb Code   296  sdio_sdcard.o(i.SD_ProcessIRQSrc)
    SN76496_Init                             0x08001011   Thumb Code    70  sn76496.o(i.SN76496_Init)
    SN76496_SendData                         0x0800105d   Thumb Code    84  sn76496.o(i.SN76496_SendData)
    SN76496_Write                            0x080010b5   Thumb Code   128  sn76496.o(i.SN76496_Write)
    SSD1306_DrawPixel                        0x08001139   Thumb Code   152  ssd1306.o(i.SSD1306_DrawPixel)
    SSD1306_Fill                             0x080011d9   Thumb Code    26  ssd1306.o(i.SSD1306_Fill)
    SSD1306_GotoXY                           0x080011f9   Thumb Code     8  ssd1306.o(i.SSD1306_GotoXY)
    SSD1306_Init                             0x08001205   Thumb Code   330  ssd1306.o(i.SSD1306_Init)
    SSD1306_Putc                             0x08001359   Thumb Code   164  ssd1306.o(i.SSD1306_Putc)
    SSD1306_Puts                             0x08001401   Thumb Code    42  ssd1306.o(i.SSD1306_Puts)
    SSD1306_UpdateScreen                     0x0800142d   Thumb Code    68  ssd1306.o(i.SSD1306_UpdateScreen)
    SVC_Handler                              0x08001475   Thumb Code     2  stm32f10x_it.o(i.SVC_Handler)
    ScanKeys                                 0x08001479   Thumb Code    78  main.o(i.ScanKeys)
    StartPlayback                            0x080015f5   Thumb Code    34  main.o(i.StartPlayback)
    SysTick_CLKSourceConfig                  0x08001635   Thumb Code    40  misc.o(i.SysTick_CLKSourceConfig)
    SysTick_Handler                          0x0800165d   Thumb Code     2  stm32f10x_it.o(i.SysTick_Handler)
    SystemInit                               0x08001661   Thumb Code    78  system_stm32f10x.o(i.SystemInit)
    TIM4_IRQHandler                          0x080016c1   Thumb Code    76  main.o(i.TIM4_IRQHandler)
    TIM_ClearITPendingBit                    0x08001729   Thumb Code     6  stm32f10x_tim.o(i.TIM_ClearITPendingBit)
    TIM_Cmd                                  0x0800172f   Thumb Code    24  stm32f10x_tim.o(i.TIM_Cmd)
    TIM_GetITStatus                          0x08001747   Thumb Code    34  stm32f10x_tim.o(i.TIM_GetITStatus)
    TIM_ITConfig                             0x08001769   Thumb Code    18  stm32f10x_tim.o(i.TIM_ITConfig)
    TIM_OC1Init                              0x0800177d   Thumb Code   132  stm32f10x_tim.o(i.TIM_OC1Init)
    TIM_OC1PreloadConfig                     0x08001815   Thumb Code    18  stm32f10x_tim.o(i.TIM_OC1PreloadConfig)
    TIM_TimeBaseInit                         0x08001829   Thumb Code   122  stm32f10x_tim.o(i.TIM_TimeBaseInit)
    Tick                                     0x080018cd   Thumb Code    74  main.o(i.Tick)
    USART1_IRQHandler                        0x08001925   Thumb Code   122  usart.o(i.USART1_IRQHandler)
    USART_Cmd                                0x080019ad   Thumb Code    24  stm32f10x_usart.o(i.USART_Cmd)
    USART_GetITStatus                        0x080019c5   Thumb Code    84  stm32f10x_usart.o(i.USART_GetITStatus)
    USART_ITConfig                           0x08001a19   Thumb Code    74  stm32f10x_usart.o(i.USART_ITConfig)
    USART_Init                               0x08001a65   Thumb Code   210  stm32f10x_usart.o(i.USART_Init)
    USART_ReceiveData                        0x08001b3d   Thumb Code    10  stm32f10x_usart.o(i.USART_ReceiveData)
    UsageFault_Handler                       0x08001b47   Thumb Code     4  stm32f10x_it.o(i.UsageFault_Handler)
    WE_Write                                 0x08001b4d   Thumb Code    18  sn76496.o(i.WE_Write)
    WriteDisplayNoClear                      0x08001b65   Thumb Code    46  display.o(i.WriteDisplayNoClear)
    YM2612_Init                              0x08001b99   Thumb Code   158  ym2612.o(i.YM2612_Init)
    YM2612_Reset                             0x08001c45   Thumb Code    34  ym2612.o(i.YM2612_Reset)
    YM2612_Send8BitData                      0x08001c6d   Thumb Code   102  ym2612.o(i.YM2612_Send8BitData)
    YM2612_SendDataPins                      0x08001cd9   Thumb Code   156  ym2612.o(i.YM2612_SendDataPins)
    _is_digit                                0x08001d79   Thumb Code    14  __printf_wp.o(i._is_digit)
    _sys_exit                                0x08001d87   Thumb Code     6  usart.o(i._sys_exit)
    delay_init                               0x08001d8d   Thumb Code    50  delay.o(i.delay_init)
    delay_ms                                 0x08001dd1   Thumb Code    72  delay.o(i.delay_ms)
    delay_us                                 0x08001e1d   Thumb Code    72  delay.o(i.delay_us)
    fputc                                    0x08001e69   Thumb Code    24  usart.o(i.fputc)
    i2cm_Start                               0x08001e85   Thumb Code   138  iic.o(i.i2cm_Start)
    i2cm_Stop                                0x08001f19   Thumb Code    44  iic.o(i.i2cm_Stop)
    i2cm_WriteBuff                           0x08001f49   Thumb Code    70  iic.o(i.i2cm_WriteBuff)
    i2cm_init                                0x08001f95   Thumb Code   154  iic.o(i.i2cm_init)
    main                                     0x08002039   Thumb Code    96  main.o(i.main)
    mydelay2                                 0x080020c9   Thumb Code    14  sn76496.o(i.mydelay2)
    proccessVGMCmd                           0x080020d9   Thumb Code   470  main.o(i.proccessVGMCmd)
    readBuffer                               0x080022c5   Thumb Code    38  main.o(i.readBuffer)
    readBuffer16                             0x080022f5   Thumb Code    24  main.o(i.readBuffer16)
    readBuffer32                             0x0800230d   Thumb Code    40  main.o(i.readBuffer32)
    ssd1306_I2C_Init                         0x08002335   Thumb Code    14  ssd1306.o(i.ssd1306_I2C_Init)
    ssd1306_I2C_Write                        0x0800234d   Thumb Code    70  ssd1306.o(i.ssd1306_I2C_Write)
    ssd1306_I2C_WriteMulti                   0x08002399   Thumb Code    84  ssd1306.o(i.ssd1306_I2C_WriteMulti)
    uart_init                                0x080023f1   Thumb Code   152  usart.o(i.uart_init)
    VGMDATA_SIZE                             0x08002490   Data           4  main.o(.constdata)
    VGMDATA                                  0x08002494   Data       41320  main.o(.constdata)
    Font7x10                                 0x0800c5fc   Data        1900  fonts.o(.constdata)
    Font11x18                                0x0800cd68   Data        3420  fonts.o(.constdata)
    Font16x26                                0x0800dac4   Data        4940  fonts.o(.constdata)
    Region$$Table$$Base                      0x0800ee28   Number         0  anon$$obj.o(Region$$Table)
    Region$$Table$$Limit                     0x0800ee48   Number         0  anon$$obj.o(Region$$Table)
    playbackState                            0x20000000   Data           1  main.o(.data)
    fileBufferPointer                        0x20000004   Data           4  main.o(.data)
    waitSamples                              0x20000008   Data           2  main.o(.data)
    currnetVGMIndex                          0x2000000c   Data           4  main.o(.data)
    samplePlaying                            0x20000010   Data           1  main.o(.data)
    pcmBufferPosition                        0x20000014   Data           4  main.o(.data)
    ramPrefetch                              0x20000018   Data           1  main.o(.data)
    ramPrefetchFlag                          0x20000019   Data           1  main.o(.data)
    curmsgline                               0x2000001a   Data           1  main.o(.data)
    curlog                                   0x2000001c   Data           4  main.o(.data)
    prevlog                                  0x20000020   Data           4  main.o(.data)
    currFileIndex                            0x20000024   Data           4  main.o(.data)
    SystemCoreClock                          0x20000028   Data           4  system_stm32f10x.o(.data)
    AHBPrescTable                            0x2000002c   Data          16  system_stm32f10x.o(.data)
    __stdout                                 0x20000040   Data           4  usart.o(.data)
    USART_RX_STA                             0x20000044   Data           2  usart.o(.data)
    psgFrqLowByte                            0x2000005a   Data           1  sn76496.o(.data)
    TransferError                            0x20000066   Data           1  sdio_sdcard.o(.data)
    TransferEnd                              0x20000067   Data           1  sdio_sdcard.o(.data)
    tempbuff                                 0x20000068   Data           4  sdio_sdcard.o(.data)
    Font_7x10                                0x20000070   Data           8  fonts.o(.data)
    Font_11x18                               0x20000078   Data           8  fonts.o(.data)
    Font_16x26                               0x20000080   Data           8  fonts.o(.data)
    hi2c1                                    0x20000088   Data           4  ssd1306.o(.data)
    PCMBuffer                                0x20000094   Data       50000  main.o(.bss)
    TIM_TimeBaseStructure                    0x2000c3e4   Data          10  pwm.o(.bss)
    TIM_OCInitStructure                      0x2000c3ee   Data          16  pwm.o(.bss)
    USART_RX_BUF                             0x2000c3fe   Data         200  usart.o(.bss)
    SDIO_InitStructure                       0x2000c4c8   Data          24  sdio_sdcard.o(.bss)
    SDIO_CmdInitStructure                    0x2000c4e0   Data          20  sdio_sdcard.o(.bss)
    SDIO_DataInitStructure                   0x2000c4f4   Data          24  sdio_sdcard.o(.bss)
    SDCardInfo                               0x2000c530   Data          88  sdio_sdcard.o(.bss)
    SDIO_DATA_BUFFER                         0x2000c588   Data         512  sdio_sdcard.o(.bss)
    __libspace_start                         0x2000c988   Data          96  libspace.o(.bss)
    __temporary_stack_top$libspace           0x2000c9e8   Data           0  libspace.o(.bss)
    mem2base                                 0x68000000   Data       983040  malloc.o(.ARM.__AT_0x68000000)
    mem2mapbase                              0x680f0000   Data       61440  malloc.o(.ARM.__AT_0x680F0000)



==============================================================================

Memory Map of the image

  Image Entry point : 0x080001d5

  Load Region LR_1 (Base: 0x08000000, Size: 0x0000eedc, Max: 0xffffffff, ABSOLUTE)

    Execution Region ER_RO (Base: 0x08000000, Size: 0x0000ee48, Max: 0xffffffff, ABSOLUTE)

    Base Addr    Size         Type   Attr      Idx    E Section Name        Object

    0x08000000   0x00000130   Data   RO          590    RESET               startup_stm32f10x_hd.o
    0x08000130   0x00000008   Code   RO         5086  * !!!main             c_w.l(__main.o)
    0x08000138   0x00000034   Code   RO         5323    !!!scatter          c_w.l(__scatter.o)
    0x0800016c   0x0000001a   Code   RO         5325    !!handler_copy      c_w.l(__scatter_copy.o)
    0x08000186   0x00000002   PAD
    0x08000188   0x0000001c   Code   RO         5327    !!handler_zi        c_w.l(__scatter_zi.o)
    0x080001a4   0x00000000   Code   RO         5066    .ARM.Collect$$_printf_percent$$00000000  c_w.l(_printf_percent.o)
    0x080001a4   0x00000006   Code   RO         5065    .ARM.Collect$$_printf_percent$$00000009  c_w.l(_printf_d.o)
    0x080001aa   0x00000004   Code   RO         5132    .ARM.Collect$$_printf_percent$$00000017  c_w.l(_printf_percent_end.o)
    0x080001ae   0x00000002   Code   RO         5260    .ARM.Collect$$libinit$$00000000  c_w.l(libinit.o)
    0x080001b0   0x00000000   Code   RO         5138    .ARM.Collect$$libinit$$00000002  c_w.l(libinit2.o)
    0x080001b0   0x00000000   Code   RO         5140    .ARM.Collect$$libinit$$00000004  c_w.l(libinit2.o)
    0x080001b0   0x00000000   Code   RO         5143    .ARM.Collect$$libinit$$0000000A  c_w.l(libinit2.o)
    0x080001b0   0x00000000   Code   RO         5145    .ARM.Collect$$libinit$$0000000C  c_w.l(libinit2.o)
    0x080001b0   0x00000000   Code   RO         5147    .ARM.Collect$$libinit$$0000000E  c_w.l(libinit2.o)
    0x080001b0   0x00000000   Code   RO         5150    .ARM.Collect$$libinit$$00000011  c_w.l(libinit2.o)
    0x080001b0   0x00000000   Code   RO         5152    .ARM.Collect$$libinit$$00000013  c_w.l(libinit2.o)
    0x080001b0   0x00000000   Code   RO         5154    .ARM.Collect$$libinit$$00000015  c_w.l(libinit2.o)
    0x080001b0   0x00000000   Code   RO         5156    .ARM.Collect$$libinit$$00000017  c_w.l(libinit2.o)
    0x080001b0   0x00000000   Code   RO         5158    .ARM.Collect$$libinit$$00000019  c_w.l(libinit2.o)
    0x080001b0   0x00000000   Code   RO         5160    .ARM.Collect$$libinit$$0000001B  c_w.l(libinit2.o)
    0x080001b0   0x00000000   Code   RO         5162    .ARM.Collect$$libinit$$0000001D  c_w.l(libinit2.o)
    0x080001b0   0x00000000   Code   RO         5164    .ARM.Collect$$libinit$$0000001F  c_w.l(libinit2.o)
    0x080001b0   0x00000000   Code   RO         5166    .ARM.Collect$$libinit$$00000021  c_w.l(libinit2.o)
    0x080001b0   0x00000000   Code   RO         5168    .ARM.Collect$$libinit$$00000023  c_w.l(libinit2.o)
    0x080001b0   0x00000000   Code   RO         5170    .ARM.Collect$$libinit$$00000025  c_w.l(libinit2.o)
    0x080001b0   0x00000000   Code   RO         5174    .ARM.Collect$$libinit$$0000002C  c_w.l(libinit2.o)
    0x080001b0   0x00000000   Code   RO         5176    .ARM.Collect$$libinit$$0000002E  c_w.l(libinit2.o)
    0x080001b0   0x00000000   Code   RO         5178    .ARM.Collect$$libinit$$00000030  c_w.l(libinit2.o)
    0x080001b0   0x00000000   Code   RO         5180    .ARM.Collect$$libinit$$00000032  c_w.l(libinit2.o)
    0x080001b0   0x00000002   Code   RO         5181    .ARM.Collect$$libinit$$00000033  c_w.l(libinit2.o)
    0x080001b2   0x00000002   Code   RO         5320    .ARM.Collect$$libshutdown$$00000000  c_w.l(libshutdown.o)
    0x080001b4   0x00000000   Code   RO         5278    .ARM.Collect$$libshutdown$$00000003  c_w.l(libshutdown2.o)
    0x080001b4   0x00000000   Code   RO         5281    .ARM.Collect$$libshutdown$$00000006  c_w.l(libshutdown2.o)
    0x080001b4   0x00000000   Code   RO         5284    .ARM.Collect$$libshutdown$$00000009  c_w.l(libshutdown2.o)
    0x080001b4   0x00000000   Code   RO         5286    .ARM.Collect$$libshutdown$$0000000B  c_w.l(libshutdown2.o)
    0x080001b4   0x00000000   Code   RO         5289    .ARM.Collect$$libshutdown$$0000000E  c_w.l(libshutdown2.o)
    0x080001b4   0x00000002   Code   RO         5290    .ARM.Collect$$libshutdown$$0000000F  c_w.l(libshutdown2.o)
    0x080001b6   0x00000000   Code   RO         5092    .ARM.Collect$$rtentry$$00000000  c_w.l(__rtentry.o)
    0x080001b6   0x00000000   Code   RO         5186    .ARM.Collect$$rtentry$$00000002  c_w.l(__rtentry2.o)
    0x080001b6   0x00000006   Code   RO         5198    .ARM.Collect$$rtentry$$00000004  c_w.l(__rtentry4.o)
    0x080001bc   0x00000000   Code   RO         5188    .ARM.Collect$$rtentry$$00000009  c_w.l(__rtentry2.o)
    0x080001bc   0x00000004   Code   RO         5189    .ARM.Collect$$rtentry$$0000000A  c_w.l(__rtentry2.o)
    0x080001c0   0x00000000   Code   RO         5191    .ARM.Collect$$rtentry$$0000000C  c_w.l(__rtentry2.o)
    0x080001c0   0x00000008   Code   RO         5192    .ARM.Collect$$rtentry$$0000000D  c_w.l(__rtentry2.o)
    0x080001c8   0x00000002   Code   RO         5262    .ARM.Collect$$rtexit$$00000000  c_w.l(rtexit.o)
    0x080001ca   0x00000000   Code   RO         5294    .ARM.Collect$$rtexit$$00000002  c_w.l(rtexit2.o)
    0x080001ca   0x00000004   Code   RO         5295    .ARM.Collect$$rtexit$$00000003  c_w.l(rtexit2.o)
    0x080001ce   0x00000006   Code   RO         5296    .ARM.Collect$$rtexit$$00000004  c_w.l(rtexit2.o)
    0x080001d4   0x00000040   Code   RO          591  * .text               startup_stm32f10x_hd.o
    0x08000214   0x00000002   Code   RO         4945    .text               c_w.l(use_no_semi_2.o)
    0x08000216   0x0000004e   Code   RO         4949    .text               c_w.l(h1_free.o)
    0x08000264   0x00000018   Code   RO         5009    .text               c_w.l(noretval__2printf.o)
    0x0800027c   0x00000078   Code   RO         5019    .text               c_w.l(_printf_dec.o)
    0x080002f4   0x00000188   Code   RO         5059    .text               c_w.l(__printf_flags_ss_wp.o)
    0x0800047c   0x00000010   Code   RO         5078    .text               c_w.l(aeabi_memset.o)
    0x0800048c   0x0000004e   Code   RO         5080    .text               c_w.l(rt_memclr_w.o)
    0x080004da   0x00000006   Code   RO         5084    .text               c_w.l(heapauxi.o)
    0x080004e0   0x00000002   Code   RO         5088    .text               c_w.l(use_no_semi.o)
    0x080004e2   0x00000002   PAD
    0x080004e4   0x00000008   Code   RO         5096    .text               c_w.l(rt_heap_descriptor_intlibspace.o)
    0x080004ec   0x000000b2   Code   RO         5122    .text               c_w.l(_printf_intcommon.o)
    0x0800059e   0x00000002   PAD
    0x080005a0   0x00000030   Code   RO         5124    .text               c_w.l(_printf_char_common.o)
    0x080005d0   0x00000024   Code   RO         5130    .text               c_w.l(_printf_char_file.o)
    0x080005f4   0x00000044   Code   RO         5135    .text               c_w.l(rt_memclr.o)
    0x08000638   0x00000008   Code   RO         5182    .text               c_w.l(libspace.o)
    0x08000640   0x00000008   Code   RO         5216    .text               c_w.l(ferror.o)
    0x08000648   0x0000004a   Code   RO         5235    .text               c_w.l(sys_stackheap_outer.o)
    0x08000692   0x0000000c   Code   RO         5245    .text               c_w.l(exit.o)
    0x0800069e   0x00000004   Code   RO          278    i.BusFault_Handler  stm32f10x_it.o
    0x080006a2   0x00000002   PAD
    0x080006a4   0x00000060   Code   RO         3765    i.CmdResp1Error     sdio_sdcard.o
    0x08000704   0x00000002   Code   RO          279    i.DebugMon_Handler  stm32f10x_it.o
    0x08000706   0x00000002   PAD
    0x08000708   0x00000024   Code   RO          375    i.GPIO_Configuration  pwm.o
    0x0800072c   0x00000116   Code   RO         1746    i.GPIO_Init         stm32f10x_gpio.o
    0x08000842   0x00000012   Code   RO         1750    i.GPIO_ReadInputDataBit  stm32f10x_gpio.o
    0x08000854   0x00000004   Code   RO         1754    i.GPIO_SetBits      stm32f10x_gpio.o
    0x08000858   0x0000000a   Code   RO         1757    i.GPIO_WriteBit     stm32f10x_gpio.o
    0x08000862   0x00000004   Code   RO          280    i.HardFault_Handler  stm32f10x_it.o
    0x08000866   0x0000002a   Code   RO         1857    i.I2C_CheckEvent    stm32f10x_i2c.o
    0x08000890   0x00000018   Code   RO         1860    i.I2C_Cmd           stm32f10x_i2c.o
    0x080008a8   0x00000038   Code   RO         1863    i.I2C_DeInit        stm32f10x_i2c.o
    0x080008e0   0x00000018   Code   RO         1867    i.I2C_GenerateSTART  stm32f10x_i2c.o
    0x080008f8   0x00000018   Code   RO         1868    i.I2C_GenerateSTOP  stm32f10x_i2c.o
    0x08000910   0x0000003a   Code   RO         1869    i.I2C_GetFlagStatus  stm32f10x_i2c.o
    0x0800094a   0x00000002   PAD
    0x0800094c   0x000000ec   Code   RO         1874    i.I2C_Init          stm32f10x_i2c.o
    0x08000a38   0x00000012   Code   RO         1881    i.I2C_Send7bitAddress  stm32f10x_i2c.o
    0x08000a4a   0x00000004   Code   RO         1882    i.I2C_SendData      stm32f10x_i2c.o
    0x08000a4e   0x00000002   PAD
    0x08000a50   0x00000010   Code   RO         4896    i.InitDisplay       display.o
    0x08000a60   0x0000004c   Code   RO            2    i.InitLED           main.o
    0x08000aac   0x00000054   Code   RO          376    i.InitPWM           pwm.o
    0x08000b00   0x00000068   Code   RO          377    i.InitTickTImer     pwm.o
    0x08000b68   0x0000003c   Code   RO         3961    i.KEY_Init          key.o
    0x08000ba4   0x000000c8   Code   RO         3962    i.KEY_Scan          key.o
    0x08000c6c   0x00000004   Code   RO          281    i.MemManage_Handler  stm32f10x_it.o
    0x08000c70   0x00000002   Code   RO          282    i.NMI_Handler       stm32f10x_it.o
    0x08000c72   0x00000002   PAD
    0x08000c74   0x00000070   Code   RO          595    i.NVIC_Init         misc.o
    0x08000ce4   0x00000014   Code   RO          596    i.NVIC_PriorityGroupConfig  misc.o
    0x08000cf8   0x00000002   Code   RO          283    i.PendSV_Handler    stm32f10x_it.o
    0x08000cfa   0x00000002   PAD
    0x08000cfc   0x00000038   Code   RO            4    i.PrintMsg          main.o
    0x08000d34   0x00000020   Code   RO         2162    i.RCC_APB1PeriphClockCmd  stm32f10x_rcc.o
    0x08000d54   0x00000020   Code   RO         2163    i.RCC_APB1PeriphResetCmd  stm32f10x_rcc.o
    0x08000d74   0x00000020   Code   RO         2164    i.RCC_APB2PeriphClockCmd  stm32f10x_rcc.o
    0x08000d94   0x00000014   Code   RO          378    i.RCC_Configuration  pwm.o
    0x08000da8   0x000000d4   Code   RO         2172    i.RCC_GetClocksFreq  stm32f10x_rcc.o
    0x08000e7c   0x0000000c   Code   RO         2451    i.SDIO_ClearFlag    stm32f10x_sdio.o
    0x08000e88   0x00000018   Code   RO         2463    i.SDIO_GetFlagStatus  stm32f10x_sdio.o
    0x08000ea0   0x00000008   Code   RO         3774    i.SDIO_IRQHandler   sdio_sdcard.o
    0x08000ea8   0x0000002c   Code   RO         2471    i.SDIO_SendCommand  stm32f10x_sdio.o
    0x08000ed4   0x0000013c   Code   RO         3783    i.SD_ProcessIRQSrc  sdio_sdcard.o
    0x08001010   0x0000004c   Code   RO         3563    i.SN76496_Init      sn76496.o
    0x0800105c   0x00000058   Code   RO         3564    i.SN76496_SendData  sn76496.o
    0x080010b4   0x00000084   Code   RO         3566    i.SN76496_Write     sn76496.o
    0x08001138   0x000000a0   Code   RO         4728    i.SSD1306_DrawPixel  ssd1306.o
    0x080011d8   0x00000020   Code   RO         4731    i.SSD1306_Fill      ssd1306.o
    0x080011f8   0x0000000c   Code   RO         4732    i.SSD1306_GotoXY    ssd1306.o
    0x08001204   0x00000154   Code   RO         4733    i.SSD1306_Init      ssd1306.o
    0x08001358   0x000000a8   Code   RO         4736    i.SSD1306_Putc      ssd1306.o
    0x08001400   0x0000002a   Code   RO         4737    i.SSD1306_Puts      ssd1306.o
    0x0800142a   0x00000002   PAD
    0x0800142c   0x00000048   Code   RO         4739    i.SSD1306_UpdateScreen  ssd1306.o
    0x08001474   0x00000002   Code   RO          284    i.SVC_Handler       stm32f10x_it.o
    0x08001476   0x00000002   PAD
    0x08001478   0x00000094   Code   RO            5    i.ScanKeys          main.o
    0x0800150c   0x00000008   Code   RO          341    i.SetSysClock       system_stm32f10x.o
    0x08001514   0x000000e0   Code   RO          342    i.SetSysClockTo72   system_stm32f10x.o
    0x080015f4   0x00000040   Code   RO            6    i.StartPlayback     main.o
    0x08001634   0x00000028   Code   RO          599    i.SysTick_CLKSourceConfig  misc.o
    0x0800165c   0x00000002   Code   RO          285    i.SysTick_Handler   stm32f10x_it.o
    0x0800165e   0x00000002   PAD
    0x08001660   0x00000060   Code   RO          344    i.SystemInit        system_stm32f10x.o
    0x080016c0   0x00000068   Code   RO            7    i.TIM4_IRQHandler   main.o
    0x08001728   0x00000006   Code   RO         2791    i.TIM_ClearITPendingBit  stm32f10x_tim.o
    0x0800172e   0x00000018   Code   RO         2796    i.TIM_Cmd           stm32f10x_tim.o
    0x08001746   0x00000022   Code   RO         2817    i.TIM_GetITStatus   stm32f10x_tim.o
    0x08001768   0x00000012   Code   RO         2821    i.TIM_ITConfig      stm32f10x_tim.o
    0x0800177a   0x00000002   PAD
    0x0800177c   0x00000098   Code   RO         2825    i.TIM_OC1Init       stm32f10x_tim.o
    0x08001814   0x00000012   Code   RO         2828    i.TIM_OC1PreloadConfig  stm32f10x_tim.o
    0x08001826   0x00000002   PAD
    0x08001828   0x000000a4   Code   RO         2867    i.TIM_TimeBaseInit  stm32f10x_tim.o
    0x080018cc   0x00000058   Code   RO            9    i.Tick              main.o
    0x08001924   0x00000088   Code   RO          490    i.USART1_IRQHandler  usart.o
    0x080019ac   0x00000018   Code   RO         3332    i.USART_Cmd         stm32f10x_usart.o
    0x080019c4   0x00000054   Code   RO         3336    i.USART_GetITStatus  stm32f10x_usart.o
    0x08001a18   0x0000004a   Code   RO         3338    i.USART_ITConfig    stm32f10x_usart.o
    0x08001a62   0x00000002   PAD
    0x08001a64   0x000000d8   Code   RO         3339    i.USART_Init        stm32f10x_usart.o
    0x08001b3c   0x0000000a   Code   RO         3346    i.USART_ReceiveData  stm32f10x_usart.o
    0x08001b46   0x00000004   Code   RO          286    i.UsageFault_Handler  stm32f10x_it.o
    0x08001b4a   0x00000002   PAD
    0x08001b4c   0x00000018   Code   RO         3567    i.WE_Write          sn76496.o
    0x08001b64   0x00000034   Code   RO         4897    i.WriteDisplayNoClear  display.o
    0x08001b98   0x000000ac   Code   RO         3619    i.YM2612_Init       ym2612.o
    0x08001c44   0x00000028   Code   RO         3621    i.YM2612_Reset      ym2612.o
    0x08001c6c   0x0000006c   Code   RO         3622    i.YM2612_Send8BitData  ym2612.o
    0x08001cd8   0x000000a0   Code   RO         3623    i.YM2612_SendDataPins  ym2612.o
    0x08001d78   0x0000000e   Code   RO         5052    i._is_digit         c_w.l(__printf_wp.o)
    0x08001d86   0x00000006   Code   RO          491    i._sys_exit         usart.o
    0x08001d8c   0x00000044   Code   RO          409    i.delay_init        delay.o
    0x08001dd0   0x0000004c   Code   RO          410    i.delay_ms          delay.o
    0x08001e1c   0x0000004c   Code   RO          411    i.delay_us          delay.o
    0x08001e68   0x0000001c   Code   RO          492    i.fputc             usart.o
    0x08001e84   0x00000094   Code   RO         4854    i.i2cm_Start        iic.o
    0x08001f18   0x00000030   Code   RO         4855    i.i2cm_Stop         iic.o
    0x08001f48   0x0000004c   Code   RO         4856    i.i2cm_WriteBuff    iic.o
    0x08001f94   0x000000a4   Code   RO         4857    i.i2cm_init         iic.o
    0x08002038   0x00000090   Code   RO           10    i.main              main.o
    0x080020c8   0x0000000e   Code   RO         3568    i.mydelay2          sn76496.o
    0x080020d6   0x00000002   PAD
    0x080020d8   0x000001ec   Code   RO           12    i.proccessVGMCmd    main.o
    0x080022c4   0x00000030   Code   RO           13    i.readBuffer        main.o
    0x080022f4   0x00000018   Code   RO           14    i.readBuffer16      main.o
    0x0800230c   0x00000028   Code   RO           15    i.readBuffer32      main.o
    0x08002334   0x00000018   Code   RO         4740    i.ssd1306_I2C_Init  ssd1306.o
    0x0800234c   0x0000004c   Code   RO         4741    i.ssd1306_I2C_Write  ssd1306.o
    0x08002398   0x00000058   Code   RO         4742    i.ssd1306_I2C_WriteMulti  ssd1306.o
    0x080023f0   0x000000a0   Code   RO          493    i.uart_init         usart.o
    0x08002490   0x0000a16c   Data   RO           20    .constdata          main.o
    0x0800c5fc   0x00002814   Data   RO         4705    .constdata          fonts.o
    0x0800ee10   0x00000011   Data   RO         5060    .constdata          c_w.l(__printf_flags_ss_wp.o)
    0x0800ee21   0x00000003   PAD
    0x0800ee24   0x00000001   Data   RO           21    .conststring        main.o
    0x0800ee25   0x00000003   PAD
    0x0800ee28   0x00000020   Data   RO         5321    Region$$Table       anon$$obj.o


    Execution Region ER_RW (Base: 0x20000000, Size: 0x00000094, Max: 0xffffffff, ABSOLUTE)

    Base Addr    Size         Type   Attr      Idx    E Section Name        Object

    0x20000000   0x00000028   Data   RW           22    .data               main.o
    0x20000028   0x00000014   Data   RW          345    .data               system_stm32f10x.o
    0x2000003c   0x00000004   Data   RW          412    .data               delay.o
    0x20000040   0x00000006   Data   RW          495    .data               usart.o
    0x20000046   0x00000014   Data   RW         2192    .data               stm32f10x_rcc.o
    0x2000005a   0x00000001   Data   RW         3570    .data               sn76496.o
    0x2000005b   0x00000001   PAD
    0x2000005c   0x00000010   Data   RW         3795    .data               sdio_sdcard.o
    0x2000006c   0x00000001   Data   RW         3963    .data               key.o
    0x2000006d   0x00000003   PAD
    0x20000070   0x00000018   Data   RW         4706    .data               fonts.o
    0x20000088   0x0000000a   Data   RW         4744    .data               ssd1306.o


    Execution Region ER_ZI (Base: 0x20000094, Size: 0x0000cf54, Max: 0xffffffff, ABSOLUTE)

    Base Addr    Size         Type   Attr      Idx    E Section Name        Object

    0x20000094   0x0000c350   Zero   RW           19    .bss                main.o
    0x2000c3e4   0x0000001a   Zero   RW          379    .bss                pwm.o
    0x2000c3fe   0x000000c8   Zero   RW          494    .bss                usart.o
    0x2000c4c6   0x00000002   PAD
    0x2000c4c8   0x000002c0   Zero   RW         3794    .bss                sdio_sdcard.o
    0x2000c788   0x00000200   Zero   RW         4743    .bss                ssd1306.o
    0x2000c988   0x00000060   Zero   RW         5183    .bss                c_w.l(libspace.o)
    0x2000c9e8   0x00000200   Zero   RW          589    HEAP                startup_stm32f10x_hd.o
    0x2000cbe8   0x00000400   Zero   RW          588    STACK               startup_stm32f10x_hd.o



  Load Region LR$$.ARM.__AT_0x68000000 (Base: 0x68000000, Size: 0x00000000, Max: 0x000f0000, ABSOLUTE)

    Execution Region ER$$.ARM.__AT_0x68000000 (Base: 0x68000000, Size: 0x000f0000, Max: 0x000f0000, ABSOLUTE, UNINIT)

    Base Addr    Size         Type   Attr      Idx    E Section Name        Object

    0x68000000   0x000f0000   Zero   RW         3992    .ARM.__AT_0x68000000  malloc.o



  Load Region LR$$.ARM.__AT_0x680F0000 (Base: 0x680f0000, Size: 0x00000000, Max: 0x0000f000, ABSOLUTE)

    Execution Region ER$$.ARM.__AT_0x680F0000 (Base: 0x680f0000, Size: 0x0000f000, Max: 0x0000f000, ABSOLUTE, UNINIT)

    Base Addr    Size         Type   Attr      Idx    E Section Name        Object

    0x680f0000   0x0000f000   Zero   RW         3993    .ARM.__AT_0x680F0000  malloc.o


==============================================================================

Image component sizes


      Code (inc. data)   RO Data    RW Data    ZI Data      Debug   Object Name

       220         26          0          4          0     206403   delay.o
        68         12          0          0          0       1576   display.o
         0          0      10260         24          0       1167   fonts.o
       436         30          0          0          0       3050   iic.o
       260         20          0          1          0       1090   key.o
      1284        266      41325         40      50000     278483   main.o
         0          0          0          0    1044480       1537   malloc.o
       172         22          0          0          0       2001   misc.o
       244         24          0          0         26       2267   pwm.o
       420         26          0         16        704      11202   sdio_sdcard.o
       334         20          0          1          0       2640   sn76496.o
      1014         56          0         10        512       6568   ssd1306.o
        64         26        304          0       1536        788   startup_stm32f10x_hd.o
       310          0          0          0          0       3615   stm32f10x_gpio.o
       486         20          0          0          0       6967   stm32f10x_i2c.o
        26          0          0          0          0       3586   stm32f10x_it.o
       308         38          0         20          0       4927   stm32f10x_rcc.o
        80         16          0          0          0       3377   stm32f10x_sdio.o
       416         62          0          0          0       4751   stm32f10x_tim.o
       408          6          0          0          0       4874   stm32f10x_usart.o
         0          0          0          0          0         32   sys.o
       328         28          0         20          0       2017   system_stm32f10x.o
       330         26          0          6        200       4048   usart.o
       480         30          0          0          0       2105   ym2612.o

    ----------------------------------------------------------------------
      7716        754      51924        148    1097460     559071   Object Totals
         0          0         32          0          0          0   (incl. Generated)
        28          0          3          6          2          0   (incl. Padding)

    ----------------------------------------------------------------------

      Code (inc. data)   RO Data    RW Data    ZI Data      Debug   Library Member Name

         8          0          0          0          0         68   __main.o
       392          4         17          0          0         92   __printf_flags_ss_wp.o
        14          0          0          0          0         68   __printf_wp.o
         0          0          0          0          0          0   __rtentry.o
        12          0          0          0          0          0   __rtentry2.o
         6          0          0          0          0          0   __rtentry4.o
        52          8          0          0          0          0   __scatter.o
        26          0          0          0          0          0   __scatter_copy.o
        28          0          0          0          0          0   __scatter_zi.o
        48          6          0          0          0         96   _printf_char_common.o
        36          4          0          0          0         80   _printf_char_file.o
         6          0          0          0          0          0   _printf_d.o
       120         16          0          0          0         92   _printf_dec.o
       178          0          0          0          0         88   _printf_intcommon.o
         0          0          0          0          0          0   _printf_percent.o
         4          0          0          0          0          0   _printf_percent_end.o
        16          0          0          0          0         68   aeabi_memset.o
        12          0          0          0          0         72   exit.o
         8          0          0          0          0         68   ferror.o
        78          0          0          0          0         80   h1_free.o
         6          0          0          0          0        152   heapauxi.o
         2          0          0          0          0          0   libinit.o
         2          0          0          0          0          0   libinit2.o
         2          0          0          0          0          0   libshutdown.o
         2          0          0          0          0          0   libshutdown2.o
         8          4          0          0         96         68   libspace.o
        24          4          0          0          0         84   noretval__2printf.o
         8          4          0          0          0         68   rt_heap_descriptor_intlibspace.o
        68          0          0          0          0         68   rt_memclr.o
        78          0          0          0          0         80   rt_memclr_w.o
         2          0          0          0          0          0   rtexit.o
        10          0          0          0          0          0   rtexit2.o
        74          0          0          0          0         80   sys_stackheap_outer.o
         2          0          0          0          0         68   use_no_semi.o
         2          0          0          0          0         68   use_no_semi_2.o

    ----------------------------------------------------------------------
      1340         50         20          0         96       1608   Library Totals
         6          0          3          0          0          0   (incl. Padding)

    ----------------------------------------------------------------------

      Code (inc. data)   RO Data    RW Data    ZI Data      Debug   Library Name

      1334         50         17          0         96       1608   c_w.l

    ----------------------------------------------------------------------
      1340         50         20          0         96       1608   Library Totals

    ----------------------------------------------------------------------

==============================================================================


      Code (inc. data)   RO Data    RW Data    ZI Data      Debug   

      9056        804      51944        148    1097556     554903   Grand Totals
      9056        804      51944        148    1097556     554903   ELF Image Totals
      9056        804      51944        148          0          0   ROM Totals

==============================================================================

    Total RO  Size (Code + RO Data)                61000 (  59.57kB)
    Total RW  Size (RW Data + ZI Data)           1097704 (1071.98kB)
    Total ROM Size (Code + RO Data + RW Data)      61148 (  59.71kB)

==============================================================================

