Component: ARM Compiler 5.05 update 1 (build 106) Tool: armlink [4d0efa]

==============================================================================

Section Cross References

    main.o(i.DisplayShowTestPage) refers to display.o(i.DrawPage) for DrawPage
    main.o(i.InitLED) refers to stm32f10x_rcc.o(i.RCC_APB2PeriphClockCmd) for RCC_APB2PeriphClockCmd
    main.o(i.InitLED) refers to stm32f10x_gpio.o(i.GPIO_Init) for GPIO_Init
    main.o(i.InitLED) refers to stm32f10x_gpio.o(i.GPIO_SetBits) for GPIO_SetBits
    main.o(i.LoadNextFile) refers to _printf_percent.o(.ARM.Collect$$_printf_percent$$00000000) for _printf_percent
    main.o(i.LoadNextFile) refers to _printf_d.o(.ARM.Collect$$_printf_percent$$00000009) for _printf_d
    main.o(i.LoadNextFile) refers to _printf_dec.o(.text) for _printf_int_dec
    main.o(i.LoadNextFile) refers to _printf_s.o(.ARM.Collect$$_printf_percent$$00000014) for _printf_s
    main.o(i.LoadNextFile) refers to _printf_str.o(.text) for _printf_str
    main.o(i.LoadNextFile) refers to _printf_c.o(.ARM.Collect$$_printf_percent$$00000013) for _printf_c
    main.o(i.LoadNextFile) refers to rt_memclr_w.o(.text) for __aeabi_memclr4
    main.o(i.LoadNextFile) refers to malloc.o(i.mymalloc) for mymalloc
    main.o(i.LoadNextFile) refers to noretval__2printf.o(.text) for __2printf
    main.o(i.LoadNextFile) refers to ff.o(i.f_opendir) for f_opendir
    main.o(i.LoadNextFile) refers to main.o(i.PrintMsg) for PrintMsg
    main.o(i.LoadNextFile) refers to ff.o(i.f_readdir) for f_readdir
    main.o(i.LoadNextFile) refers to strlen.o(.text) for strlen
    main.o(i.LoadNextFile) refers to main.o(i.strcasecmp) for strcasecmp
    main.o(i.LoadNextFile) refers to noretval__2sprintf.o(.text) for __2sprintf
    main.o(i.LoadNextFile) refers to ff.o(i.f_open) for f_open
    main.o(i.LoadNextFile) refers to malloc.o(i.myfree) for myfree
    main.o(i.LoadNextFile) refers to ff.o(i.f_read) for f_read
    main.o(i.LoadNextFile) refers to ff.o(i.f_close) for f_close
    main.o(i.LoadNextFile) refers to main.o(i.StopPlayback) for StopPlayback
    main.o(i.LoadNextFile) refers to main.o(i.ReadVGMHeader) for ReadVGMHeader
    main.o(i.LoadNextFile) refers to main.o(i.StartPlayback) for StartPlayback
    main.o(i.LoadNextFile) refers to main.o(.data) for playbackState
    main.o(i.LoadNextFile) refers to exfuns.o(.bss) for fileinfo
    main.o(i.LoadNextFile) refers to exfuns.o(.data) for br
    main.o(i.PrintMsg) refers to display.o(i.WriteDisplayNoClear) for WriteDisplayNoClear
    main.o(i.PrintMsg) refers to main.o(.data) for curlog
    main.o(i.ReadVGMHeader) refers to main.o(.data) for currnetVGMIndex
    main.o(i.ScanKeys) refers to _printf_percent.o(.ARM.Collect$$_printf_percent$$00000000) for _printf_percent
    main.o(i.ScanKeys) refers to _printf_d.o(.ARM.Collect$$_printf_percent$$00000009) for _printf_d
    main.o(i.ScanKeys) refers to _printf_dec.o(.text) for _printf_int_dec
    main.o(i.ScanKeys) refers to key.o(i.KEY_Scan) for KEY_Scan
    main.o(i.ScanKeys) refers to noretval__2printf.o(.text) for __2printf
    main.o(i.ScanKeys) refers to main.o(i.LoadNextFile) for LoadNextFile
    main.o(i.ScanKeys) refers to h1_free.o(.text) for free
    main.o(i.StartPlayback) refers to main.o(.data) for playbackState
    main.o(i.StopPlayback) refers to main.o(.data) for currnetVGMIndex
    main.o(i.TIM4_IRQHandler) refers to stm32f10x_tim.o(i.TIM_GetITStatus) for TIM_GetITStatus
    main.o(i.TIM4_IRQHandler) refers to stm32f10x_tim.o(i.TIM_ClearITPendingBit) for TIM_ClearITPendingBit
    main.o(i.TIM4_IRQHandler) refers to main.o(i.Tick) for Tick
    main.o(i.TIM4_IRQHandler) refers to main.o(.data) for playbackState
    main.o(i.TestSDCard) refers to _printf_percent.o(.ARM.Collect$$_printf_percent$$00000000) for _printf_percent
    main.o(i.TestSDCard) refers to _printf_d.o(.ARM.Collect$$_printf_percent$$00000009) for _printf_d
    main.o(i.TestSDCard) refers to _printf_dec.o(.text) for _printf_int_dec
    main.o(i.TestSDCard) refers to main.o(i.PrintMsg) for PrintMsg
    main.o(i.TestSDCard) refers to w25qxx.o(i.W25QXX_Init) for W25QXX_Init
    main.o(i.TestSDCard) refers to sram.o(i.FSMC_SRAM_Init) for FSMC_SRAM_Init
    main.o(i.TestSDCard) refers to malloc.o(i.my_mem_init) for my_mem_init
    main.o(i.TestSDCard) refers to noretval__2printf.o(.text) for __2printf
    main.o(i.TestSDCard) refers to exfuns.o(i.exfuns_init) for exfuns_init
    main.o(i.TestSDCard) refers to ff.o(i.f_mount) for f_mount
    main.o(i.TestSDCard) refers to delay.o(i.delay_ms) for delay_ms
    main.o(i.TestSDCard) refers to ff.o(i.f_mkfs) for f_mkfs
    main.o(i.TestSDCard) refers to ff.o(i.f_setlabel) for f_setlabel
    main.o(i.TestSDCard) refers to exfuns.o(i.exf_getfree) for exf_getfree
    main.o(i.TestSDCard) refers to main.o(i.LoadNextFile) for LoadNextFile
    main.o(i.TestSDCard) refers to exfuns.o(.data) for fs
    main.o(i.Tick) refers to main.o(i.proccessVGMCmd) for proccessVGMCmd
[...]
    uc_hextab                                0x0800ad1a   Data          20  _printf_hex_int.o(.constdata)
    lc_hextab                                0x0800ad2e   Data          20  _printf_hex_int.o(.constdata)
    .conststring                             0x0800ad44   Section       77  main.o(.conststring)
    .conststring                             0x0800ad94   Section       26  mycc936.o(.conststring)
    .data                                    0x20000000   Section       52  main.o(.data)
    .data                                    0x20000034   Section       20  system_stm32f10x.o(.data)
    .data                                    0x20000048   Section        4  delay.o(.data)
    fac_us                                   0x20000048   Data           1  delay.o(.data)
    fac_ms                                   0x2000004a   Data           2  delay.o(.data)
    .data                                    0x2000004c   Section        6  usart.o(.data)
    .data                                    0x20000052   Section       20  stm32f10x_rcc.o(.data)
    APBAHBPrescTable                         0x20000052   Data          16  stm32f10x_rcc.o(.data)
    ADCPrescTable                            0x20000062   Data           4  stm32f10x_rcc.o(.data)
    .data                                    0x20000066   Section        1  sn76496.o(.data)
    .data                                    0x20000068   Section        2  w25qxx.o(.data)
    .data                                    0x2000006c   Section       16  sdio_sdcard.o(.data)
    CardType                                 0x2000006c   Data           1  sdio_sdcard.o(.data)
    RCA                                      0x20000070   Data           4  sdio_sdcard.o(.data)
    DeviceMode                               0x20000074   Data           1  sdio_sdcard.o(.data)
    StopCondition                            0x20000075   Data           1  sdio_sdcard.o(.data)
    .data                                    0x2000007c   Section        1  key.o(.data)
    key_up                                   0x2000007c   Data           1  key.o(.data)
    .data                                    0x20000080   Section       28  malloc.o(.data)
    .data                                    0x2000009c   Section       10  ff.o(.data)
    FatFs                                    0x2000009c   Data           8  ff.o(.data)
    Fsid                                     0x200000a4   Data           2  ff.o(.data)
    .data                                    0x200000a6   Section        2  diskio.o(.data)
    .data                                    0x200000a8   Section        8  mycc936.o(.data)
    .data                                    0x200000b0   Section       28  exfuns.o(.data)
    .data                                    0x200000cc   Section       24  fonts.o(.data)
    .data                                    0x200000e4   Section       10  ssd1306.o(.data)
    SSD1306                                  0x200000e8   Data           6  ssd1306.o(.data)
    .bss                                     0x200000f0   Section       26  pwm.o(.bss)
    .bss                                     0x2000010a   Section      200  usart.o(.bss)
    .bss                                     0x200001d2   Section     4096  w25qxx.o(.bss)
    .bss                                     0x200011d8   Section      704  sdio_sdcard.o(.bss)
    CSD_Tab                                  0x2000121c   Data          16  sdio_sdcard.o(.bss)
    CID_Tab                                  0x2000122c   Data          16  sdio_sdcard.o(.bss)
    .bss                                     0x200014a0   Section    43520  malloc.o(.bss)
    .bss                                     0x2000bea0   Section      552  mycc936.o(.bss)
    .bss                                     0x2000c0c8   Section       68  exfuns.o(.bss)
    .bss                                     0x2000c10c   Section      512  ssd1306.o(.bss)
    SSD1306_Buffer                           0x2000c10c   Data         512  ssd1306.o(.bss)
    .bss                                     0x2000c30c   Section       96  libspace.o(.bss)
    HEAP                                     0x2000c370   Section      512  startup_stm32f10x_hd.o(HEAP)
    Heap_Mem                                 0x2000c370   Data         512  startup_stm32f10x_hd.o(HEAP)
    STACK                                    0x2000c570   Section     1024  startup_stm32f10x_hd.o(STACK)
    Stack_Mem                                0x2000c570   Data        1024  startup_stm32f10x_hd.o(STACK)
    __initial_sp                             0x2000c970   Data           0  startup_stm32f10x_hd.o(STACK)
    .ARM.__AT_0x68000000                     0x68000000   Section    983040  malloc.o(.ARM.__AT_0x68000000)
    .ARM.__AT_0x680F0000                     0x680f0000   Section    61440  malloc.o(.ARM.__AT_0x680F0000)

    Global Symbols

    Symbol Name                              Value     Ov Type        Size  Object(Section)

    BuildAttributes$$THM_ISAv4$P$D$K$B$S$PE$A:L22UL41UL21$X:L11$S22US41US21$IEEE1$IW$USESV6$~STKCKD$USESV7$~SHL$OTIME$ROPI$EBA8$UX$STANDARDLIB$REQ8$PRES8$EABIv2 0x00000000   Number         0  anon$$obj.o ABSOLUTE
    __ARM_use_no_argv                        0x00000000   Number         0  main.o ABSOLUTE
    _printf_flags                            0x00000000   Number         0  printf_stubs.o ABSOLUTE
    _printf_return_value                     0x00000000   Number         0  printf_stubs.o ABSOLUTE
    _printf_sizespec                         0x00000000   Number         0  printf_stubs.o ABSOLUTE
    _printf_widthprec                        0x00000000   Number         0  printf_stubs.o ABSOLUTE
    __ARM_exceptions_init                     - Undefined Weak Reference
    __alloca_initialize                       - Undefined Weak Reference
    __arm_preinit_                            - Undefined Weak Reference
    __cpp_initialize__aeabi_                  - Undefined Weak Reference
    __cxa_finalize                            - Undefined Weak Reference
    __rt_locale                               - Undefined Weak Reference
    __sigvec_lookup                           - Undefined Weak Reference
    __user_heap_extent                        - Undefined Weak Reference
    _atexit_init                              - Undefined Weak Reference
    _call_atexit_fns                          - Undefined Weak Reference
    _clock_init                               - Undefined Weak Reference
    _fp_trap_init                             - Undefined Weak Reference
    _fp_trap_shutdown                         - Undefined Weak Reference
    _get_lc_collate                           - Undefined Weak Reference
    _get_lc_ctype                             - Undefined Weak Reference
    _get_lc_monetary                          - Undefined Weak Reference
    _get_lc_numeric                           - Undefined Weak Reference
    _get_lc_time                              - Undefined Weak Reference
    _getenv_init                              - Undefined Weak Reference
    _handle_redirection                       - Undefined Weak Reference
    _initio                                   - Undefined Weak Reference
    _mutex_acquire                            - Undefined Weak Reference
    _mutex_free                               - Undefined Weak Reference
    _mutex_release                            - Undefined Weak Reference
    _printf_mbtowc                            - Undefined Weak Reference
    _printf_post_padding                      - Undefined Weak Reference
    _printf_pre_padding                       - Undefined Weak Reference
    _printf_truncate_signed                   - Undefined Weak Reference
    _printf_truncate_unsigned                 - Undefined Weak Reference
    _signal_finish                            - Undefined Weak Reference
    _signal_init                              - Undefined Weak Reference
    _terminateio                              - Undefined Weak Reference
    __Vectors_Size                           0x00000130   Number         0  startup_stm32f10x_hd.o ABSOLUTE
    __Vectors                                0x08000000   Data           4  startup_stm32f10x_hd.o(RESET)
    __Vectors_End                            0x08000130   Data           0  startup_stm32f10x_hd.o(RESET)
    __main                                   0x08000131   Thumb Code     8  __main.o(!!!main)
    __scatterload                            0x08000139   Thumb Code     0  __scatter.o(!!!scatter)
    __scatterload_rt2                        0x08000139   Thumb Code    44  __scatter.o(!!!scatter)
    __scatterload_rt2_thumb_only             0x08000139   Thumb Code     0  __scatter.o(!!!scatter)
    __scatterload_null                       0x08000147   Thumb Code     0  __scatter.o(!!!scatter)
    __scatterload_copy                       0x0800016d   Thumb Code    26  __scatter_copy.o(!!handler_copy)
    __scatterload_zeroinit                   0x08000189   Thumb Code    28  __scatter_zi.o(!!handler_zi)
    _printf_d                                0x080001a5   Thumb Code     0  _printf_d.o(.ARM.Collect$$_printf_percent$$00000009)
    _printf_percent                          0x080001a5   Thumb Code     0  _printf_percent.o(.ARM.Collect$$_printf_percent$$00000000)
    _printf_x                                0x080001ab   Thumb Code     0  _printf_x.o(.ARM.Collect$$_printf_percent$$0000000C)
    _printf_c                                0x080001b1   Thumb Code     0  _printf_c.o(.ARM.Collect$$_printf_percent$$00000013)
    _printf_s                                0x080001b7   Thumb Code     0  _printf_s.o(.ARM.Collect$$_printf_percent$$00000014)
    _printf_percent_end                      0x080001bd   Thumb Code     0  _printf_percent_end.o(.ARM.Collect$$_printf_percent$$00000017)
    __rt_lib_init                            0x080001c1   Thumb Code     0  libinit.o(.ARM.Collect$$libinit$$00000000)
    __rt_lib_init_alloca_1                   0x080001c3   Thumb Code     0  libinit2.o(.ARM.Collect$$libinit$$0000002E)
    __rt_lib_init_argv_1                     0x080001c3   Thumb Code     0  libinit2.o(.ARM.Collect$$libinit$$0000002C)
    __rt_lib_init_atexit_1                   0x080001c3   Thumb Code     0  libinit2.o(.ARM.Collect$$libinit$$0000001B)
    __rt_lib_init_clock_1                    0x080001c3   Thumb Code     0  libinit2.o(.ARM.Collect$$libinit$$00000021)
    __rt_lib_init_cpp_1                      0x080001c3   Thumb Code     0  libinit2.o(.ARM.Collect$$libinit$$00000032)
    __rt_lib_init_exceptions_1               0x080001c3   Thumb Code     0  libinit2.o(.ARM.Collect$$libinit$$00000030)
    __rt_lib_init_fp_1                       0x080001c3   Thumb Code     0  libinit2.o(.ARM.Collect$$libinit$$00000002)
    __rt_lib_init_fp_trap_1                  0x080001c3   Thumb Code     0  libinit2.o(.ARM.Collect$$libinit$$0000001F)
    __rt_lib_init_getenv_1                   0x080001c3   Thumb Code     0  libinit2.o(.ARM.Collect$$libinit$$00000023)
    __rt_lib_init_heap_1                     0x080001c3   Thumb Code     0  libinit2.o(.ARM.Collect$$libinit$$0000000A)
    __rt_lib_init_lc_collate_1               0x080001c3   Thumb Code     0  libinit2.o(.ARM.Collect$$libinit$$00000011)
    __rt_lib_init_lc_ctype_1                 0x080001c3   Thumb Code     0  libinit2.o(.ARM.Collect$$libinit$$00000013)
    __rt_lib_init_lc_monetary_1              0x080001c3   Thumb Code     0  libinit2.o(.ARM.Collect$$libinit$$00000015)
    __rt_lib_init_lc_numeric_1               0x080001c3   Thumb Code     0  libinit2.o(.ARM.Collect$$libinit$$00000017)
    __rt_lib_init_lc_time_1                  0x080001c3   Thumb Code     0  libinit2.o(.ARM.Collect$$libinit$$00000019)
    __rt_lib_init_preinit_1                  0x080001c3   Thumb Code     0  libinit2.o(.ARM.Collect$$libinit$$00000004)
    __rt_lib_init_rand_1                     0x080001c3   Thumb Code     0  libinit2.o(.ARM.Collect$$libinit$$0000000E)
    __rt_lib_init_return                     0x080001c3   Thumb Code     0  libinit2.o(.ARM.Collect$$libinit$$00000033)
    __rt_lib_init_signal_1                   0x080001c3   Thumb Code     0  libinit2.o(.ARM.Collect$$libinit$$0000001D)
    __rt_lib_init_stdio_1                    0x080001c3   Thumb Code     0  libinit2.o(.ARM.Collect$$libinit$$00000025)
    __rt_lib_init_user_alloc_1               0x080001c3   Thumb Code     0  libinit2.o(.ARM.Collect$$libinit$$0000000C)
    __rt_lib_shutdown                        0x080001c5   Thumb Code     0  libshutdown.o(.ARM.Collect$$libshutdown$$00000000)
    __rt_lib_shutdown_fp_trap_1              0x080001c7   Thumb Code     0  libshutdown2.o(.ARM.Collect$$libshutdown$$00000006)
    __rt_lib_shutdown_heap_1                 0x080001c7   Thumb Code     0  libshutdown2.o(.ARM.Collect$$libshutdown$$0000000E)
    __rt_lib_shutdown_return                 0x080001c7   Thumb Code     0  libshutdown2.o(.ARM.Collect$$libshutdown$$0000000F)
    __rt_lib_shutdown_signal_1               0x080001c7   Thumb Code     0  libshutdown2.o(.ARM.Collect$$libshutdown$$00000009)
    __rt_lib_shutdown_stdio_1                0x080001c7   Thumb Code     0  libshutdown2.o(.ARM.Collect$$libshutdown$$00000003)
    __rt_lib_shutdown_user_alloc_1           0x080001c7   Thumb Code     0  libshutdown2.o(.ARM.Collect$$libshutdown$$0000000B)
    __rt_entry                               0x080001c9   Thumb Code     0  __rtentry.o(.ARM.Collect$$rtentry$$00000000)
    __rt_entry_presh_1                       0x080001c9   Thumb Code     0  __rtentry2.o(.ARM.Collect$$rtentry$$00000002)
    __rt_entry_sh                            0x080001c9   Thumb Code     0  __rtentry4.o(.ARM.Collect$$rtentry$$00000004)
    __rt_entry_li                            0x080001cf   Thumb Code     0  __rtentry2.o(.ARM.Collect$$rtentry$$0000000A)
    __rt_entry_postsh_1                      0x080001cf   Thumb Code     0  __rtentry2.o(.ARM.Collect$$rtentry$$00000009)
    __rt_entry_main                          0x080001d3   Thumb Code     0  __rtentry2.o(.ARM.Collect$$rtentry$$0000000D)
    __rt_entry_postli_1                      0x080001d3   Thumb Code     0  __rtentry2.o(.ARM.Collect$$rtentry$$0000000C)
    __rt_exit                                0x080001db   Thumb Code     0  rtexit.o(.ARM.Collect$$rtexit$$00000000)
    __rt_exit_ls                             0x080001dd   Thumb Code     0  rtexit2.o(.ARM.Collect$$rtexit$$00000003)
    __rt_exit_prels_1                        0x080001dd   Thumb Code     0  rtexit2.o(.ARM.Collect$$rtexit$$00000002)
    __rt_exit_exit                           0x080001e1   Thumb Code     0  rtexit2.o(.ARM.Collect$$rtexit$$00000004)
    Reset_Handler                            0x080001e9   Thumb Code     8  startup_stm32f10x_hd.o(.text)
    ADC1_2_IRQHandler                        0x08000203   Thumb Code     0  startup_stm32f10x_hd.o(.text)
    ADC3_IRQHandler                          0x08000203   Thumb Code     0  startup_stm32f10x_hd.o(.text)
    CAN1_RX1_IRQHandler                      0x08000203   Thumb Code     0  startup_stm32f10x_hd.o(.text)
    CAN1_SCE_IRQHandler                      0x08000203   Thumb Code     0  startup_stm32f10x_hd.o(.text)
    DMA1_Channel1_IRQHandler                 0x08000203   Thumb Code     0  startup_stm32f10x_hd.o(.text)
    DMA1_Channel2_IRQHandler                 0x08000203   Thumb Code     0  startup_stm32f10x_hd.o(.text)
    DMA1_Channel3_IRQHandler                 0x08000203   Thumb Code     0  startup_stm32f10x_hd.o(.text)
    DMA1_Channel4_IRQHandler                 0x08000203   Thumb Code     0  startup_stm32f10x_hd.o(.text)
    DMA1_Channel5_IRQHandler                 0x08000203   Thumb Code     0  startup_stm32f10x_hd.o(.text)
    DMA1_Channel6_IRQHandler                 0x08000203   Thumb Code     0  startup_stm32f10x_hd.o(.text)
    DMA1_Channel7_IRQHandler                 0x08000203   Thumb Code     0  startup_stm32f10x_hd.o(.text)
    DMA2_Channel1_IRQHandler                 0x08000203   Thumb Code     0  startup_stm32f10x_hd.o(.text)
    DMA2_Channel2_IRQHandler                 0x08000203   Thumb Code     0  startup_stm32f10x_hd.o(.text)
    DMA2_Channel3_IRQHandler                 0x08000203   Thumb Code     0  startup_stm32f10x_hd.o(.text)
    DMA2_Channel4_5_IRQHandler               0x08000203   Thumb Code     0  startup_stm32f10x_hd.o(.text)
    EXTI0_IRQHandler                         0x08000203   Thumb Code     0  startup_stm32f10x_hd.o(.text)
    EXTI15_10_IRQHandler                     0x08000203   Thumb Code     0  startup_stm32f10x_hd.o(.text)
    EXTI1_IRQHandler                         0x08000203   Thumb Code     0  startup_stm32f10x_hd.o(.text)
    EXTI2_IRQHandler                         0x08000203   Thumb Code     0  startup_stm32f10x_hd.o(.text)
    EXTI3_IRQHandler                         0x08000203   Thumb Code     0  startup_stm32f10x_hd.o(.text)
    EXTI4_IRQHandler                         0x08000203   Thumb Code     0  startup_stm32f10x_hd.o(.text)
    EXTI9_5_IRQHandler                       0x08000203   Thumb Code     0  startup_stm32f10x_hd.o(.text)
    FLASH_IRQHandler                         0x08000203   Thumb Code     0  startup_stm32f10x_hd.o(.text)
    FSMC_IRQHandler                          0x08000203   Thumb Code     0  startup_stm32f10x_hd.o(.text)
    I2C1_ER_IRQHandler                       0x08000203   Thumb Code     0  startup_stm32f10x_hd.o(.text)
    I2C1_EV_IRQHandler                       0x08000203   Thumb Code     0  startup_stm32f10x_hd.o(.text)
    I2C2_ER_IRQHandler                       0x08000203   Thumb Code     0  startup_stm32f10x_hd.o(.text)
    I2C2_EV_IRQHandler                       0x08000203   Thumb Code     0  startup_stm32f10x_hd.o(.text)
    PVD_IRQHandler                           0x08000203   Thumb Code     0  startup_stm32f10x_hd.o(.text)
    RCC_IRQHandler                           0x08000203   Thumb Code     0  startup_stm32f10x_hd.o(.text)
    RTCAlarm_IRQHandler                      0x08000203   Thumb Code     0  startup_stm32f10x_hd.o(.text)
    RTC_IRQHandler                           0x08000203   Thumb Code     0  startup_stm32f10x_hd.o(.text)
    SPI1_IRQHandler                          0x08000203   Thumb Code     0  startup_stm32f10x_hd.o(.text)
    SPI2_IRQHandler                          0x08000203   Thumb Code     0  startup_stm32f10x_hd.o(.text)
    SPI3_IRQHandler                          0x08000203   Thumb Code     0  startup_stm32f10x_hd.o(.text)
    TAMPER_IRQHandler                        0x08000203   Thumb Code     0  startup_stm32f10x_hd.o(.text)
    TIM1_BRK_IRQHandler                      0x08000203   Thumb Code     0  startup_stm32f10x_hd.o(.text)
    TIM1_CC_IRQHandler                       0x08000203   Thumb Code     0  startup_stm32f10x_hd.o(.text)
    TIM1_TRG_COM_IRQHandler                  0x08000203   Thumb Code     0  startup_stm32f10x_hd.o(.text)
    TIM1_UP_IRQHandler                       0x08000203   Thumb Code     0  startup_stm32f10x_hd.o(.text)
    TIM2_IRQHandler                          0x08000203   Thumb Code     0  startup_stm32f10x_hd.o(.text)
    TIM3_IRQHandler                          0x08000203   Thumb Code     0  startup_stm32f10x_hd.o(.text)
    TIM5_IRQHandler                          0x08000203   Thumb Code     0  startup_stm32f10x_hd.o(.text)
    TIM6_IRQHandler                          0x08000203   Thumb Code     0  startup_stm32f10x_hd.o(.text)
    TIM7_IRQHandler                          0x08000203   Thumb Code     0  startup_stm32f10x_hd.o(.text)
    TIM8_BRK_IRQHandler                      0x08000203   Thumb Code     0  startup_stm32f10x_hd.o(.text)
    TIM8_CC_IRQHandler                       0x08000203   Thumb Code     0  startup_stm32f10x_hd.o(.text)
    TIM8_TRG_COM_IRQHandler                  0x08000203   Thumb Code     0  startup_stm32f10x_hd.o(.text)
    TIM8_UP_IRQHandler                       0x08000203   Thumb Code     0  startup_stm32f10x_hd.o(.text)
    UART4_IRQHandler                         0x08000203   Thumb Code     0  startup_stm32f10x_hd.o(.text)
    UART5_IRQHandler                         0x08000203   Thumb Code     0  startup_stm32f10x_hd.o(.text)
    USART2_IRQHandler                        0x08000203   Thumb Code     0  startup_stm32f10x_hd.o(.text)
    USART3_IRQHandler                        0x08000203   Thumb Code     0  startup_stm32f10x_hd.o(.text)
    USBWakeUp_IRQHandler                     0x08000203   Thumb Code     0  startup_stm32f10x_hd.o(.text)
    USB_HP_CAN1_TX_IRQHandler                0x08000203   Thumb Code     0  startup_stm32f10x_hd.o(.text)
    USB_LP_CAN1_RX0_IRQHandler               0x08000203   Thumb Code     0  startup_stm32f10x_hd.o(.text)
    WWDG_IRQHandler                          0x08000203   Thumb Code     0  startup_stm32f10x_hd.o(.text)
    __user_initial_stackheap                 0x08000205   Thumb Code     0  startup_stm32f10x_hd.o(.text)
    __use_no_semihosting                     0x08000229   Thumb Code     2  use_no_semi_2.o(.text)
    free                                     0x0800022b   Thumb Code    78  h1_free.o(.text)
    __aeabi_ldivmod                          0x08000279   Thumb Code     0  llsdiv.o(.text)
    _ll_sdiv                                 0x08000279   Thumb Code    72  llsdiv.o(.text)
    __2printf                                0x080002c1   Thumb Code    20  noretval__2printf.o(.text)
    __2sprintf                               0x080002d9   Thumb Code    34  noretval__2sprintf.o(.text)
    _printf_str                              0x08000301   Thumb Code    82  _printf_str.o(.text)
    _printf_int_dec                          0x08000355   Thumb Code   104  _printf_dec.o(.text)
    _printf_int_hex                          0x080003cd   Thumb Code    84  _printf_hex_int.o(.text)
    _printf_longlong_hex                     0x080003cd   Thumb Code     0  _printf_hex_int.o(.text)
    __printf                                 0x08000425   Thumb Code   184  __printf_ss.o(.text)
    strlen                                   0x080004dd   Thumb Code    62  strlen.o(.text)
    __aeabi_memcpy                           0x0800051b   Thumb Code     0  rt_memcpy_v6.o(.text)
    __rt_memcpy                              0x0800051b   Thumb Code   138  rt_memcpy_v6.o(.text)
    _memcpy_lastbytes                        0x08000581   Thumb Code     0  rt_memcpy_v6.o(.text)
    __aeabi_memset                           0x080005a5   Thumb Code    16  aeabi_memset.o(.text)
    __aeabi_memclr4                          0x080005b5   Thumb Code     0  rt_memclr_w.o(.text)
    __aeabi_memclr8                          0x080005b5   Thumb Code     0  rt_memclr_w.o(.text)
    __rt_memclr_w                            0x080005b5   Thumb Code    78  rt_memclr_w.o(.text)
    _memset_w                                0x080005b9   Thumb Code     0  rt_memclr_w.o(.text)
    __use_two_region_memory                  0x08000603   Thumb Code     2  heapauxi.o(.text)
    __rt_heap_escrow                         0x08000605   Thumb Code     2  heapauxi.o(.text)
    __rt_heap_expand                         0x08000607   Thumb Code     2  heapauxi.o(.text)
    __I$use$semihosting                      0x08000609   Thumb Code     0  use_no_semi.o(.text)
    __use_no_semihosting_swi                 0x08000609   Thumb Code     2  use_no_semi.o(.text)
    __rt_heap_descriptor                     0x0800060d   Thumb Code     8  rt_heap_descriptor_intlibspace.o(.text)
    __aeabi_uldivmod                         0x08000615   Thumb Code     0  lludivv7m.o(.text)
    _ll_udiv                                 0x08000615   Thumb Code   238  lludivv7m.o(.text)
    _printf_int_common                       0x08000703   Thumb Code   178  _printf_intcommon.o(.text)
    _printf_char_common                      0x080007bf   Thumb Code    32  _printf_char_common.o(.text)
    _sputc                                   0x080007e5   Thumb Code    10  _sputc.o(.text)
    _printf_cs_common                        0x080007ef   Thumb Code    20  _printf_char.o(.text)
    _printf_char                             0x08000803   Thumb Code    16  _printf_char.o(.text)
    _printf_string                           0x08000813   Thumb Code     8  _printf_char.o(.text)
    _printf_char_file                        0x0800081d   Thumb Code    32  _printf_char_file.o(.text)
    __aeabi_memcpy4                          0x08000841   Thumb Code     0  rt_memcpy_w.o(.text)
    __aeabi_memcpy8                          0x08000841   Thumb Code     0  rt_memcpy_w.o(.text)
    __rt_memcpy_w                            0x08000841   Thumb Code   100  rt_memcpy_w.o(.text)
    _memcpy_lastbytes_aligned                0x08000889   Thumb Code     0  rt_memcpy_w.o(.text)
    __aeabi_memclr                           0x080008a5   Thumb Code     0  rt_memclr.o(.text)
    __rt_memclr                              0x080008a5   Thumb Code    68  rt_memclr.o(.text)
    _memset                                  0x080008a9   Thumb Code     0  rt_memclr.o(.text)
    __user_libspace                          0x080008e9   Thumb Code     8  libspace.o(.text)
    __user_perproc_libspace                  0x080008e9   Thumb Code     0  libspace.o(.text)
    __user_perthread_libspace                0x080008e9   Thumb Code     0  libspace.o(.text)
    ferror                                   0x080008f1   Thumb Code     8  ferror.o(.text)
    __user_setup_stackheap                   0x080008f9   Thumb Code    74  sys_stackheap_outer.o(.text)
    exit                                     0x08000943   Thumb Code    12  exit.o(.text)
    BusFault_Handler                         0x0800094f   Thumb Code     4  stm32f10x_it.o(i.BusFault_Handler)
    CmdError                                 0x08000953   Thumb Code    48  sdio_sdcard.o(i.CmdError)
    CmdResp1Error                            0x08000985   Thumb Code    90  sdio_sdcard.o(i.CmdResp1Error)
    CmdResp2Error                            0x080009e5   Thumb Code    80  sdio_sdcard.o(i.CmdResp2Error)
    CmdResp3Error                            0x08000a39   Thumb Code    50  sdio_sdcard.o(i.CmdResp3Error)
    CmdResp6Error                            0x08000a71   Thumb Code   140  sdio_sdcard.o(i.CmdResp6Error)
    CmdResp7Error                            0x08000b01   Thumb Code    70  sdio_sdcard.o(i.CmdResp7Error)
    DMA_Cmd                                  0x08000b4d   Thumb Code    24  stm32f10x_dma.o(i.DMA_Cmd)
    DMA_DeInit                               0x08000b65   Thumb Code   324  stm32f10x_dma.o(i.DMA_DeInit)
    DMA_Init                                 0x08000cb1   Thumb Code    60  stm32f10x_dma.o(i.DMA_Init)
    DebugMon_Handler                         0x08000ced   Thumb Code     2  stm32f10x_it.o(i.DebugMon_Handler)
    FSMC_NORSRAMCmd                          0x08000cf1   Thumb Code    46  stm32f10x_fsmc.o(i.FSMC_NORSRAMCmd)
    FSMC_NORSRAMInit                         0x08000d25   Thumb Code   230  stm32f10x_fsmc.o(i.FSMC_NORSRAMInit)
    FSMC_SRAM_Init                           0x08000e0d   Thumb Code   182  sram.o(i.FSMC_SRAM_Init)
    FindSCR                                  0x08000ed5   Thumb Code   444  sdio_sdcard.o(i.FindSCR)
    GPIO_Configuration                       0x08001125   Thumb Code    30  pwm.o(i.GPIO_Configuration)
    GPIO_Init                                0x08001149   Thumb Code   278  stm32f10x_gpio.o(i.GPIO_Init)
    GPIO_ReadInputDataBit                    0x0800125f   Thumb Code    18  stm32f10x_gpio.o(i.GPIO_ReadInputDataBit)
    GPIO_SetBits                             0x08001271   Thumb Code     4  stm32f10x_gpio.o(i.GPIO_SetBits)
    GPIO_WriteBit                            0x08001275   Thumb Code    10  stm32f10x_gpio.o(i.GPIO_WriteBit)
    HardFault_Handler                        0x0800127f   Thumb Code     4  stm32f10x_it.o(i.HardFault_Handler)
    I2C_CheckEvent                           0x08001283   Thumb Code    42  stm32f10x_i2c.o(i.I2C_CheckEvent)
    I2C_Cmd                                  0x080012ad   Thumb Code    24  stm32f10x_i2c.o(i.I2C_Cmd)
    I2C_DeInit                               0x080012c5   Thumb Code    50  stm32f10x_i2c.o(i.I2C_DeInit)
    I2C_GenerateSTART                        0x080012fd   Thumb Code    24  stm32f10x_i2c.o(i.I2C_GenerateSTART)
    I2C_GenerateSTOP                         0x08001315   Thumb Code    24  stm32f10x_i2c.o(i.I2C_GenerateSTOP)
    I2C_GetFlagStatus                        0x0800132d   Thumb Code    58  stm32f10x_i2c.o(i.I2C_GetFlagStatus)
    I2C_Init                                 0x08001369   Thumb Code   222  stm32f10x_i2c.o(i.I2C_Init)
    I2C_Send7bitAddress                      0x08001455   Thumb Code    18  stm32f10x_i2c.o(i.I2C_Send7bitAddress)
    I2C_SendData                             0x08001467   Thumb Code     4  stm32f10x_i2c.o(i.I2C_SendData)
    INTX_DISABLE                             0x0800146b   Thumb Code     4  sys.o(i.INTX_DISABLE)
    INTX_ENABLE                              0x0800146f   Thumb Code     4  sys.o(i.INTX_ENABLE)
    InitDisplay                              0x08001475   Thumb Code    10  display.o(i.InitDisplay)
    InitLED                                  0x08001485   Thumb Code    68  main.o(i.InitLED)
    InitPWM                                  0x080014d1   Thumb Code    72  pwm.o(i.InitPWM)
    InitTickTImer                            0x08001525   Thumb Code    98  pwm.o(i.InitTickTImer)
    IsCardProgramming                        0x0800158d   Thumb Code   142  sdio_sdcard.o(i.IsCardProgramming)
    KEY_Init                                 0x08001629   Thumb Code    52  key.o(i.KEY_Init)
    KEY_Scan                                 0x08001665   Thumb Code   188  key.o(i.KEY_Scan)
    LoadNextFile                             0x0800172d   Thumb Code   510  main.o(i.LoadNextFile)
    MemManage_Handler                        0x08001a69   Thumb Code     4  stm32f10x_it.o(i.MemManage_Handler)
    NMI_Handler                              0x08001a6d   Thumb Code     2  stm32f10x_it.o(i.NMI_Handler)
    NVIC_Init                                0x08001a71   Thumb Code   100  misc.o(i.NVIC_Init)
    NVIC_PriorityGroupConfig                 0x08001ae1   Thumb Code    10  misc.o(i.NVIC_PriorityGroupConfig)
    PendSV_Handler                           0x08001af5   Thumb Code     2  stm32f10x_it.o(i.PendSV_Handler)
    PrintMsg                                 0x08001af9   Thumb Code    46  main.o(i.PrintMsg)
    RCC_AHBPeriphClockCmd                    0x08001b31   Thumb Code    26  stm32f10x_rcc.o(i.RCC_AHBPeriphClockCmd)
    RCC_APB1PeriphClockCmd                   0x08001b51   Thumb Code    26  stm32f10x_rcc.o(i.RCC_APB1PeriphClockCmd)
    RCC_APB1PeriphResetCmd                   0x08001b71   Thumb Code    26  stm32f10x_rcc.o(i.RCC_APB1PeriphResetCmd)
    RCC_APB2PeriphClockCmd                   0x08001b91   Thumb Code    26  stm32f10x_rcc.o(i.RCC_APB2PeriphClockCmd)
    RCC_Configuration                        0x08001bb1   Thumb Code    20  pwm.o(i.RCC_Configuration)
    RCC_GetClocksFreq                        0x08001bc5   Thumb Code   192  stm32f10x_rcc.o(i.RCC_GetClocksFreq)
    ReadVGMHeader                            0x08001c99   Thumb Code    10  main.o(i.ReadVGMHeader)
    SDEnWideBus                              0x08001ca9   Thumb Code   172  sdio_sdcard.o(i.SDEnWideBus)
    SDIO_ClearFlag                           0x08001dad   Thumb Code     6  stm32f10x_sdio.o(i.SDIO_ClearFlag)
    SDIO_ClockCmd                            0x08001db9   Thumb Code     6  stm32f10x_sdio.o(i.SDIO_ClockCmd)
    SDIO_Clock_Set                           0x08001dc5   Thumb Code    16  sdio_sdcard.o(i.SDIO_Clock_Set)
    SDIO_DMACmd                              0x08001dd9   Thumb Code     6  stm32f10x_sdio.o(i.SDIO_DMACmd)
    SDIO_DataConfig                          0x08001de5   Thumb Code    42  stm32f10x_sdio.o(i.SDIO_DataConfig)
    SDIO_DeInit                              0x08001e15   Thumb Code    28  stm32f10x_sdio.o(i.SDIO_DeInit)
    SDIO_GetFlagStatus                       0x08001e39   Thumb Code    20  stm32f10x_sdio.o(i.SDIO_GetFlagStatus)
    SDIO_GetPowerState                       0x08001e51   Thumb Code    10  stm32f10x_sdio.o(i.SDIO_GetPowerState)
    SDIO_IRQHandler                          0x08001e61   Thumb Code     8  sdio_sdcard.o(i.SDIO_IRQHandler)
    SDIO_Init                                0x08001e69   Thumb Code    42  stm32f10x_sdio.o(i.SDIO_Init)
    SDIO_ReadData                            0x08001e99   Thumb Code     6  stm32f10x_sdio.o(i.SDIO_ReadData)
    SDIO_SendCommand                         0x08001ea5   Thumb Code    38  stm32f10x_sdio.o(i.SDIO_SendCommand)
    SDIO_SetPowerState                       0x08001ed1   Thumb Code    22  stm32f10x_sdio.o(i.SDIO_SetPowerState)
    SDIO_WriteData                           0x08001eed   Thumb Code     6  stm32f10x_sdio.o(i.SDIO_WriteData)
    SD_DMA_Config                            0x08001ef9   Thumb Code    94  sdio_sdcard.o(i.SD_DMA_Config)
    SD_EnableWideBusOperation                0x08001f61   Thumb Code   108  sdio_sdcard.o(i.SD_EnableWideBusOperation)
    SD_GetCardInfo                           0x08002005   Thumb Code   772  sdio_sdcard.o(i.SD_GetCardInfo)
    SD_Init                                  0x08002319   Thumb Code   314  sdio_sdcard.o(i.SD_Init)
    SD_InitializeCards                       0x0800252d   Thumb Code   316  sdio_sdcard.o(i.SD_InitializeCards)
    SD_PowerON                               0x08002681   Thumb Code   450  sdio_sdcard.o(i.SD_PowerON)
    SD_ProcessIRQSrc                         0x0800285d   Thumb Code   296  sdio_sdcard.o(i.SD_ProcessIRQSrc)
    SD_ReadBlock                             0x08002999   Thumb Code   558  sdio_sdcard.o(i.SD_ReadBlock)
    SD_ReadDisk                              0x08002bf1   Thumb Code   148  sdio_sdcard.o(i.SD_ReadDisk)
    SD_ReadMultiBlocks                       0x08002c89   Thumb Code   698  sdio_sdcard.o(i.SD_ReadMultiBlocks)
    SD_SelectDeselect                        0x08002f71   Thumb Code    42  sdio_sdcard.o(i.SD_SelectDeselect)
    SD_SetDeviceMode                         0x08002fa1   Thumb Code    20  sdio_sdcard.o(i.SD_SetDeviceMode)
    SD_WriteBlock                            0x08002fb9   Thumb Code   844  sdio_sdcard.o(i.SD_WriteBlock)
    SD_WriteDisk                             0x0800332d   Thumb Code   148  sdio_sdcard.o(i.SD_WriteDisk)
    SD_WriteMultiBlocks                      0x080033c5   Thumb Code   920  sdio_sdcard.o(i.SD_WriteMultiBlocks)
    SN76496_Init                             0x08003785   Thumb Code   138  sn76496.o(i.SN76496_Init)
    SN76496_SendData                         0x0800381d   Thumb Code    84  sn76496.o(i.SN76496_SendData)
    SN76496_Write                            0x08003875   Thumb Code   138  sn76496.o(i.SN76496_Write)
    SPI2_Init                                0x08003909   Thumb Code   140  spi.o(i.SPI2_Init)
    SPI2_ReadWriteByte                       0x0800399d   Thumb Code    78  spi.o(i.SPI2_ReadWriteByte)
    SPI2_SetSpeed                            0x080039f1   Thumb Code    36  spi.o(i.SPI2_SetSpeed)
    SPI_Cmd                                  0x08003a19   Thumb Code    24  stm32f10x_spi.o(i.SPI_Cmd)
    SPI_I2S_GetFlagStatus                    0x08003a31   Thumb Code    18  stm32f10x_spi.o(i.SPI_I2S_GetFlagStatus)
    SPI_I2S_ReceiveData                      0x08003a43   Thumb Code     6  stm32f10x_spi.o(i.SPI_I2S_ReceiveData)
    SPI_I2S_SendData                         0x08003a49   Thumb Code     4  stm32f10x_spi.o(i.SPI_I2S_SendData)
    SPI_Init                                 0x08003a4d   Thumb Code    60  stm32f10x_spi.o(i.SPI_Init)
    SSD1306_DrawPixel                        0x08003a89   Thumb Code   152  ssd1306.o(i.SSD1306_DrawPixel)
    SSD1306_Fill                             0x08003b29   Thumb Code    26  ssd1306.o(i.SSD1306_Fill)
    SSD1306_GotoXY                           0x08003b49   Thumb Code     8  ssd1306.o(i.SSD1306_GotoXY)
    SSD1306_Init                             0x08003b55   Thumb Code   330  ssd1306.o(i.SSD1306_Init)
    SSD1306_Putc                             0x08003ca9   Thumb Code   164  ssd1306.o(i.SSD1306_Putc)
    SSD1306_Puts                             0x08003d51   Thumb Code    42  ssd1306.o(i.SSD1306_Puts)
    SSD1306_UpdateScreen                     0x08003d7d   Thumb Code    68  ssd1306.o(i.SSD1306_UpdateScreen)
    SVC_Handler                              0x08003dc5   Thumb Code     2  stm32f10x_it.o(i.SVC_Handler)
    ScanKeys                                 0x08003dc9   Thumb Code    84  main.o(i.ScanKeys)
    StartPlayback                            0x08003f4d   Thumb Code     8  main.o(i.StartPlayback)
    StopPlayback                             0x08003f59   Thumb Code    32  main.o(i.StopPlayback)
    SysTick_CLKSourceConfig                  0x08003f95   Thumb Code    40  misc.o(i.SysTick_CLKSourceConfig)
    SysTick_Handler                          0x08003fbd   Thumb Code     2  stm32f10x_it.o(i.SysTick_Handler)
    SystemInit                               0x08003fc1   Thumb Code    78  system_stm32f10x.o(i.SystemInit)
    TIM4_IRQHandler                          0x08004021   Thumb Code    78  main.o(i.TIM4_IRQHandler)
    TIM_ClearITPendingBit                    0x0800408d   Thumb Code     6  stm32f10x_tim.o(i.TIM_ClearITPendingBit)
    TIM_Cmd                                  0x08004093   Thumb Code    24  stm32f10x_tim.o(i.TIM_Cmd)
    TIM_GetITStatus                          0x080040ab   Thumb Code    34  stm32f10x_tim.o(i.TIM_GetITStatus)
    TIM_ITConfig                             0x080040cd   Thumb Code    18  stm32f10x_tim.o(i.TIM_ITConfig)
    TIM_OC1Init                              0x080040e1   Thumb Code   132  stm32f10x_tim.o(i.TIM_OC1Init)
    TIM_OC1PreloadConfig                     0x08004179   Thumb Code    18  stm32f10x_tim.o(i.TIM_OC1PreloadConfig)
    TIM_TimeBaseInit                         0x0800418d   Thumb Code   122  stm32f10x_tim.o(i.TIM_TimeBaseInit)
    TestSDCard                               0x08004231   Thumb Code   256  main.o(i.TestSDCard)
    Tick                                     0x08004495   Thumb Code    74  main.o(i.Tick)
    USART1_IRQHandler                        0x080044ed   Thumb Code   122  usart.o(i.USART1_IRQHandler)
    USART_Cmd                                0x08004575   Thumb Code    24  stm32f10x_usart.o(i.USART_Cmd)
    USART_GetITStatus                        0x0800458d   Thumb Code    84  stm32f10x_usart.o(i.USART_GetITStatus)
    USART_ITConfig                           0x080045e1   Thumb Code    74  stm32f10x_usart.o(i.USART_ITConfig)
    USART_Init                               0x0800462d   Thumb Code   210  stm32f10x_usart.o(i.USART_Init)
    USART_ReceiveData                        0x08004705   Thumb Code    10  stm32f10x_usart.o(i.USART_ReceiveData)
    UsageFault_Handler                       0x0800470f   Thumb Code     4  stm32f10x_it.o(i.UsageFault_Handler)
    W25QXX_Erase_Sector                      0x08004715   Thumb Code    70  w25qxx.o(i.W25QXX_Erase_Sector)
    W25QXX_Init                              0x0800476d   Thumb Code    74  w25qxx.o(i.W25QXX_Init)
    W25QXX_Read                              0x080047c5   Thumb Code    74  w25qxx.o(i.W25QXX_Read)
    W25QXX_ReadID                            0x08004815   Thumb Code    64  w25qxx.o(i.W25QXX_ReadID)
    W25QXX_ReadSR                            0x0800485d   Thumb Code    36  w25qxx.o(i.W25QXX_ReadSR)
    W25QXX_Wait_Busy                         0x08004889   Thumb Code    18  w25qxx.o(i.W25QXX_Wait_Busy)
    W25QXX_Write                             0x0800489d   Thumb Code   180  w25qxx.o(i.W25QXX_Write)
    W25QXX_Write_Enable                      0x08004955   Thumb Code    24  w25qxx.o(i.W25QXX_Write_Enable)
    W25QXX_Write_NoCheck                     0x08004975   Thumb Code    70  w25qxx.o(i.W25QXX_Write_NoCheck)
    W25QXX_Write_Page                        0x080049bd   Thumb Code    80  w25qxx.o(i.W25QXX_Write_Page)
    WE_Write                                 0x08004a11   Thumb Code    16  sn76496.o(i.WE_Write)
    WriteDisplayNoClear                      0x08004a25   Thumb Code    46  display.o(i.WriteDisplayNoClear)
    YM2612_Init                              0x08004a59   Thumb Code   228  ym2612.o(i.YM2612_Init)
    YM2612_Reset                             0x08004b51   Thumb Code    34  ym2612.o(i.YM2612_Reset)
    YM2612_Send8BitData                      0x08004b79   Thumb Code   102  ym2612.o(i.YM2612_Send8BitData)
    YM2612_SendDataPins                      0x08004be5   Thumb Code   156  ym2612.o(i.YM2612_SendDataPins)
    _sys_exit                                0x08004c89   Thumb Code     6  usart.o(i._sys_exit)
    clust2sect                               0x08004d67   Thumb Code    26  ff.o(i.clust2sect)
    convert_from_bytes_to_power_of_two       0x08004e11   Thumb Code    18  sdio_sdcard.o(i.convert_from_bytes_to_power_of_two)
    delay_init                               0x08005169   Thumb Code    50  delay.o(i.delay_init)
    delay_ms                                 0x080051ad   Thumb Code    72  delay.o(i.delay_ms)
    delay_us                                 0x080051f9   Thumb Code    72  delay.o(i.delay_us)
    dir_sdi                                  0x08005689   Thumb Code   158  ff.o(i.dir_sdi)
    disk_initialize                          0x08005729   Thumb Code    52  diskio.o(i.disk_initialize)
    disk_ioctl                               0x08005761   Thumb Code   170  diskio.o(i.disk_ioctl)
    disk_read                                0x08005815   Thumb Code   122  diskio.o(i.disk_read)
    disk_status                              0x0800588f   Thumb Code     6  diskio.o(i.disk_status)
    disk_write                               0x08005895   Thumb Code   122  diskio.o(i.disk_write)
    exf_getfree                              0x0800590f   Thumb Code    74  exfuns.o(i.exf_getfree)
    exfuns_init                              0x08005959   Thumb Code   114  exfuns.o(i.exfuns_init)
    f_close                                  0x080059dd   Thumb Code    32  ff.o(i.f_close)
    f_getfree                                0x080059fd   Thumb Code   258  ff.o(i.f_getfree)
    f_lseek                                  0x08005aff   Thumb Code   684  ff.o(i.f_lseek)
    f_mkfs                                   0x08005dad   Thumb Code  1582  ff.o(i.f_mkfs)
    f_mount                                  0x080063f5   Thumb Code    86  ff.o(i.f_mount)
    f_open                                   0x08006451   Thumb Code   384  ff.o(i.f_open)
    f_opendir                                0x080065d1   Thumb Code   136  ff.o(i.f_opendir)
    f_read                                   0x08006659   Thumb Code   432  ff.o(i.f_read)
    f_readdir                                0x08006809   Thumb Code   114  ff.o(i.f_readdir)
    f_setlabel                               0x0800687d   Thumb Code   482  ff.o(i.f_setlabel)
    f_sync                                   0x08006a71   Thumb Code   176  ff.o(i.f_sync)
    ff_convert                               0x08006b21   Thumb Code   190  mycc936.o(i.ff_convert)
    ff_memalloc                              0x08006bed   Thumb Code    14  diskio.o(i.ff_memalloc)
    ff_memfree                               0x08006bfb   Thumb Code    14  diskio.o(i.ff_memfree)
    ff_wtoupper                              0x08006c09   Thumb Code    46  mycc936.o(i.ff_wtoupper)
    fputc                                    0x080070e5   Thumb Code    24  usart.o(i.fputc)
    get_fat                                  0x080071cd   Thumb Code   242  ff.o(i.get_fat)
    get_fattime                              0x080072bf   Thumb Code     4  diskio.o(i.get_fattime)
    i2cm_Start                               0x0800741d   Thumb Code   138  iic.o(i.i2cm_Start)
    i2cm_Stop                                0x080074b1   Thumb Code    44  iic.o(i.i2cm_Stop)
    i2cm_WriteBuff                           0x080074e1   Thumb Code    70  iic.o(i.i2cm_WriteBuff)
    i2cm_init                                0x0800752d   Thumb Code   154  iic.o(i.i2cm_init)
    main                                     0x080075f1   Thumb Code   108  main.o(i.main)
    my_mem_free                              0x08007729   Thumb Code    96  malloc.o(i.my_mem_free)
    my_mem_init                              0x08007795   Thumb Code    54  malloc.o(i.my_mem_init)
    my_mem_malloc                            0x080077d9   Thumb Code   156  malloc.o(i.my_mem_malloc)
    my_mem_perused                           0x08007881   Thumb Code    54  malloc.o(i.my_mem_perused)
    mydelay2                                 0x080078c1   Thumb Code    14  sn76496.o(i.mydelay2)
    myfree                                   0x080078d1   Thumb Code    30  malloc.o(i.myfree)
    mymalloc                                 0x080078f5   Thumb Code    34  malloc.o(i.mymalloc)
    mymemset                                 0x0800791d   Thumb Code    20  malloc.o(i.mymemset)
    proccessVGMCmd                           0x080079a5   Thumb Code   504  main.o(i.proccessVGMCmd)
    put_fat                                  0x08007bb5   Thumb Code   322  ff.o(i.put_fat)
    readBuffer                               0x08007cf9   Thumb Code    22  main.o(i.readBuffer)
    readBuffer16                             0x08007d19   Thumb Code    24  main.o(i.readBuffer16)
    readBuffer32                             0x08007d31   Thumb Code    40  main.o(i.readBuffer32)
    ssd1306_I2C_Init                         0x08007dc5   Thumb Code    14  ssd1306.o(i.ssd1306_I2C_Init)
    ssd1306_I2C_Write                        0x08007ddd   Thumb Code    70  ssd1306.o(i.ssd1306_I2C_Write)
    ssd1306_I2C_WriteMulti                   0x08007e29   Thumb Code    84  ssd1306.o(i.ssd1306_I2C_WriteMulti)
    strcasecmp                               0x08007e91   Thumb Code    64  main.o(i.strcasecmp)
    tolower                                  0x0800800b   Thumb Code    16  main.o(i.tolower)
    uart_init                                0x0800801d   Thumb Code   152  usart.o(i.uart_init)
    memtblsize                               0x080080f4   Data           8  malloc.o(.constdata)
    memblksize                               0x080080fc   Data           8  malloc.o(.constdata)
    memsize                                  0x08008104   Data           8  malloc.o(.constdata)
    Font7x10                                 0x08008506   Data        1900  fonts.o(.constdata)
    Font11x18                                0x08008c72   Data        3420  fonts.o(.constdata)
    Font16x26                                0x080099ce   Data        4940  fonts.o(.constdata)
    Region$$Table$$Base                      0x0800adb0   Number         0  anon$$obj.o(Region$$Table)
    Region$$Table$$Limit                     0x0800add0   Number         0  anon$$obj.o(Region$$Table)
    PCMBuffer                                0x20000000   Data           4  main.o(.data)
    playbackState                            0x20000004   Data           1  main.o(.data)
    fileBufferPointer                        0x20000008   Data           4  main.o(.data)
    waitSamples                              0x2000000c   Data           2  main.o(.data)
    currnetVGMIndex                          0x20000010   Data           4  main.o(.data)
    samplePlaying                            0x20000014   Data           1  main.o(.data)
    pcmBufferPosition                        0x20000018   Data           4  main.o(.data)
    ramPrefetch                              0x2000001c   Data           1  main.o(.data)
    ramPrefetchFlag                          0x2000001d   Data           1  main.o(.data)
    first1klog                               0x20000020   Data           4  main.o(.data)
    curmsgline                               0x20000024   Data           1  main.o(.data)
    curlog                                   0x20000028   Data           4  main.o(.data)
    prevlog                                  0x2000002c   Data           4  main.o(.data)
    currFileIndex                            0x20000030   Data           4  main.o(.data)
    SystemCoreClock                          0x20000034   Data           4  system_stm32f10x.o(.data)
    AHBPrescTable                            0x20000038   Data          16  system_stm32f10x.o(.data)
    __stdout                                 0x2000004c   Data           4  usart.o(.data)
    USART_RX_STA                             0x20000050   Data           2  usart.o(.data)
    psgFrqLowByte                            0x20000066   Data           1  sn76496.o(.data)
    W25QXX_TYPE                              0x20000068   Data           2  w25qxx.o(.data)
    TransferError                            0x20000076   Data           1  sdio_sdcard.o(.data)
    TransferEnd                              0x20000077   Data           1  sdio_sdcard.o(.data)
    tempbuff                                 0x20000078   Data           4  sdio_sdcard.o(.data)
    mallco_dev                               0x20000080   Data          28  malloc.o(.data)
    FLASH_SECTOR_COUNT                       0x200000a6   Data           2  diskio.o(.data)
    UK_FLAG                                  0x200000a8   Data           1  mycc936.o(.data)
    UNIGBK_PATH                              0x200000ac   Data           4  mycc936.o(.data)
    fs                                       0x200000b0   Data           8  exfuns.o(.data)
    file                                     0x200000b8   Data           4  exfuns.o(.data)
    ftemp                                    0x200000bc   Data           4  exfuns.o(.data)
    br                                       0x200000c0   Data           4  exfuns.o(.data)
    bw                                       0x200000c4   Data           4  exfuns.o(.data)
    fatbuf                                   0x200000c8   Data           4  exfuns.o(.data)
    Font_7x10                                0x200000cc   Data           8  fonts.o(.data)
    Font_11x18                               0x200000d4   Data           8  fonts.o(.data)
    Font_16x26                               0x200000dc   Data           8  fonts.o(.data)
    hi2c1                                    0x200000e4   Data           4  ssd1306.o(.data)
    TIM_TimeBaseStructure                    0x200000f0   Data          10  pwm.o(.bss)
    TIM_OCInitStructure                      0x200000fa   Data          16  pwm.o(.bss)
    USART_RX_BUF                             0x2000010a   Data         200  usart.o(.bss)
    W25QXX_BUFFER                            0x200001d2   Data        4096  w25qxx.o(.bss)
    SDIO_InitStructure                       0x200011d8   Data          24  sdio_sdcard.o(.bss)
    SDIO_CmdInitStructure                    0x200011f0   Data          20  sdio_sdcard.o(.bss)
    SDIO_DataInitStructure                   0x20001204   Data          24  sdio_sdcard.o(.bss)
    SDCardInfo                               0x20001240   Data          88  sdio_sdcard.o(.bss)
    SDIO_DATA_BUFFER                         0x20001298   Data         512  sdio_sdcard.o(.bss)
    mem1base                                 0x200014a0   Data       40960  malloc.o(.bss)
    mem1mapbase                              0x2000b4a0   Data        2560  malloc.o(.bss)
    UK_FILE                                  0x2000bea0   Data         552  mycc936.o(.bss)
    fileinfo                                 0x2000c0c8   Data          32  exfuns.o(.bss)
    dir                                      0x2000c0e8   Data          36  exfuns.o(.bss)
    __libspace_start                         0x2000c30c   Data          96  libspace.o(.bss)
    __temporary_stack_top$libspace           0x2000c36c   Data           0  libspace.o(.bss)
    mem2base                                 0x68000000   Data       983040  malloc.o(.ARM.__AT_0x68000000)
    mem2mapbase                              0x680f0000   Data       61440  malloc.o(.ARM.__AT_0x680F0000)



==============================================================================

Memory Map of the image

  Image Entry point : 0x080001e9

  Load Region LR_1 (Base: 0x08000000, Size: 0x0000aec0, Max: 0xffffffff, ABSOLUTE)

    Execution Region ER_RO (Base: 0x08000000, Size: 0x0000add0, Max: 0xffffffff, ABSOLUTE)

    Base Addr    Size         Type   Attr      Idx    E Section Name        Object

    0x08000000   0x00000130   Data   RO          607    RESET               startup_stm32f10x_hd.o
    0x08000130   0x00000008   Code   RO         5101  * !!!main             c_w.l(__main.o)
    0x08000138   0x00000034   Code   RO         5338    !!!scatter          c_w.l(__scatter.o)
    0x0800016c   0x0000001a   Code   RO         5340    !!handler_copy      c_w.l(__scatter_copy.o)
    0x08000186   0x00000002   PAD
    0x08000188   0x0000001c   Code   RO         5342    !!handler_zi        c_w.l(__scatter_zi.o)
    0x080001a4   0x00000000   Code   RO         5081    .ARM.Collect$$_printf_percent$$00000000  c_w.l(_printf_percent.o)
    0x080001a4   0x00000006   Code   RO         5080    .ARM.Collect$$_printf_percent$$00000009  c_w.l(_printf_d.o)
    0x080001aa   0x00000006   Code   RO         5079    .ARM.Collect$$_printf_percent$$0000000C  c_w.l(_printf_x.o)
    0x080001b0   0x00000006   Code   RO         5077    .ARM.Collect$$_printf_percent$$00000013  c_w.l(_printf_c.o)
    0x080001b6   0x00000006   Code   RO         5078    .ARM.Collect$$_printf_percent$$00000014  c_w.l(_printf_s.o)
    0x080001bc   0x00000004   Code   RO         5147    .ARM.Collect$$_printf_percent$$00000017  c_w.l(_printf_percent_end.o)
    0x080001c0   0x00000002   Code   RO         5275    .ARM.Collect$$libinit$$00000000  c_w.l(libinit.o)
    0x080001c2   0x00000000   Code   RO         5153    .ARM.Collect$$libinit$$00000002  c_w.l(libinit2.o)
    0x080001c2   0x00000000   Code   RO         5155    .ARM.Collect$$libinit$$00000004  c_w.l(libinit2.o)
    0x080001c2   0x00000000   Code   RO         5158    .ARM.Collect$$libinit$$0000000A  c_w.l(libinit2.o)
    0x080001c2   0x00000000   Code   RO         5160    .ARM.Collect$$libinit$$0000000C  c_w.l(libinit2.o)
    0x080001c2   0x00000000   Code   RO         5162    .ARM.Collect$$libinit$$0000000E  c_w.l(libinit2.o)
    0x080001c2   0x00000000   Code   RO         5165    .ARM.Collect$$libinit$$00000011  c_w.l(libinit2.o)
    0x080001c2   0x00000000   Code   RO         5167    .ARM.Collect$$libinit$$00000013  c_w.l(libinit2.o)
    0x080001c2   0x00000000   Code   RO         5169    .ARM.Collect$$libinit$$00000015  c_w.l(libinit2.o)
    0x080001c2   0x00000000   Code   RO         5171    .ARM.Collect$$libinit$$00000017  c_w.l(libinit2.o)
    0x080001c2   0x00000000   Code   RO         5173    .ARM.Collect$$libinit$$00000019  c_w.l(libinit2.o)
    0x080001c2   0x00000000   Code   RO         5175    .ARM.Collect$$libinit$$0000001B  c_w.l(libinit2.o)
    0x080001c2   0x00000000   Code   RO         5177    .ARM.Collect$$libinit$$0000001D  c_w.l(libinit2.o)
    0x080001c2   0x00000000   Code   RO         5179    .ARM.Collect$$libinit$$0000001F  c_w.l(libinit2.o)
    0x080001c2   0x00000000   Code   RO         5181    .ARM.Collect$$libinit$$00000021  c_w.l(libinit2.o)
    0x080001c2   0x00000000   Code   RO         5183    .ARM.Collect$$libinit$$00000023  c_w.l(libinit2.o)
    0x080001c2   0x00000000   Code   RO         5185    .ARM.Collect$$libinit$$00000025  c_w.l(libinit2.o)
    0x080001c2   0x00000000   Code   RO         5189    .ARM.Collect$$libinit$$0000002C  c_w.l(libinit2.o)
    0x080001c2   0x00000000   Code   RO         5191    .ARM.Collect$$libinit$$0000002E  c_w.l(libinit2.o)
    0x080001c2   0x00000000   Code   RO         5193    .ARM.Collect$$libinit$$00000030  c_w.l(libinit2.o)
    0x080001c2   0x00000000   Code   RO         5195    .ARM.Collect$$libinit$$00000032  c_w.l(libinit2.o)
    0x080001c2   0x00000002   Code   RO         5196    .ARM.Collect$$libinit$$00000033  c_w.l(libinit2.o)
    0x080001c4   0x00000002   Code   RO         5335    .ARM.Collect$$libshutdown$$00000000  c_w.l(libshutdown.o)
    0x080001c6   0x00000000   Code   RO         5293    .ARM.Collect$$libshutdown$$00000003  c_w.l(libshutdown2.o)
    0x080001c6   0x00000000   Code   RO         5296    .ARM.Collect$$libshutdown$$00000006  c_w.l(libshutdown2.o)
    0x080001c6   0x00000000   Code   RO         5299    .ARM.Collect$$libshutdown$$00000009  c_w.l(libshutdown2.o)
    0x080001c6   0x00000000   Code   RO         5301    .ARM.Collect$$libshutdown$$0000000B  c_w.l(libshutdown2.o)
    0x080001c6   0x00000000   Code   RO         5304    .ARM.Collect$$libshutdown$$0000000E  c_w.l(libshutdown2.o)
    0x080001c6   0x00000002   Code   RO         5305    .ARM.Collect$$libshutdown$$0000000F  c_w.l(libshutdown2.o)
    0x080001c8   0x00000000   Code   RO         5107    .ARM.Collect$$rtentry$$00000000  c_w.l(__rtentry.o)
    0x080001c8   0x00000000   Code   RO         5201    .ARM.Collect$$rtentry$$00000002  c_w.l(__rtentry2.o)
    0x080001c8   0x00000006   Code   RO         5213    .ARM.Collect$$rtentry$$00000004  c_w.l(__rtentry4.o)
    0x080001ce   0x00000000   Code   RO         5203    .ARM.Collect$$rtentry$$00000009  c_w.l(__rtentry2.o)
    0x080001ce   0x00000004   Code   RO         5204    .ARM.Collect$$rtentry$$0000000A  c_w.l(__rtentry2.o)
    0x080001d2   0x00000000   Code   RO         5206    .ARM.Collect$$rtentry$$0000000C  c_w.l(__rtentry2.o)
    0x080001d2   0x00000008   Code   RO         5207    .ARM.Collect$$rtentry$$0000000D  c_w.l(__rtentry2.o)
    0x080001da   0x00000002   Code   RO         5277    .ARM.Collect$$rtexit$$00000000  c_w.l(rtexit.o)
    0x080001dc   0x00000000   Code   RO         5309    .ARM.Collect$$rtexit$$00000002  c_w.l(rtexit2.o)
    0x080001dc   0x00000004   Code   RO         5310    .ARM.Collect$$rtexit$$00000003  c_w.l(rtexit2.o)
    0x080001e0   0x00000006   Code   RO         5311    .ARM.Collect$$rtexit$$00000004  c_w.l(rtexit2.o)
    0x080001e6   0x00000002   PAD
    0x080001e8   0x00000040   Code   RO          608  * .text               startup_stm32f10x_hd.o
    0x08000228   0x00000002   Code   RO         4962    .text               c_w.l(use_no_semi_2.o)
    0x0800022a   0x0000004e   Code   RO         4966    .text               c_w.l(h1_free.o)
    0x08000278   0x00000048   Code   RO         5020    .text               c_w.l(llsdiv.o)
    0x080002c0   0x00000018   Code   RO         5026    .text               c_w.l(noretval__2printf.o)
    0x080002d8   0x00000028   Code   RO         5028    .text               c_w.l(noretval__2sprintf.o)
    0x08000300   0x00000052   Code   RO         5032    .text               c_w.l(_printf_str.o)
    0x08000352   0x00000002   PAD
    0x08000354   0x00000078   Code   RO         5034    .text               c_w.l(_printf_dec.o)
    0x080003cc   0x00000058   Code   RO         5039    .text               c_w.l(_printf_hex_int.o)
    0x08000424   0x000000b8   Code   RO         5060    .text               c_w.l(__printf_ss.o)
    0x080004dc   0x0000003e   Code   RO         5089    .text               c_w.l(strlen.o)
    0x0800051a   0x0000008a   Code   RO         5091    .text               c_w.l(rt_memcpy_v6.o)
    0x080005a4   0x00000010   Code   RO         5093    .text               c_w.l(aeabi_memset.o)
    0x080005b4   0x0000004e   Code   RO         5095    .text               c_w.l(rt_memclr_w.o)
    0x08000602   0x00000006   Code   RO         5099    .text               c_w.l(heapauxi.o)
    0x08000608   0x00000002   Code   RO         5103    .text               c_w.l(use_no_semi.o)
    0x0800060a   0x00000002   PAD
    0x0800060c   0x00000008   Code   RO         5111    .text               c_w.l(rt_heap_descriptor_intlibspace.o)
    0x08000614   0x000000ee   Code   RO         5135    .text               c_w.l(lludivv7m.o)
    0x08000702   0x000000b2   Code   RO         5137    .text               c_w.l(_printf_intcommon.o)
    0x080007b4   0x00000030   Code   RO         5139    .text               c_w.l(_printf_char_common.o)
    0x080007e4   0x0000000a   Code   RO         5141    .text               c_w.l(_sputc.o)
    0x080007ee   0x0000002c   Code   RO         5143    .text               c_w.l(_printf_char.o)
    0x0800081a   0x00000002   PAD
    0x0800081c   0x00000024   Code   RO         5145    .text               c_w.l(_printf_char_file.o)
    0x08000840   0x00000064   Code   RO         5148    .text               c_w.l(rt_memcpy_w.o)
    0x080008a4   0x00000044   Code   RO         5150    .text               c_w.l(rt_memclr.o)
    0x080008e8   0x00000008   Code   RO         5197    .text               c_w.l(libspace.o)
    0x080008f0   0x00000008   Code   RO         5231    .text               c_w.l(ferror.o)
    0x080008f8   0x0000004a   Code   RO         5250    .text               c_w.l(sys_stackheap_outer.o)
    0x08000942   0x0000000c   Code   RO         5260    .text               c_w.l(exit.o)
    0x0800094e   0x00000004   Code   RO          295    i.BusFault_Handler  stm32f10x_it.o
    0x08000952   0x00000030   Code   RO         3781    i.CmdError          sdio_sdcard.o
    0x08000982   0x00000002   PAD
    0x08000984   0x00000060   Code   RO         3782    i.CmdResp1Error     sdio_sdcard.o
    0x080009e4   0x00000054   Code   RO         3783    i.CmdResp2Error     sdio_sdcard.o
    0x08000a38   0x00000038   Code   RO         3784    i.CmdResp3Error     sdio_sdcard.o
    0x08000a70   0x00000090   Code   RO         3785    i.CmdResp6Error     sdio_sdcard.o
    0x08000b00   0x0000004c   Code   RO         3786    i.CmdResp7Error     sdio_sdcard.o
    0x08000b4c   0x00000018   Code   RO         1339    i.DMA_Cmd           stm32f10x_dma.o
    0x08000b64   0x0000014c   Code   RO         1340    i.DMA_DeInit        stm32f10x_dma.o
    0x08000cb0   0x0000003c   Code   RO         1345    i.DMA_Init          stm32f10x_dma.o
    0x08000cec   0x00000002   Code   RO          296    i.DebugMon_Handler  stm32f10x_it.o
    0x08000cee   0x00000002   PAD
    0x08000cf0   0x00000034   Code   RO         1648    i.FSMC_NORSRAMCmd   stm32f10x_fsmc.o
    0x08000d24   0x000000e6   Code   RO         1650    i.FSMC_NORSRAMInit  stm32f10x_fsmc.o
    0x08000e0a   0x00000002   PAD
    0x08000e0c   0x000000c8   Code   RO          548    i.FSMC_SRAM_Init    sram.o
    0x08000ed4   0x00000250   Code   RO         3787    i.FindSCR           sdio_sdcard.o
    0x08001124   0x00000024   Code   RO          392    i.GPIO_Configuration  pwm.o
    0x08001148   0x00000116   Code   RO         1763    i.GPIO_Init         stm32f10x_gpio.o
    0x0800125e   0x00000012   Code   RO         1767    i.GPIO_ReadInputDataBit  stm32f10x_gpio.o
    0x08001270   0x00000004   Code   RO         1771    i.GPIO_SetBits      stm32f10x_gpio.o
    0x08001274   0x0000000a   Code   RO         1774    i.GPIO_WriteBit     stm32f10x_gpio.o
    0x0800127e   0x00000004   Code   RO          297    i.HardFault_Handler  stm32f10x_it.o
    0x08001282   0x0000002a   Code   RO         1874    i.I2C_CheckEvent    stm32f10x_i2c.o
    0x080012ac   0x00000018   Code   RO         1877    i.I2C_Cmd           stm32f10x_i2c.o
    0x080012c4   0x00000038   Code   RO         1880    i.I2C_DeInit        stm32f10x_i2c.o
    0x080012fc   0x00000018   Code   RO         1884    i.I2C_GenerateSTART  stm32f10x_i2c.o
    0x08001314   0x00000018   Code   RO         1885    i.I2C_GenerateSTOP  stm32f10x_i2c.o
    0x0800132c   0x0000003a   Code   RO         1886    i.I2C_GetFlagStatus  stm32f10x_i2c.o
    0x08001366   0x00000002   PAD
    0x08001368   0x000000ec   Code   RO         1891    i.I2C_Init          stm32f10x_i2c.o
    0x08001454   0x00000012   Code   RO         1898    i.I2C_Send7bitAddress  stm32f10x_i2c.o
    0x08001466   0x00000004   Code   RO         1899    i.I2C_SendData      stm32f10x_i2c.o
    0x0800146a   0x00000004   Code   RO          479    i.INTX_DISABLE      sys.o
    0x0800146e   0x00000004   Code   RO          480    i.INTX_ENABLE       sys.o
    0x08001472   0x00000002   PAD
    0x08001474   0x00000010   Code   RO         4913    i.InitDisplay       display.o
    0x08001484   0x0000004c   Code   RO            2    i.InitLED           main.o
    0x080014d0   0x00000054   Code   RO          393    i.InitPWM           pwm.o
    0x08001524   0x00000068   Code   RO          394    i.InitTickTImer     pwm.o
    0x0800158c   0x0000009c   Code   RO         3788    i.IsCardProgramming  sdio_sdcard.o
    0x08001628   0x0000003c   Code   RO         3978    i.KEY_Init          key.o
    0x08001664   0x000000c8   Code   RO         3979    i.KEY_Scan          key.o
    0x0800172c   0x0000033c   Code   RO            3    i.LoadNextFile      main.o
    0x08001a68   0x00000004   Code   RO          298    i.MemManage_Handler  stm32f10x_it.o
    0x08001a6c   0x00000002   Code   RO          299    i.NMI_Handler       stm32f10x_it.o
    0x08001a6e   0x00000002   PAD
    0x08001a70   0x00000070   Code   RO          612    i.NVIC_Init         misc.o
    0x08001ae0   0x00000014   Code   RO          613    i.NVIC_PriorityGroupConfig  misc.o
    0x08001af4   0x00000002   Code   RO          300    i.PendSV_Handler    stm32f10x_it.o
    0x08001af6   0x00000002   PAD
    0x08001af8   0x00000038   Code   RO            4    i.PrintMsg          main.o
    0x08001b30   0x00000020   Code   RO         2178    i.RCC_AHBPeriphClockCmd  stm32f10x_rcc.o
    0x08001b50   0x00000020   Code   RO         2179    i.RCC_APB1PeriphClockCmd  stm32f10x_rcc.o
    0x08001b70   0x00000020   Code   RO         2180    i.RCC_APB1PeriphResetCmd  stm32f10x_rcc.o
    0x08001b90   0x00000020   Code   RO         2181    i.RCC_APB2PeriphClockCmd  stm32f10x_rcc.o
    0x08001bb0   0x00000014   Code   RO          395    i.RCC_Configuration  pwm.o
    0x08001bc4   0x000000d4   Code   RO         2189    i.RCC_GetClocksFreq  stm32f10x_rcc.o
    0x08001c98   0x00000010   Code   RO            5    i.ReadVGMHeader     main.o
    0x08001ca8   0x00000104   Code   RO         3789    i.SDEnWideBus       sdio_sdcard.o
    0x08001dac   0x0000000c   Code   RO         2468    i.SDIO_ClearFlag    stm32f10x_sdio.o
    0x08001db8   0x0000000c   Code   RO         2470    i.SDIO_ClockCmd     stm32f10x_sdio.o
    0x08001dc4   0x00000014   Code   RO         3790    i.SDIO_Clock_Set    sdio_sdcard.o
    0x08001dd8   0x0000000c   Code   RO         2473    i.SDIO_DMACmd       stm32f10x_sdio.o
    0x08001de4   0x00000030   Code   RO         2474    i.SDIO_DataConfig   stm32f10x_sdio.o
    0x08001e14   0x00000024   Code   RO         2476    i.SDIO_DeInit       stm32f10x_sdio.o
    0x08001e38   0x00000018   Code   RO         2480    i.SDIO_GetFlagStatus  stm32f10x_sdio.o
    0x08001e50   0x00000010   Code   RO         2482    i.SDIO_GetPowerState  stm32f10x_sdio.o
    0x08001e60   0x00000008   Code   RO         3791    i.SDIO_IRQHandler   sdio_sdcard.o
    0x08001e68   0x00000030   Code   RO         2485    i.SDIO_Init         stm32f10x_sdio.o
    0x08001e98   0x0000000c   Code   RO         2486    i.SDIO_ReadData     stm32f10x_sdio.o
    0x08001ea4   0x0000002c   Code   RO         2488    i.SDIO_SendCommand  stm32f10x_sdio.o
    0x08001ed0   0x0000001c   Code   RO         2490    i.SDIO_SetPowerState  stm32f10x_sdio.o
    0x08001eec   0x0000000c   Code   RO         2496    i.SDIO_WriteData    stm32f10x_sdio.o
    0x08001ef8   0x00000068   Code   RO         3792    i.SD_DMA_Config     sdio_sdcard.o
    0x08001f60   0x000000a4   Code   RO         3793    i.SD_EnableWideBusOperation  sdio_sdcard.o
    0x08002004   0x00000314   Code   RO         3794    i.SD_GetCardInfo    sdio_sdcard.o
    0x08002318   0x00000214   Code   RO         3796    i.SD_Init           sdio_sdcard.o
    0x0800252c   0x00000154   Code   RO         3797    i.SD_InitializeCards  sdio_sdcard.o
    0x08002680   0x000001dc   Code   RO         3799    i.SD_PowerON        sdio_sdcard.o
    0x0800285c   0x0000013c   Code   RO         3800    i.SD_ProcessIRQSrc  sdio_sdcard.o
    0x08002998   0x00000258   Code   RO         3801    i.SD_ReadBlock      sdio_sdcard.o
    0x08002bf0   0x00000098   Code   RO         3802    i.SD_ReadDisk       sdio_sdcard.o
    0x08002c88   0x000002e8   Code   RO         3803    i.SD_ReadMultiBlocks  sdio_sdcard.o
    0x08002f70   0x00000030   Code   RO         3804    i.SD_SelectDeselect  sdio_sdcard.o
    0x08002fa0   0x00000018   Code   RO         3806    i.SD_SetDeviceMode  sdio_sdcard.o
    0x08002fb8   0x00000374   Code   RO         3807    i.SD_WriteBlock     sdio_sdcard.o
    0x0800332c   0x00000098   Code   RO         3808    i.SD_WriteDisk      sdio_sdcard.o
    0x080033c4   0x000003c0   Code   RO         3809    i.SD_WriteMultiBlocks  sdio_sdcard.o
    0x08003784   0x00000098   Code   RO         3580    i.SN76496_Init      sn76496.o
    0x0800381c   0x00000058   Code   RO         3581    i.SN76496_SendData  sn76496.o
    0x08003874   0x00000094   Code   RO         3583    i.SN76496_Write     sn76496.o
    0x08003908   0x00000094   Code   RO         4694    i.SPI2_Init         spi.o
    0x0800399c   0x00000054   Code   RO         4695    i.SPI2_ReadWriteByte  spi.o
    0x080039f0   0x00000028   Code   RO         4696    i.SPI2_SetSpeed     spi.o
    0x08003a18   0x00000018   Code   RO         2658    i.SPI_Cmd           stm32f10x_spi.o
    0x08003a30   0x00000012   Code   RO         2666    i.SPI_I2S_GetFlagStatus  stm32f10x_spi.o
    0x08003a42   0x00000006   Code   RO         2669    i.SPI_I2S_ReceiveData  stm32f10x_spi.o
    0x08003a48   0x00000004   Code   RO         2670    i.SPI_I2S_SendData  stm32f10x_spi.o
    0x08003a4c   0x0000003c   Code   RO         2671    i.SPI_Init          stm32f10x_spi.o
    0x08003a88   0x000000a0   Code   RO         4745    i.SSD1306_DrawPixel  ssd1306.o
    0x08003b28   0x00000020   Code   RO         4748    i.SSD1306_Fill      ssd1306.o
    0x08003b48   0x0000000c   Code   RO         4749    i.SSD1306_GotoXY    ssd1306.o
    0x08003b54   0x00000154   Code   RO         4750    i.SSD1306_Init      ssd1306.o
    0x08003ca8   0x000000a8   Code   RO         4753    i.SSD1306_Putc      ssd1306.o
    0x08003d50   0x0000002a   Code   RO         4754    i.SSD1306_Puts      ssd1306.o
    0x08003d7a   0x00000002   PAD
    0x08003d7c   0x00000048   Code   RO         4756    i.SSD1306_UpdateScreen  ssd1306.o
    0x08003dc4   0x00000002   Code   RO          301    i.SVC_Handler       stm32f10x_it.o
    0x08003dc6   0x00000002   PAD
    0x08003dc8   0x0000009c   Code   RO            7    i.ScanKeys          main.o
    0x08003e64   0x00000008   Code   RO          358    i.SetSysClock       system_stm32f10x.o
    0x08003e6c   0x000000e0   Code   RO          359    i.SetSysClockTo72   system_stm32f10x.o
    0x08003f4c   0x0000000c   Code   RO            8    i.StartPlayback     main.o
    0x08003f58   0x0000003c   Code   RO            9    i.StopPlayback      main.o
    0x08003f94   0x00000028   Code   RO          616    i.SysTick_CLKSourceConfig  misc.o
    0x08003fbc   0x00000002   Code   RO          302    i.SysTick_Handler   stm32f10x_it.o
    0x08003fbe   0x00000002   PAD
    0x08003fc0   0x00000060   Code   RO          361    i.SystemInit        system_stm32f10x.o
    0x08004020   0x0000006c   Code   RO           10    i.TIM4_IRQHandler   main.o
    0x0800408c   0x00000006   Code   RO         2808    i.TIM_ClearITPendingBit  stm32f10x_tim.o
    0x08004092   0x00000018   Code   RO         2813    i.TIM_Cmd           stm32f10x_tim.o
    0x080040aa   0x00000022   Code   RO         2834    i.TIM_GetITStatus   stm32f10x_tim.o
    0x080040cc   0x00000012   Code   RO         2838    i.TIM_ITConfig      stm32f10x_tim.o
    0x080040de   0x00000002   PAD
    0x080040e0   0x00000098   Code   RO         2842    i.TIM_OC1Init       stm32f10x_tim.o
    0x08004178   0x00000012   Code   RO         2845    i.TIM_OC1PreloadConfig  stm32f10x_tim.o
    0x0800418a   0x00000002   PAD
    0x0800418c   0x000000a4   Code   RO         2884    i.TIM_TimeBaseInit  stm32f10x_tim.o
    0x08004230   0x00000264   Code   RO           11    i.TestSDCard        main.o
    0x08004494   0x00000058   Code   RO           12    i.Tick              main.o
    0x080044ec   0x00000088   Code   RO          507    i.USART1_IRQHandler  usart.o
    0x08004574   0x00000018   Code   RO         3349    i.USART_Cmd         stm32f10x_usart.o
    0x0800458c   0x00000054   Code   RO         3353    i.USART_GetITStatus  stm32f10x_usart.o
    0x080045e0   0x0000004a   Code   RO         3355    i.USART_ITConfig    stm32f10x_usart.o
    0x0800462a   0x00000002   PAD
    0x0800462c   0x000000d8   Code   RO         3356    i.USART_Init        stm32f10x_usart.o
    0x08004704   0x0000000a   Code   RO         3363    i.USART_ReceiveData  stm32f10x_usart.o
    0x0800470e   0x00000004   Code   RO          303    i.UsageFault_Handler  stm32f10x_it.o
    0x08004712   0x00000002   PAD
    0x08004714   0x00000058   Code   RO         3676    i.W25QXX_Erase_Sector  w25qxx.o
    0x0800476c   0x00000058   Code   RO         3677    i.W25QXX_Init       w25qxx.o
    0x080047c4   0x00000050   Code   RO         3679    i.W25QXX_Read       w25qxx.o
    0x08004814   0x00000048   Code   RO         3680    i.W25QXX_ReadID     w25qxx.o
    0x0800485c   0x0000002c   Code   RO         3681    i.W25QXX_ReadSR     w25qxx.o
    0x08004888   0x00000012   Code   RO         3683    i.W25QXX_Wait_Busy  w25qxx.o
    0x0800489a   0x00000002   PAD
    0x0800489c   0x000000b8   Code   RO         3684    i.W25QXX_Write      w25qxx.o
    0x08004954   0x00000020   Code   RO         3686    i.W25QXX_Write_Enable  w25qxx.o
    0x08004974   0x00000046   Code   RO         3687    i.W25QXX_Write_NoCheck  w25qxx.o
    0x080049ba   0x00000002   PAD
    0x080049bc   0x00000054   Code   RO         3688    i.W25QXX_Write_Page  w25qxx.o
    0x08004a10   0x00000014   Code   RO         3584    i.WE_Write          sn76496.o
    0x08004a24   0x00000034   Code   RO         4914    i.WriteDisplayNoClear  display.o
    0x08004a58   0x000000f8   Code   RO         3636    i.YM2612_Init       ym2612.o
    0x08004b50   0x00000028   Code   RO         3638    i.YM2612_Reset      ym2612.o
    0x08004b78   0x0000006c   Code   RO         3639    i.YM2612_Send8BitData  ym2612.o
    0x08004be4   0x000000a4   Code   RO         3640    i.YM2612_SendDataPins  ym2612.o
    0x08004c88   0x00000006   Code   RO          508    i._sys_exit         usart.o
    0x08004c8e   0x00000002   PAD
    0x08004c90   0x00000090   Code   RO         4070    i.check_fs          ff.o
    0x08004d20   0x00000014   Code   RO         4071    i.chk_chr           ff.o
    0x08004d34   0x00000032   Code   RO         4072    i.clmt_clust        ff.o
    0x08004d66   0x0000001a   Code   RO         4073    i.clust2sect        ff.o
    0x08004d80   0x00000090   Code   RO         4074    i.cmp_lfn           ff.o
    0x08004e10   0x00000012   Code   RO         3810    i.convert_from_bytes_to_power_of_two  sdio_sdcard.o
    0x08004e22   0x000000d6   Code   RO         4075    i.create_chain      ff.o
    0x08004ef8   0x00000270   Code   RO         4076    i.create_name       ff.o
    0x08005168   0x00000044   Code   RO          426    i.delay_init        delay.o
    0x080051ac   0x0000004c   Code   RO          427    i.delay_ms          delay.o
    0x080051f8   0x0000004c   Code   RO          428    i.delay_us          delay.o
    0x08005244   0x0000005c   Code   RO         4077    i.dir_alloc         ff.o
    0x080052a0   0x000000ea   Code   RO         4078    i.dir_find          ff.o
    0x0800538a   0x0000010e   Code   RO         4079    i.dir_next          ff.o
    0x08005498   0x000000c6   Code   RO         4080    i.dir_read          ff.o
    0x0800555e   0x0000012a   Code   RO         4081    i.dir_register      ff.o
    0x08005688   0x0000009e   Code   RO         4083    i.dir_sdi           ff.o
    0x08005726   0x00000002   PAD
    0x08005728   0x00000038   Code   RO         4414    i.disk_initialize   diskio.o
    0x08005760   0x000000b4   Code   RO         4415    i.disk_ioctl        diskio.o
    0x08005814   0x0000007a   Code   RO         4416    i.disk_read         diskio.o
    0x0800588e   0x00000006   Code   RO         4417    i.disk_status       diskio.o
    0x08005894   0x0000007a   Code   RO         4418    i.disk_write        diskio.o
    0x0800590e   0x0000004a   Code   RO         4508    i.exf_getfree       exfuns.o
    0x08005958   0x00000084   Code   RO         4509    i.exfuns_init       exfuns.o
    0x080059dc   0x00000020   Code   RO         4085    i.f_close           ff.o
    0x080059fc   0x00000102   Code   RO         4087    i.f_getfree         ff.o
    0x08005afe   0x000002ac   Code   RO         4090    i.f_lseek           ff.o
    0x08005daa   0x00000002   PAD
    0x08005dac   0x00000648   Code   RO         4092    i.f_mkfs            ff.o
    0x080063f4   0x0000005c   Code   RO         4093    i.f_mount           ff.o
    0x08006450   0x00000180   Code   RO         4094    i.f_open            ff.o
    0x080065d0   0x00000088   Code   RO         4095    i.f_opendir         ff.o
    0x08006658   0x000001b0   Code   RO         4099    i.f_read            ff.o
    0x08006808   0x00000072   Code   RO         4100    i.f_readdir         ff.o
    0x0800687a   0x00000002   PAD
    0x0800687c   0x000001f4   Code   RO         4102    i.f_setlabel        ff.o
    0x08006a70   0x000000b0   Code   RO         4104    i.f_sync            ff.o
    0x08006b20   0x000000cc   Code   RO         4483    i.ff_convert        mycc936.o
    0x08006bec   0x0000000e   Code   RO         4419    i.ff_memalloc       diskio.o
    0x08006bfa   0x0000000e   Code   RO         4420    i.ff_memfree        diskio.o
    0x08006c08   0x00000038   Code   RO         4484    i.ff_wtoupper       mycc936.o
    0x08006c40   0x00000394   Code   RO         4109    i.find_volume       ff.o
    0x08006fd4   0x00000080   Code   RO         4110    i.fit_lfn           ff.o
    0x08007054   0x00000090   Code   RO         4111    i.follow_path       ff.o
    0x080070e4   0x0000001c   Code   RO          509    i.fputc             usart.o
    0x08007100   0x000000cc   Code   RO         4112    i.gen_numname       ff.o
    0x080071cc   0x000000f2   Code   RO         4113    i.get_fat           ff.o
    0x080072be   0x00000004   Code   RO         4421    i.get_fattime       diskio.o
    0x080072c2   0x00000110   Code   RO         4114    i.get_fileinfo      ff.o
    0x080073d2   0x0000004a   Code   RO         4115    i.get_ldnumber      ff.o
    0x0800741c   0x00000094   Code   RO         4871    i.i2cm_Start        iic.o
    0x080074b0   0x00000030   Code   RO         4872    i.i2cm_Stop         iic.o
    0x080074e0   0x0000004c   Code   RO         4873    i.i2cm_WriteBuff    iic.o
    0x0800752c   0x000000a4   Code   RO         4874    i.i2cm_init         iic.o
    0x080075d0   0x00000020   Code   RO         4116    i.ld_clust          ff.o
    0x080075f0   0x000000b0   Code   RO           13    i.main              main.o
    0x080076a0   0x00000026   Code   RO         4117    i.mem_cmp           ff.o
    0x080076c6   0x0000001a   Code   RO         4118    i.mem_cpy           ff.o
    0x080076e0   0x00000014   Code   RO         4119    i.mem_set           ff.o
    0x080076f4   0x00000034   Code   RO         4120    i.move_window       ff.o
    0x08007728   0x0000006c   Code   RO         4000    i.my_mem_free       malloc.o
    0x08007794   0x00000044   Code   RO         4001    i.my_mem_init       malloc.o
    0x080077d8   0x000000a8   Code   RO         4002    i.my_mem_malloc     malloc.o
    0x08007880   0x00000040   Code   RO         4003    i.my_mem_perused    malloc.o
    0x080078c0   0x0000000e   Code   RO         3585    i.mydelay2          sn76496.o
    0x080078ce   0x00000002   PAD
    0x080078d0   0x00000024   Code   RO         4004    i.myfree            malloc.o
    0x080078f4   0x00000028   Code   RO         4005    i.mymalloc          malloc.o
    0x0800791c   0x00000014   Code   RO         4007    i.mymemset          malloc.o
    0x08007930   0x00000074   Code   RO         4121    i.pick_lfn          ff.o
    0x080079a4   0x00000210   Code   RO           15    i.proccessVGMCmd    main.o
    0x08007bb4   0x00000142   Code   RO         4122    i.put_fat           ff.o
    0x08007cf6   0x00000002   PAD
    0x08007cf8   0x00000020   Code   RO           16    i.readBuffer        main.o
    0x08007d18   0x00000018   Code   RO           17    i.readBuffer16      main.o
    0x08007d30   0x00000028   Code   RO           18    i.readBuffer32      main.o
    0x08007d58   0x0000006c   Code   RO         4124    i.remove_chain      ff.o
    0x08007dc4   0x00000018   Code   RO         4757    i.ssd1306_I2C_Init  ssd1306.o
    0x08007ddc   0x0000004c   Code   RO         4758    i.ssd1306_I2C_Write  ssd1306.o
    0x08007e28   0x00000058   Code   RO         4759    i.ssd1306_I2C_WriteMulti  ssd1306.o
    0x08007e80   0x00000010   Code   RO         4125    i.st_clust          ff.o
    0x08007e90   0x00000040   Code   RO           19    i.strcasecmp        main.o
    0x08007ed0   0x00000020   Code   RO         4126    i.sum_sfn           ff.o
    0x08007ef0   0x000000c8   Code   RO         4127    i.sync_fs           ff.o
    0x08007fb8   0x00000052   Code   RO         4128    i.sync_window       ff.o
    0x0800800a   0x00000010   Code   RO           21    i.tolower           main.o
    0x0800801a   0x00000002   PAD
    0x0800801c   0x000000a0   Code   RO          510    i.uart_init         usart.o
    0x080080bc   0x00000036   Code   RO         4129    i.validate          ff.o
    0x080080f2   0x00000002   PAD
    0x080080f4   0x00000018   Data   RO         4012    .constdata          malloc.o
    0x0800810c   0x0000003a   Data   RO         4130    .constdata          ff.o
    0x08008146   0x000003c0   Data   RO         4486    .constdata          mycc936.o
    0x08008506   0x00002814   Data   RO         4722    .constdata          fonts.o
    0x0800ad1a   0x00000028   Data   RO         5040    .constdata          c_w.l(_printf_hex_int.o)
    0x0800ad42   0x00000002   PAD
    0x0800ad44   0x0000004d   Data   RO           24    .conststring        main.o
    0x0800ad91   0x00000003   PAD
    0x0800ad94   0x0000001a   Data   RO         4487    .conststring        mycc936.o
    0x0800adae   0x00000002   PAD
    0x0800adb0   0x00000020   Data   RO         5336    Region$$Table       anon$$obj.o


    Execution Region ER_RW (Base: 0x20000000, Size: 0x000000f0, Max: 0xffffffff, ABSOLUTE)

    Base Addr    Size         Type   Attr      Idx    E Section Name        Object

    0x20000000   0x00000034   Data   RW           25    .data               main.o
    0x20000034   0x00000014   Data   RW          362    .data               system_stm32f10x.o
    0x20000048   0x00000004   Data   RW          429    .data               delay.o
    0x2000004c   0x00000006   Data   RW          512    .data               usart.o
    0x20000052   0x00000014   Data   RW         2209    .data               stm32f10x_rcc.o
    0x20000066   0x00000001   Data   RW         3587    .data               sn76496.o
    0x20000067   0x00000001   PAD
    0x20000068   0x00000002   Data   RW         3691    .data               w25qxx.o
    0x2000006a   0x00000002   PAD
    0x2000006c   0x00000010   Data   RW         3812    .data               sdio_sdcard.o
    0x2000007c   0x00000001   Data   RW         3980    .data               key.o
    0x2000007d   0x00000003   PAD
    0x20000080   0x0000001c   Data   RW         4013    .data               malloc.o
    0x2000009c   0x0000000a   Data   RW         4131    .data               ff.o
    0x200000a6   0x00000002   Data   RW         4422    .data               diskio.o
    0x200000a8   0x00000008   Data   RW         4488    .data               mycc936.o
    0x200000b0   0x0000001c   Data   RW         4514    .data               exfuns.o
    0x200000cc   0x00000018   Data   RW         4723    .data               fonts.o
    0x200000e4   0x0000000a   Data   RW         4761    .data               ssd1306.o


    Execution Region ER_ZI (Base: 0x200000f0, Size: 0x0000c880, Max: 0xffffffff, ABSOLUTE)

    Base Addr    Size         Type   Attr      Idx    E Section Name        Object

    0x200000f0   0x0000001a   Zero   RW          396    .bss                pwm.o
    0x2000010a   0x000000c8   Zero   RW          511    .bss                usart.o
    0x200001d2   0x00001000   Zero   RW         3690    .bss                w25qxx.o
    0x200011d2   0x00000006   PAD
    0x200011d8   0x000002c0   Zero   RW         3811    .bss                sdio_sdcard.o
    0x20001498   0x00000008   PAD
    0x200014a0   0x0000aa00   Zero   RW         4011    .bss                malloc.o
    0x2000bea0   0x00000228   Zero   RW         4485    .bss                mycc936.o
    0x2000c0c8   0x00000044   Zero   RW         4511    .bss                exfuns.o
    0x2000c10c   0x00000200   Zero   RW         4760    .bss                ssd1306.o
    0x2000c30c   0x00000060   Zero   RW         5198    .bss                c_w.l(libspace.o)
    0x2000c36c   0x00000004   PAD
    0x2000c370   0x00000200   Zero   RW          606    HEAP                startup_stm32f10x_hd.o
    0x2000c570   0x00000400   Zero   RW          605    STACK               startup_stm32f10x_hd.o



  Load Region LR$$.ARM.__AT_0x68000000 (Base: 0x68000000, Size: 0x00000000, Max: 0x000f0000, ABSOLUTE)

    Execution Region ER$$.ARM.__AT_0x68000000 (Base: 0x68000000, Size: 0x000f0000, Max: 0x000f0000, ABSOLUTE, UNINIT)

    Base Addr    Size         Type   Attr      Idx    E Section Name        Object

    0x68000000   0x000f0000   Zero   RW         4009    .ARM.__AT_0x68000000  malloc.o



  Load Region LR$$.ARM.__AT_0x680F0000 (Base: 0x680f0000, Size: 0x00000000, Max: 0x0000f000, ABSOLUTE)

    Execution Region ER$$.ARM.__AT_0x680F0000 (Base: 0x680f0000, Size: 0x0000f000, Max: 0x0000f000, ABSOLUTE, UNINIT)

    Base Addr    Size         Type   Attr      Idx    E Section Name        Object

    0x680f0000   0x0000f000   Zero   RW         4010    .ARM.__AT_0x680F0000  malloc.o


==============================================================================

Image component sizes


      Code (inc. data)   RO Data    RW Data    ZI Data      Debug   Object Name

       220         26          0          4          0     206403   delay.o
       518         14          0          2          0       5500   diskio.o
        68         12          0          0          0       1576   display.o
       206         18          0         28         68       2240   exfuns.o
      9966        158         58         10          0      39390   ff.o
         0          0      10260         24          0       1167   fonts.o
       436         30          0          0          0       3050   iic.o
       260         20          0          1          0       1090   key.o
      2892        974         77         52          0     310747   main.o
       504         60         24         28    1088000       5829   malloc.o
       172         22          0          0          0       2001   misc.o
       260         24        986          8        552       2133   mycc936.o
       244         24          0          0         26       2267   pwm.o
      7842        836          0         16        704      31850   sdio_sdcard.o
       422         32          0          1          0       2720   sn76496.o
       272         18          0          0          0       1653   spi.o
       200         18          0          0          0        669   sram.o
      1014         56          0         10        512       6568   ssd1306.o
        64         26        304          0       1536        788   startup_stm32f10x_hd.o
       416          8          0          0          0       3366   stm32f10x_dma.o
       282          6          0          0          0       1773   stm32f10x_fsmc.o
       310          0          0          0          0       3615   stm32f10x_gpio.o
       486         20          0          0          0       6967   stm32f10x_i2c.o
        26          0          0          0          0       3586   stm32f10x_it.o
       340         44          0         20          0       5483   stm32f10x_rcc.o
       304         72          0          0          0       7850   stm32f10x_sdio.o
       112          0          0          0          0       3734   stm32f10x_spi.o
       416         62          0          0          0       4751   stm32f10x_tim.o
       408          6          0          0          0       4874   stm32f10x_usart.o
         8          0          0          0          0        841   sys.o
       328         28          0         20          0       2017   system_stm32f10x.o
       330         26          0          6        200       4048   usart.o
       760         70          0          2       4096       6217   w25qxx.o
       560         40          0          0          0       2205   ym2612.o

    ----------------------------------------------------------------------
     30694       2750      11746        240    1095708     688968   Object Totals
         0          0         32          0          0          0   (incl. Generated)
        48          0          5          8         14          0   (incl. Padding)

    ----------------------------------------------------------------------

      Code (inc. data)   RO Data    RW Data    ZI Data      Debug   Library Member Name

         8          0          0          0          0         68   __main.o
       184          0          0          0          0         84   __printf_ss.o
         0          0          0          0          0          0   __rtentry.o
        12          0          0          0          0          0   __rtentry2.o
         6          0          0          0          0          0   __rtentry4.o
        52          8          0          0          0          0   __scatter.o
        26          0          0          0          0          0   __scatter_copy.o
        28          0          0          0          0          0   __scatter_zi.o
         6          0          0          0          0          0   _printf_c.o
        44          0          0          0          0        108   _printf_char.o
        48          6          0          0          0         96   _printf_char_common.o
        36          4          0          0          0         80   _printf_char_file.o
         6          0          0          0          0          0   _printf_d.o
       120         16          0          0          0         92   _printf_dec.o
        88          4         40          0          0         88   _printf_hex_int.o
       178          0          0          0          0         88   _printf_intcommon.o
         0          0          0          0          0          0   _printf_percent.o
         4          0          0          0          0          0   _printf_percent_end.o
         6          0          0          0          0          0   _printf_s.o
        82          0          0          0          0         80   _printf_str.o
         6          0          0          0          0          0   _printf_x.o
        10          0          0          0          0         68   _sputc.o
        16          0          0          0          0         68   aeabi_memset.o
        12          0          0          0          0         72   exit.o
         8          0          0          0          0         68   ferror.o
        78          0          0          0          0         80   h1_free.o
         6          0          0          0          0        152   heapauxi.o
         2          0          0          0          0          0   libinit.o
         2          0          0          0          0          0   libinit2.o
         2          0          0          0          0          0   libshutdown.o
         2          0          0          0          0          0   libshutdown2.o
         8          4          0          0         96         68   libspace.o
        72          0          0          0          0         76   llsdiv.o
       238          0          0          0          0        100   lludivv7m.o
        24          4          0          0          0         84   noretval__2printf.o
        40          6          0          0          0         84   noretval__2sprintf.o
         8          4          0          0          0         68   rt_heap_descriptor_intlibspace.o
        68          0          0          0          0         68   rt_memclr.o
        78          0          0          0          0         80   rt_memclr_w.o
       138          0          0          0          0         68   rt_memcpy_v6.o
       100          0          0          0          0         80   rt_memcpy_w.o
         2          0          0          0          0          0   rtexit.o
        10          0          0          0          0          0   rtexit2.o
        62          0          0          0          0         76   strlen.o
        74          0          0          0          0         80   sys_stackheap_outer.o
         2          0          0          0          0         68   use_no_semi.o
         2          0          0          0          0         68   use_no_semi_2.o

    ----------------------------------------------------------------------
      2014         56         42          0        100       2360   Library Totals
        10          0          2          0          4          0   (incl. Padding)

    ----------------------------------------------------------------------

      Code (inc. data)   RO Data    RW Data    ZI Data      Debug   Library Name

      2004         56         40          0         96       2360   c_w.l

    ----------------------------------------------------------------------
      2014         56         42          0        100       2360   Library Totals

    ----------------------------------------------------------------------

==============================================================================


      Code (inc. data)   RO Data    RW Data    ZI Data      Debug   

     32708       2806      11788        240    1095808     678428   Grand Totals
     32708       2806      11788        240    1095808     678428   ELF Image Totals
     32708       2806      11788        240          0          0   ROM Totals

==============================================================================

    Total RO  Size (Code + RO Data)                44496 (  43.45kB)
    Total RW  Size (RW Data + ZI Data)           1096048 (1070.36kB)
    Total ROM Size (Code + RO Data + RW Data)      44736 (  43.69kB)

==============================================================================

